INSTRUMENTATION_STATUS: class=com.nothatcher.sproutbook.MemoryLeafFlowTest
INSTRUMENTATION_STATUS: current=1
INSTRUMENTATION_STATUS: id=AndroidJUnitRunner
INSTRUMENTATION_STATUS: numtests=1
INSTRUMENTATION_STATUS: stream=
com.nothatcher.sproutbook.MemoryLeafFlowTest:
INSTRUMENTATION_STATUS: test=treeOpensKeepsakeBeforeEditingAndTimelineReopensTheSavedStory
INSTRUMENTATION_STATUS_CODE: 1
INSTRUMENTATION_STATUS: class=com.nothatcher.sproutbook.MemoryLeafFlowTest
INSTRUMENTATION_STATUS: current=1
INSTRUMENTATION_STATUS: id=AndroidJUnitRunner
INSTRUMENTATION_STATUS: numtests=1
INSTRUMENTATION_STATUS: stack=java.lang.AssertionError: Failed to perform checkIsDisplayed check: Expected at most 1 node but found 2 nodes that satisfy (Text + InputText + EditableText contains 'First woodland picnic' (ignoreCase: false))
	at androidx.compose.ui.test.AndroidAssertions_androidKt.checkIsDisplayed(AndroidAssertions.android.kt:35)
	at androidx.compose.ui.test.AssertionsKt.isDisplayed(Assertions.kt:347)
	at androidx.compose.ui.test.AssertionsKt.assertIsDisplayed(Assertions.kt:33)
	at com.nothatcher.sproutbook.MemoryLeafFlowTest.treeOpensKeepsakeBeforeEditingAndTimelineReopensTheSavedStory(MemoryLeafFlowTest.kt:52)

INSTRUMENTATION_STATUS: stream=
Error in treeOpensKeepsakeBeforeEditingAndTimelineReopensTheSavedStory(com.nothatcher.sproutbook.MemoryLeafFlowTest):
java.lang.AssertionError: Failed to perform checkIsDisplayed check: Expected at most 1 node but found 2 nodes that satisfy (Text + InputText + EditableText contains 'First woodland picnic' (ignoreCase: false))
	at androidx.compose.ui.test.AndroidAssertions_androidKt.checkIsDisplayed(AndroidAssertions.android.kt:35)
	at androidx.compose.ui.test.AssertionsKt.isDisplayed(Assertions.kt:347)
	at androidx.compose.ui.test.AssertionsKt.assertIsDisplayed(Assertions.kt:33)
	at com.nothatcher.sproutbook.MemoryLeafFlowTest.treeOpensKeepsakeBeforeEditingAndTimelineReopensTheSavedStory(MemoryLeafFlowTest.kt:52)

INSTRUMENTATION_STATUS: test=treeOpensKeepsakeBeforeEditingAndTimelineReopensTheSavedStory
INSTRUMENTATION_STATUS_CODE: -2
INSTRUMENTATION_RESULT: stream=

Time: 102.344
There was 1 failure:
1) treeOpensKeepsakeBeforeEditingAndTimelineReopensTheSavedStory(com.nothatcher.sproutbook.MemoryLeafFlowTest)
java.lang.AssertionError: Failed to perform checkIsDisplayed check: Expected at most 1 node but found 2 nodes that satisfy (Text + InputText + EditableText contains 'First woodland picnic' (ignoreCase: false))
	at androidx.compose.ui.test.AndroidAssertions_androidKt.checkIsDisplayed(AndroidAssertions.android.kt:35)
	at androidx.compose.ui.test.AssertionsKt.isDisplayed(Assertions.kt:347)
	at androidx.compose.ui.test.AssertionsKt.assertIsDisplayed(Assertions.kt:33)
	at com.nothatcher.sproutbook.MemoryLeafFlowTest.treeOpensKeepsakeBeforeEditingAndTimelineReopensTheSavedStory(MemoryLeafFlowTest.kt:52)

FAILURES!!!
Tests run: 1,  Failures: 1


INSTRUMENTATION_CODE: -1
