INSTRUMENTATION_STATUS: class=com.nothatcher.sproutbook.CareFlowTest
INSTRUMENTATION_STATUS: current=1
INSTRUMENTATION_STATUS: id=AndroidJUnitRunner
INSTRUMENTATION_STATUS: numtests=1
INSTRUMENTATION_STATUS: stream=
com.nothatcher.sproutbook.CareFlowTest:
INSTRUMENTATION_STATUS: test=inventorySaveAdjustAndDelete
INSTRUMENTATION_STATUS_CODE: 1
INSTRUMENTATION_STATUS: class=com.nothatcher.sproutbook.CareFlowTest
INSTRUMENTATION_STATUS: current=1
INSTRUMENTATION_STATUS: id=AndroidJUnitRunner
INSTRUMENTATION_STATUS: numtests=1
INSTRUMENTATION_STATUS: stack=androidx.compose.ui.test.ComposeTimeoutException: Condition still not satisfied after 60000 ms
	at androidx.compose.ui.test.AndroidComposeUiTestEnvironment$AndroidComposeUiTestImpl.waitUntil(ComposeUiTest.android.kt:504)
	at androidx.compose.ui.test.junit4.AndroidComposeTestRule.waitUntil(AndroidComposeTestRule.android.kt:339)
	at com.nothatcher.sproutbook.FlowFixture.awaitDb(FeatureFlowTest.kt:62)
	at com.nothatcher.sproutbook.CareFlowTest.inventorySaveAdjustAndDelete(CareFlowTest.kt:33)

INSTRUMENTATION_STATUS: stream=
Error in inventorySaveAdjustAndDelete(com.nothatcher.sproutbook.CareFlowTest):
androidx.compose.ui.test.ComposeTimeoutException: Condition still not satisfied after 60000 ms
	at androidx.compose.ui.test.AndroidComposeUiTestEnvironment$AndroidComposeUiTestImpl.waitUntil(ComposeUiTest.android.kt:504)
	at androidx.compose.ui.test.junit4.AndroidComposeTestRule.waitUntil(AndroidComposeTestRule.android.kt:339)
	at com.nothatcher.sproutbook.FlowFixture.awaitDb(FeatureFlowTest.kt:62)
	at com.nothatcher.sproutbook.CareFlowTest.inventorySaveAdjustAndDelete(CareFlowTest.kt:33)

INSTRUMENTATION_STATUS: test=inventorySaveAdjustAndDelete
INSTRUMENTATION_STATUS_CODE: -2
INSTRUMENTATION_RESULT: stream=

Time: 155.354
There was 1 failure:
1) inventorySaveAdjustAndDelete(com.nothatcher.sproutbook.CareFlowTest)
androidx.compose.ui.test.ComposeTimeoutException: Condition still not satisfied after 60000 ms
	at androidx.compose.ui.test.AndroidComposeUiTestEnvironment$AndroidComposeUiTestImpl.waitUntil(ComposeUiTest.android.kt:504)
	at androidx.compose.ui.test.junit4.AndroidComposeTestRule.waitUntil(AndroidComposeTestRule.android.kt:339)
	at com.nothatcher.sproutbook.FlowFixture.awaitDb(FeatureFlowTest.kt:62)
	at com.nothatcher.sproutbook.CareFlowTest.inventorySaveAdjustAndDelete(CareFlowTest.kt:33)

FAILURES!!!
Tests run: 1,  Failures: 1


INSTRUMENTATION_CODE: -1
