INSTRUMENTATION_STATUS: class=com.nothatcher.sproutbook.MemoryLeafFlowTest
INSTRUMENTATION_STATUS: current=1
INSTRUMENTATION_STATUS: id=AndroidJUnitRunner
INSTRUMENTATION_STATUS: numtests=16
INSTRUMENTATION_STATUS: stream=
com.nothatcher.sproutbook.MemoryLeafFlowTest:
INSTRUMENTATION_STATUS: test=grandparentCanReadPhotoAndLongStoryAndUseAccessibleOpenWithoutMutation
INSTRUMENTATION_STATUS_CODE: 1
INSTRUMENTATION_STATUS: class=com.nothatcher.sproutbook.MemoryLeafFlowTest
INSTRUMENTATION_STATUS: current=1
INSTRUMENTATION_STATUS: id=AndroidJUnitRunner
INSTRUMENTATION_STATUS: numtests=16
INSTRUMENTATION_STATUS: stream=.
INSTRUMENTATION_STATUS: test=grandparentCanReadPhotoAndLongStoryAndUseAccessibleOpenWithoutMutation
INSTRUMENTATION_STATUS_CODE: 0
INSTRUMENTATION_STATUS: class=com.nothatcher.sproutbook.MemoryLeafFlowTest
INSTRUMENTATION_STATUS: current=2
INSTRUMENTATION_STATUS: id=AndroidJUnitRunner
INSTRUMENTATION_STATUS: numtests=16
INSTRUMENTATION_STATUS: stream=
INSTRUMENTATION_STATUS: test=treeOpensKeepsakeBeforeEditingAndTimelineReopensTheSavedStory
INSTRUMENTATION_STATUS_CODE: 1
INSTRUMENTATION_STATUS: class=com.nothatcher.sproutbook.MemoryLeafFlowTest
INSTRUMENTATION_STATUS: current=2
INSTRUMENTATION_STATUS: id=AndroidJUnitRunner
INSTRUMENTATION_STATUS: numtests=16
INSTRUMENTATION_STATUS: stream=.
INSTRUMENTATION_STATUS: test=treeOpensKeepsakeBeforeEditingAndTimelineReopensTheSavedStory
INSTRUMENTATION_STATUS_CODE: 0
INSTRUMENTATION_STATUS: class=com.nothatcher.sproutbook.MemoryLeafFlowTest
INSTRUMENTATION_STATUS: current=3
INSTRUMENTATION_STATUS: id=AndroidJUnitRunner
INSTRUMENTATION_STATUS: numtests=16
INSTRUMENTATION_STATUS: stream=
INSTRUMENTATION_STATUS: test=enablingGrandparentModeRevokesArrangementAndOpenEditorControls
INSTRUMENTATION_STATUS_CODE: 1
INSTRUMENTATION_STATUS: class=com.nothatcher.sproutbook.MemoryLeafFlowTest
INSTRUMENTATION_STATUS: current=3
INSTRUMENTATION_STATUS: id=AndroidJUnitRunner
INSTRUMENTATION_STATUS: numtests=16
INSTRUMENTATION_STATUS: stream=.
INSTRUMENTATION_STATUS: test=enablingGrandparentModeRevokesArrangementAndOpenEditorControls
INSTRUMENTATION_STATUS_CODE: 0
INSTRUMENTATION_STATUS: class=com.nothatcher.sproutbook.MemoryLeafFlowTest
INSTRUMENTATION_STATUS: current=4
INSTRUMENTATION_STATUS: id=AndroidJUnitRunner
INSTRUMENTATION_STATUS: numtests=16
INSTRUMENTATION_STATUS: stream=
INSTRUMENTATION_STATUS: test=todayLeafDeepLinkSurvivesRecreationAndDismissalStaysDismissed
INSTRUMENTATION_STATUS_CODE: 1
INSTRUMENTATION_STATUS: class=com.nothatcher.sproutbook.MemoryLeafFlowTest
INSTRUMENTATION_STATUS: current=4
INSTRUMENTATION_STATUS: id=AndroidJUnitRunner
INSTRUMENTATION_STATUS: numtests=16
INSTRUMENTATION_STATUS: stream=.
INSTRUMENTATION_STATUS: test=todayLeafDeepLinkSurvivesRecreationAndDismissalStaysDismissed
INSTRUMENTATION_STATUS_CODE: 0
INSTRUMENTATION_STATUS: class=com.nothatcher.sproutbook.CareFlowTest
INSTRUMENTATION_STATUS: current=5
INSTRUMENTATION_STATUS: id=AndroidJUnitRunner
INSTRUMENTATION_STATUS: numtests=16
INSTRUMENTATION_STATUS: stream=
com.nothatcher.sproutbook.CareFlowTest:
INSTRUMENTATION_STATUS: test=pregnancySessionsPersist
INSTRUMENTATION_STATUS_CODE: 1
INSTRUMENTATION_STATUS: class=com.nothatcher.sproutbook.CareFlowTest
INSTRUMENTATION_STATUS: current=5
INSTRUMENTATION_STATUS: id=AndroidJUnitRunner
INSTRUMENTATION_STATUS: numtests=16
INSTRUMENTATION_STATUS: stream=.
INSTRUMENTATION_STATUS: test=pregnancySessionsPersist
INSTRUMENTATION_STATUS_CODE: 0
INSTRUMENTATION_STATUS: class=com.nothatcher.sproutbook.CareFlowTest
INSTRUMENTATION_STATUS: current=6
INSTRUMENTATION_STATUS: id=AndroidJUnitRunner
INSTRUMENTATION_STATUS: numtests=16
INSTRUMENTATION_STATUS: stream=
INSTRUMENTATION_STATUS: test=foodAndMealSave
INSTRUMENTATION_STATUS_CODE: 1
INSTRUMENTATION_STATUS: class=com.nothatcher.sproutbook.CareFlowTest
INSTRUMENTATION_STATUS: current=6
INSTRUMENTATION_STATUS: id=AndroidJUnitRunner
INSTRUMENTATION_STATUS: numtests=16
INSTRUMENTATION_STATUS: stream=.
INSTRUMENTATION_STATUS: test=foodAndMealSave
INSTRUMENTATION_STATUS_CODE: 0
INSTRUMENTATION_STATUS: class=com.nothatcher.sproutbook.CareFlowTest
INSTRUMENTATION_STATUS: current=7
INSTRUMENTATION_STATUS: id=AndroidJUnitRunner
INSTRUMENTATION_STATUS: numtests=16
INSTRUMENTATION_STATUS: stream=
INSTRUMENTATION_STATUS: test=memoryAddTimelineEditDelete
INSTRUMENTATION_STATUS_CODE: 1
INSTRUMENTATION_STATUS: class=com.nothatcher.sproutbook.CareFlowTest
INSTRUMENTATION_STATUS: current=7
INSTRUMENTATION_STATUS: id=AndroidJUnitRunner
INSTRUMENTATION_STATUS: numtests=16
INSTRUMENTATION_STATUS: stream=.
INSTRUMENTATION_STATUS: test=memoryAddTimelineEditDelete
INSTRUMENTATION_STATUS_CODE: 0
INSTRUMENTATION_STATUS: class=com.nothatcher.sproutbook.CareFlowTest
INSTRUMENTATION_STATUS: current=8
INSTRUMENTATION_STATUS: id=AndroidJUnitRunner
INSTRUMENTATION_STATUS: numtests=16
INSTRUMENTATION_STATUS: stream=
INSTRUMENTATION_STATUS: test=inventorySaveAdjustAndDelete
INSTRUMENTATION_STATUS_CODE: 1
INSTRUMENTATION_STATUS: class=com.nothatcher.sproutbook.CareFlowTest
INSTRUMENTATION_STATUS: current=8
INSTRUMENTATION_STATUS: id=AndroidJUnitRunner
INSTRUMENTATION_STATUS: numtests=16
INSTRUMENTATION_STATUS: stack=androidx.compose.ui.test.ComposeTimeoutException: Condition still not satisfied after 60000 ms
	at androidx.compose.ui.test.AndroidComposeUiTestEnvironment$AndroidComposeUiTestImpl.waitUntil(ComposeUiTest.android.kt:504)
	at androidx.compose.ui.test.junit4.AndroidComposeTestRule.waitUntil(AndroidComposeTestRule.android.kt:339)
	at com.nothatcher.sproutbook.FlowFixture.awaitDb(FeatureFlowTest.kt:62)
	at com.nothatcher.sproutbook.CareFlowTest.inventorySaveAdjustAndDelete(CareFlowTest.kt:27)

INSTRUMENTATION_STATUS: stream=
Error in inventorySaveAdjustAndDelete(com.nothatcher.sproutbook.CareFlowTest):
androidx.compose.ui.test.ComposeTimeoutException: Condition still not satisfied after 60000 ms
	at androidx.compose.ui.test.AndroidComposeUiTestEnvironment$AndroidComposeUiTestImpl.waitUntil(ComposeUiTest.android.kt:504)
	at androidx.compose.ui.test.junit4.AndroidComposeTestRule.waitUntil(AndroidComposeTestRule.android.kt:339)
	at com.nothatcher.sproutbook.FlowFixture.awaitDb(FeatureFlowTest.kt:62)
	at com.nothatcher.sproutbook.CareFlowTest.inventorySaveAdjustAndDelete(CareFlowTest.kt:27)

INSTRUMENTATION_STATUS: test=inventorySaveAdjustAndDelete
INSTRUMENTATION_STATUS_CODE: -2
INSTRUMENTATION_STATUS: class=com.nothatcher.sproutbook.GestureTest
INSTRUMENTATION_STATUS: current=9
INSTRUMENTATION_STATUS: id=AndroidJUnitRunner
INSTRUMENTATION_STATUS: numtests=16
INSTRUMENTATION_STATUS: stream=
com.nothatcher.sproutbook.GestureTest:
INSTRUMENTATION_STATUS: test=toothTapOnlyViewsLongPressChanges
INSTRUMENTATION_STATUS_CODE: 1
INSTRUMENTATION_STATUS: class=com.nothatcher.sproutbook.GestureTest
INSTRUMENTATION_STATUS: current=9
INSTRUMENTATION_STATUS: id=AndroidJUnitRunner
INSTRUMENTATION_STATUS: numtests=16
INSTRUMENTATION_STATUS: stream=.
INSTRUMENTATION_STATUS: test=toothTapOnlyViewsLongPressChanges
INSTRUMENTATION_STATUS_CODE: 0
INSTRUMENTATION_STATUS: class=com.nothatcher.sproutbook.GestureTest
INSTRUMENTATION_STATUS: current=10
INSTRUMENTATION_STATUS: id=AndroidJUnitRunner
INSTRUMENTATION_STATUS: numtests=16
INSTRUMENTATION_STATUS: stream=
INSTRUMENTATION_STATUS: test=arrangeLeafSnapsAndScrollDoesNotOpenIt
INSTRUMENTATION_STATUS_CODE: 1
INSTRUMENTATION_STATUS: class=com.nothatcher.sproutbook.GestureTest
INSTRUMENTATION_STATUS: current=10
INSTRUMENTATION_STATUS: id=AndroidJUnitRunner
INSTRUMENTATION_STATUS: numtests=16
INSTRUMENTATION_STATUS: stream=.
INSTRUMENTATION_STATUS: test=arrangeLeafSnapsAndScrollDoesNotOpenIt
INSTRUMENTATION_STATUS_CODE: 0
INSTRUMENTATION_STATUS: class=com.nothatcher.sproutbook.GestureTest
INSTRUMENTATION_STATUS: current=11
INSTRUMENTATION_STATUS: id=AndroidJUnitRunner
INSTRUMENTATION_STATUS: numtests=16
INSTRUMENTATION_STATUS: stream=
INSTRUMENTATION_STATUS: test=longPressDragSnapsToBranch
INSTRUMENTATION_STATUS_CODE: 1
INSTRUMENTATION_STATUS: class=com.nothatcher.sproutbook.GestureTest
INSTRUMENTATION_STATUS: current=11
INSTRUMENTATION_STATUS: id=AndroidJUnitRunner
INSTRUMENTATION_STATUS: numtests=16
INSTRUMENTATION_STATUS: stream=.
INSTRUMENTATION_STATUS: test=longPressDragSnapsToBranch
INSTRUMENTATION_STATUS_CODE: 0
INSTRUMENTATION_STATUS: class=com.nothatcher.sproutbook.GestureTest
INSTRUMENTATION_STATUS: current=12
INSTRUMENTATION_STATUS: id=AndroidJUnitRunner
INSTRUMENTATION_STATUS: numtests=16
INSTRUMENTATION_STATUS: stream=
INSTRUMENTATION_STATUS: test=scrollingAcrossToothNeverChangesOrOpensIt
INSTRUMENTATION_STATUS_CODE: 1
INSTRUMENTATION_STATUS: class=com.nothatcher.sproutbook.GestureTest
INSTRUMENTATION_STATUS: current=12
INSTRUMENTATION_STATUS: id=AndroidJUnitRunner
INSTRUMENTATION_STATUS: numtests=16
INSTRUMENTATION_STATUS: stream=.
INSTRUMENTATION_STATUS: test=scrollingAcrossToothNeverChangesOrOpensIt
INSTRUMENTATION_STATUS_CODE: 0
INSTRUMENTATION_STATUS: class=com.nothatcher.sproutbook.GestureTest
INSTRUMENTATION_STATUS: current=13
INSTRUMENTATION_STATUS: id=AndroidJUnitRunner
INSTRUMENTATION_STATUS: numtests=16
INSTRUMENTATION_STATUS: stream=
INSTRUMENTATION_STATUS: test=calendarLongPressKeepsDate
INSTRUMENTATION_STATUS_CODE: 1
INSTRUMENTATION_STATUS: class=com.nothatcher.sproutbook.GestureTest
INSTRUMENTATION_STATUS: current=13
INSTRUMENTATION_STATUS: id=AndroidJUnitRunner
INSTRUMENTATION_STATUS: numtests=16
INSTRUMENTATION_STATUS: stream=.
INSTRUMENTATION_STATUS: test=calendarLongPressKeepsDate
INSTRUMENTATION_STATUS_CODE: 0
INSTRUMENTATION_STATUS: class=com.nothatcher.sproutbook.TreeAccessibilityTest
INSTRUMENTATION_STATUS: current=14
INSTRUMENTATION_STATUS: id=AndroidJUnitRunner
INSTRUMENTATION_STATUS: numtests=16
INSTRUMENTATION_STATUS: stream=
com.nothatcher.sproutbook.TreeAccessibilityTest:
INSTRUMENTATION_STATUS: test=nativeAccessibilityCanInspectFullCanopyAndArrange
INSTRUMENTATION_STATUS_CODE: 1
INSTRUMENTATION_STATUS: class=com.nothatcher.sproutbook.TreeAccessibilityTest
INSTRUMENTATION_STATUS: current=14
INSTRUMENTATION_STATUS: id=AndroidJUnitRunner
INSTRUMENTATION_STATUS: numtests=16
INSTRUMENTATION_STATUS: stream=.
INSTRUMENTATION_STATUS: test=nativeAccessibilityCanInspectFullCanopyAndArrange
INSTRUMENTATION_STATUS_CODE: 0
INSTRUMENTATION_STATUS: class=com.nothatcher.sproutbook.TreeThemeFlowTest
INSTRUMENTATION_STATUS: current=15
INSTRUMENTATION_STATUS: id=AndroidJUnitRunner
INSTRUMENTATION_STATUS: numtests=16
INSTRUMENTATION_STATUS: stream=
com.nothatcher.sproutbook.TreeThemeFlowTest:
INSTRUMENTATION_STATUS: test=profilePreviewDiscardsDismissedChangesAndSavesOnlyThisChild
INSTRUMENTATION_STATUS_CODE: 1
INSTRUMENTATION_STATUS: class=com.nothatcher.sproutbook.TreeThemeFlowTest
INSTRUMENTATION_STATUS: current=15
INSTRUMENTATION_STATUS: id=AndroidJUnitRunner
INSTRUMENTATION_STATUS: numtests=16
INSTRUMENTATION_STATUS: stream=.
INSTRUMENTATION_STATUS: test=profilePreviewDiscardsDismissedChangesAndSavesOnlyThisChild
INSTRUMENTATION_STATUS_CODE: 0
INSTRUMENTATION_STATUS: class=com.nothatcher.sproutbook.TreeThemeFlowTest
INSTRUMENTATION_STATUS: current=16
INSTRUMENTATION_STATUS: id=AndroidJUnitRunner
INSTRUMENTATION_STATUS: numtests=16
INSTRUMENTATION_STATUS: stream=
INSTRUMENTATION_STATUS: test=newThemeGalleryKeepsMemoryRecordsAndPlacementInLightAndDarkMode
INSTRUMENTATION_STATUS_CODE: 1
INSTRUMENTATION_STATUS: class=com.nothatcher.sproutbook.TreeThemeFlowTest
INSTRUMENTATION_STATUS: current=16
INSTRUMENTATION_STATUS: id=AndroidJUnitRunner
INSTRUMENTATION_STATUS: numtests=16
INSTRUMENTATION_STATUS: stream=.
INSTRUMENTATION_STATUS: test=newThemeGalleryKeepsMemoryRecordsAndPlacementInLightAndDarkMode
INSTRUMENTATION_STATUS_CODE: 0
INSTRUMENTATION_RESULT: stream=

Time: 541.585
There was 1 failure:
1) inventorySaveAdjustAndDelete(com.nothatcher.sproutbook.CareFlowTest)
androidx.compose.ui.test.ComposeTimeoutException: Condition still not satisfied after 60000 ms
	at androidx.compose.ui.test.AndroidComposeUiTestEnvironment$AndroidComposeUiTestImpl.waitUntil(ComposeUiTest.android.kt:504)
	at androidx.compose.ui.test.junit4.AndroidComposeTestRule.waitUntil(AndroidComposeTestRule.android.kt:339)
	at com.nothatcher.sproutbook.FlowFixture.awaitDb(FeatureFlowTest.kt:62)
	at com.nothatcher.sproutbook.CareFlowTest.inventorySaveAdjustAndDelete(CareFlowTest.kt:27)

FAILURES!!!
Tests run: 16,  Failures: 1


INSTRUMENTATION_CODE: -1
