INSTRUMENTATION_STATUS: class=com.nothatcher.sproutbook.MemoryLeafFlowTest
INSTRUMENTATION_STATUS: current=1
INSTRUMENTATION_STATUS: id=AndroidJUnitRunner
INSTRUMENTATION_STATUS: numtests=1
INSTRUMENTATION_STATUS: stream=
com.nothatcher.sproutbook.MemoryLeafFlowTest:
INSTRUMENTATION_STATUS: test=treeOpensKeepsakeBeforeEditingAndTimelineReopensTheSavedStory
INSTRUMENTATION_STATUS_CODE: 1
INSTRUMENTATION_STATUS: class=com.nothatcher.sproutbook.MemoryLeafFlowTest
INSTRUMENTATION_STATUS: current=1
INSTRUMENTATION_STATUS: id=AndroidJUnitRunner
INSTRUMENTATION_STATUS: numtests=1
INSTRUMENTATION_STATUS: stack=android.util.AndroidRuntimeException: Animators may only be run on Looper threads
	at android.animation.ValueAnimator.start(ValueAnimator.java:1044)
	at android.animation.ValueAnimator.start(ValueAnimator.java:1098)
	at android.animation.ObjectAnimator.start(ObjectAnimator.java:852)
	at android.graphics.drawable.RippleForeground.startSoftwareEnter(RippleForeground.java:224)
	at android.graphics.drawable.RippleForeground.enter(RippleForeground.java:303)
	at android.graphics.drawable.RippleDrawable.tryRippleEnter(RippleDrawable.java:576)
	at android.graphics.drawable.RippleDrawable.setRippleActive(RippleDrawable.java:279)
	at android.graphics.drawable.RippleDrawable.onStateChange(RippleDrawable.java:269)
	at android.graphics.drawable.Drawable.setState(Drawable.java:844)
	at androidx.compose.material.ripple.RippleHostView.setRippleState(RippleHostView.android.kt:231)
	at androidx.compose.material.ripple.RippleHostView.addRipple-KOepWvA(RippleHostView.android.kt:155)
	at androidx.compose.material.ripple.AndroidRippleNode.addRipple-12SF9DM(Ripple.android.kt:156)
	at androidx.compose.material.ripple.RippleNode.handlePressInteraction(Ripple.kt:382)
	at androidx.compose.material.ripple.RippleNode.access$handlePressInteraction(Ripple.kt:309)
	at androidx.compose.material.ripple.RippleNode$onAttach$1$1.emit(Ripple.kt:368)
	at androidx.compose.material.ripple.RippleNode$onAttach$1$1.emit(Ripple.kt:364)
	at androidx.compose.material3.internal.MappedInteractionSource$special$$inlined$map$1$2.emit(Emitters.kt:223)
	at kotlinx.coroutines.flow.SharedFlowImpl.collect$suspendImpl(SharedFlow.kt:397)
	at kotlinx.coroutines.flow.SharedFlowImpl$collect$1.invokeSuspend(Unknown Source:15)
	at kotlin.coroutines.jvm.internal.BaseContinuationImpl.resumeWith(ContinuationImpl.kt:33)
	at androidx.compose.ui.test.ApplyingContinuationInterceptor$SendApplyContinuation.resumeWith(ApplyingContinuationInterceptor.kt:52)
	at androidx.compose.ui.test.FrameDeferringContinuationInterceptor$TrampolinedTask.resume(FrameDeferringContinuationInterceptor.jvm.kt:131)
	at androidx.compose.ui.test.FrameDeferringContinuationInterceptor.runWithoutResumingCoroutines(FrameDeferringContinuationInterceptor.jvm.kt:71)
	at androidx.compose.ui.test.TestMonotonicFrameClock.performFrame(TestMonotonicFrameClock.jvm.kt:135)
	at androidx.compose.ui.test.TestMonotonicFrameClock.access$performFrame(TestMonotonicFrameClock.jvm.kt:55)
	at androidx.compose.ui.test.TestMonotonicFrameClock$withFrameNanos$2$1$2.invokeSuspend(TestMonotonicFrameClock.jvm.kt:113)
	at kotlin.coroutines.jvm.internal.BaseContinuationImpl.resumeWith(ContinuationImpl.kt:33)
	at kotlinx.coroutines.internal.DispatchedContinuationKt.resumeCancellableWith(DispatchedContinuation.kt:375)
	at kotlinx.coroutines.intrinsics.CancellableKt.startCoroutineCancellable(Cancellable.kt:26)
	at kotlinx.coroutines.CoroutineStart.invoke(CoroutineStart.kt:358)
	at kotlinx.coroutines.AbstractCoroutine.start(AbstractCoroutine.kt:134)
	at kotlinx.coroutines.BuildersKt__Builders_commonKt.launch(Builders.common.kt:53)
	at kotlinx.coroutines.BuildersKt.launch(Unknown Source:1)
	at kotlinx.coroutines.BuildersKt__Builders_commonKt.launch$default(Builders.common.kt:44)
	at kotlinx.coroutines.BuildersKt.launch$default(Unknown Source:1)
	at androidx.compose.ui.test.TestMonotonicFrameClock.withFrameNanos(TestMonotonicFrameClock.jvm.kt:111)
	at androidx.compose.runtime.Recomposer$runRecomposeAndApplyChanges$2.invokeSuspend(Recomposer.kt:591)
	at kotlin.coroutines.jvm.internal.BaseContinuationImpl.resumeWith(ContinuationImpl.kt:33)
	at androidx.compose.ui.test.ApplyingContinuationInterceptor$SendApplyContinuation.resumeWith(ApplyingContinuationInterceptor.kt:52)
	at androidx.compose.ui.test.FrameDeferringContinuationInterceptor$FrameDeferredContinuation.resumeWith(FrameDeferringContinuationInterceptor.jvm.kt:187)
	at kotlinx.coroutines.DispatchedTaskKt.resume(DispatchedTask.kt:163)
	at kotlinx.coroutines.DispatchedTaskKt.dispatch(DispatchedTask.kt:152)
	at kotlinx.coroutines.CancellableContinuationImpl.dispatchResume(CancellableContinuationImpl.kt:470)
	at kotlinx.coroutines.CancellableContinuationImpl.resumeImpl$kotlinx_coroutines_core(CancellableContinuationImpl.kt:504)
	at kotlinx.coroutines.CancellableContinuationImpl.resumeImpl$kotlinx_coroutines_core$default(CancellableContinuationImpl.kt:493)
	at kotlinx.coroutines.CancellableContinuationImpl.resumeWith(CancellableContinuationImpl.kt:359)
	at androidx.compose.runtime.Recomposer$recompositionRunner$2$unregisterApplyObserver$1.invoke(Recomposer.kt:1062)
	at androidx.compose.runtime.Recomposer$recompositionRunner$2$unregisterApplyObserver$1.invoke(Recomposer.kt:1044)
	at androidx.compose.runtime.snapshots.SnapshotKt.advanceGlobalSnapshot(Snapshot.kt:1982)
	at androidx.compose.runtime.snapshots.SnapshotKt.advanceGlobalSnapshot(Snapshot.kt:1996)
	at androidx.compose.runtime.snapshots.SnapshotKt.access$advanceGlobalSnapshot(Snapshot.kt:1)
	at androidx.compose.runtime.snapshots.Snapshot$Companion.sendApplyNotifications(Snapshot.kt:679)
	at androidx.compose.ui.test.ApplyingContinuationInterceptor$SendApplyContinuation.resumeWith(ApplyingContinuationInterceptor.kt:53)
	at androidx.compose.ui.test.FrameDeferringContinuationInterceptor$FrameDeferredContinuation.resumeWith(FrameDeferringContinuationInterceptor.jvm.kt:187)
	at kotlinx.coroutines.internal.DispatchedContinuationKt.resumeCancellableWith(DispatchedContinuation.kt:279)
	at kotlinx.coroutines.DispatchedCoroutine.afterResume(Builders.common.kt:256)
	at kotlinx.coroutines.AbstractCoroutine.resumeWith(AbstractCoroutine.kt:101)
	at kotlin.coroutines.jvm.internal.BaseContinuationImpl.resumeWith(ContinuationImpl.kt:46)
	at kotlinx.coroutines.DispatchedTask.run(DispatchedTask.kt:100)
	at java.util.concurrent.ThreadPoolExecutor.runWorker(ThreadPoolExecutor.java:1167)
	at java.util.concurrent.ThreadPoolExecutor$Worker.run(ThreadPoolExecutor.java:641)
	at java.lang.Thread.run(Thread.java:919)

INSTRUMENTATION_STATUS: stream=
Error in treeOpensKeepsakeBeforeEditingAndTimelineReopensTheSavedStory(com.nothatcher.sproutbook.MemoryLeafFlowTest):
android.util.AndroidRuntimeException: Animators may only be run on Looper threads
	at android.animation.ValueAnimator.start(ValueAnimator.java:1044)
	at android.animation.ValueAnimator.start(ValueAnimator.java:1098)
	at android.animation.ObjectAnimator.start(ObjectAnimator.java:852)
	at android.graphics.drawable.RippleForeground.startSoftwareEnter(RippleForeground.java:224)
	at android.graphics.drawable.RippleForeground.enter(RippleForeground.java:303)
	at android.graphics.drawable.RippleDrawable.tryRippleEnter(RippleDrawable.java:576)
	at android.graphics.drawable.RippleDrawable.setRippleActive(RippleDrawable.java:279)
	at android.graphics.drawable.RippleDrawable.onStateChange(RippleDrawable.java:269)
	at android.graphics.drawable.Drawable.setState(Drawable.java:844)
	at androidx.compose.material.ripple.RippleHostView.setRippleState(RippleHostView.android.kt:231)
	at androidx.compose.material.ripple.RippleHostView.addRipple-KOepWvA(RippleHostView.android.kt:155)
	at androidx.compose.material.ripple.AndroidRippleNode.addRipple-12SF9DM(Ripple.android.kt:156)
	at androidx.compose.material.ripple.RippleNode.handlePressInteraction(Ripple.kt:382)
	at androidx.compose.material.ripple.RippleNode.access$handlePressInteraction(Ripple.kt:309)
	at androidx.compose.material.ripple.RippleNode$onAttach$1$1.emit(Ripple.kt:368)
	at androidx.compose.material.ripple.RippleNode$onAttach$1$1.emit(Ripple.kt:364)
	at androidx.compose.material3.internal.MappedInteractionSource$special$$inlined$map$1$2.emit(Emitters.kt:223)
	at kotlinx.coroutines.flow.SharedFlowImpl.collect$suspendImpl(SharedFlow.kt:397)
	at kotlinx.coroutines.flow.SharedFlowImpl$collect$1.invokeSuspend(Unknown Source:15)
	at kotlin.coroutines.jvm.internal.BaseContinuationImpl.resumeWith(ContinuationImpl.kt:33)
	at androidx.compose.ui.test.ApplyingContinuationInterceptor$SendApplyContinuation.resumeWith(ApplyingContinuationInterceptor.kt:52)
	at androidx.compose.ui.test.FrameDeferringContinuationInterceptor$TrampolinedTask.resume(FrameDeferringContinuationInterceptor.jvm.kt:131)
	at androidx.compose.ui.test.FrameDeferringContinuationInterceptor.runWithoutResumingCoroutines(FrameDeferringContinuationInterceptor.jvm.kt:71)
	at androidx.compose.ui.test.TestMonotonicFrameClock.performFrame(TestMonotonicFrameClock.jvm.kt:135)
	at androidx.compose.ui.test.TestMonotonicFrameClock.access$performFrame(TestMonotonicFrameClock.jvm.kt:55)
	at androidx.compose.ui.test.TestMonotonicFrameClock$withFrameNanos$2$1$2.invokeSuspend(TestMonotonicFrameClock.jvm.kt:113)
	at kotlin.coroutines.jvm.internal.BaseContinuationImpl.resumeWith(ContinuationImpl.kt:33)
	at kotlinx.coroutines.internal.DispatchedContinuationKt.resumeCancellableWith(DispatchedContinuation.kt:375)
	at kotlinx.coroutines.intrinsics.CancellableKt.startCoroutineCancellable(Cancellable.kt:26)
	at kotlinx.coroutines.CoroutineStart.invoke(CoroutineStart.kt:358)
	at kotlinx.coroutines.AbstractCoroutine.start(AbstractCoroutine.kt:134)
	at kotlinx.coroutines.BuildersKt__Builders_commonKt.launch(Builders.common.kt:53)
	at kotlinx.coroutines.BuildersKt.launch(Unknown Source:1)
	at kotlinx.coroutines.BuildersKt__Builders_commonKt.launch$default(Builders.common.kt:44)
	at kotlinx.coroutines.BuildersKt.launch$default(Unknown Source:1)
	at androidx.compose.ui.test.TestMonotonicFrameClock.withFrameNanos(TestMonotonicFrameClock.jvm.kt:111)
	at androidx.compose.runtime.Recomposer$runRecomposeAndApplyChanges$2.invokeSuspend(Recomposer.kt:591)
	at kotlin.coroutines.jvm.internal.BaseContinuationImpl.resumeWith(ContinuationImpl.kt:33)
	at androidx.compose.ui.test.ApplyingContinuationInterceptor$SendApplyContinuation.resumeWith(ApplyingContinuationInterceptor.kt:52)
	at androidx.compose.ui.test.FrameDeferringContinuationInterceptor$FrameDeferredContinuation.resumeWith(FrameDeferringContinuationInterceptor.jvm.kt:187)
	at kotlinx.coroutines.DispatchedTaskKt.resume(DispatchedTask.kt:163)
	at kotlinx.coroutines.DispatchedTaskKt.dispatch(DispatchedTask.kt:152)
	at kotlinx.coroutines.CancellableContinuationImpl.dispatchResume(CancellableContinuationImpl.kt:470)
	at kotlinx.coroutines.CancellableContinuationImpl.resumeImpl$kotlinx_coroutines_core(CancellableContinuationImpl.kt:504)
	at kotlinx.coroutines.CancellableContinuationImpl.resumeImpl$kotlinx_coroutines_core$default(CancellableContinuationImpl.kt:493)
	at kotlinx.coroutines.CancellableContinuationImpl.resumeWith(CancellableContinuationImpl.kt:359)
	at androidx.compose.runtime.Recomposer$recompositionRunner$2$unregisterApplyObserver$1.invoke(Recomposer.kt:1062)
	at androidx.compose.runtime.Recomposer$recompositionRunner$2$unregisterApplyObserver$1.invoke(Recomposer.kt:1044)
	at androidx.compose.runtime.snapshots.SnapshotKt.advanceGlobalSnapshot(Snapshot.kt:1982)
	at androidx.compose.runtime.snapshots.SnapshotKt.advanceGlobalSnapshot(Snapshot.kt:1996)
	at androidx.compose.runtime.snapshots.SnapshotKt.access$advanceGlobalSnapshot(Snapshot.kt:1)
	at androidx.compose.runtime.snapshots.Snapshot$Companion.sendApplyNotifications(Snapshot.kt:679)
	at androidx.compose.ui.test.ApplyingContinuationInterceptor$SendApplyContinuation.resumeWith(ApplyingContinuationInterceptor.kt:53)
	at androidx.compose.ui.test.FrameDeferringContinuationInterceptor$FrameDeferredContinuation.resumeWith(FrameDeferringContinuationInterceptor.jvm.kt:187)
	at kotlinx.coroutines.internal.DispatchedContinuationKt.resumeCancellableWith(DispatchedContinuation.kt:279)
	at kotlinx.coroutines.DispatchedCoroutine.afterResume(Builders.common.kt:256)
	at kotlinx.coroutines.AbstractCoroutine.resumeWith(AbstractCoroutine.kt:101)
	at kotlin.coroutines.jvm.internal.BaseContinuationImpl.resumeWith(ContinuationImpl.kt:46)
	at kotlinx.coroutines.DispatchedTask.run(DispatchedTask.kt:100)
	at java.util.concurrent.ThreadPoolExecutor.runWorker(ThreadPoolExecutor.java:1167)
	at java.util.concurrent.ThreadPoolExecutor$Worker.run(ThreadPoolExecutor.java:641)
	at java.lang.Thread.run(Thread.java:919)

INSTRUMENTATION_STATUS: test=treeOpensKeepsakeBeforeEditingAndTimelineReopensTheSavedStory
INSTRUMENTATION_STATUS_CODE: -2
INSTRUMENTATION_RESULT: stream=

Time: 39.67
There was 1 failure:
1) treeOpensKeepsakeBeforeEditingAndTimelineReopensTheSavedStory(com.nothatcher.sproutbook.MemoryLeafFlowTest)
android.util.AndroidRuntimeException: Animators may only be run on Looper threads
	at android.animation.ValueAnimator.start(ValueAnimator.java:1044)
	at android.animation.ValueAnimator.start(ValueAnimator.java:1098)
	at android.animation.ObjectAnimator.start(ObjectAnimator.java:852)
	at android.graphics.drawable.RippleForeground.startSoftwareEnter(RippleForeground.java:224)
	at android.graphics.drawable.RippleForeground.enter(RippleForeground.java:303)
	at android.graphics.drawable.RippleDrawable.tryRippleEnter(RippleDrawable.java:576)
	at android.graphics.drawable.RippleDrawable.setRippleActive(RippleDrawable.java:279)
	at android.graphics.drawable.RippleDrawable.onStateChange(RippleDrawable.java:269)
	at android.graphics.drawable.Drawable.setState(Drawable.java:844)
	at androidx.compose.material.ripple.RippleHostView.setRippleState(RippleHostView.android.kt:231)
	at androidx.compose.material.ripple.RippleHostView.addRipple-KOepWvA(RippleHostView.android.kt:155)
	at androidx.compose.material.ripple.AndroidRippleNode.addRipple-12SF9DM(Ripple.android.kt:156)
	at androidx.compose.material.ripple.RippleNode.handlePressInteraction(Ripple.kt:382)
	at androidx.compose.material.ripple.RippleNode.access$handlePressInteraction(Ripple.kt:309)
	at androidx.compose.material.ripple.RippleNode$onAttach$1$1.emit(Ripple.kt:368)
	at androidx.compose.material.ripple.RippleNode$onAttach$1$1.emit(Ripple.kt:364)
	at androidx.compose.material3.internal.MappedInteractionSource$special$$inlined$map$1$2.emit(Emitters.kt:223)
	at kotlinx.coroutines.flow.SharedFlowImpl.collect$suspendImpl(SharedFlow.kt:397)
	at kotlinx.coroutines.flow.SharedFlowImpl$collect$1.invokeSuspend(Unknown Source:15)
	at kotlin.coroutines.jvm.internal.BaseContinuationImpl.resumeWith(ContinuationImpl.kt:33)
	at androidx.compose.ui.test.ApplyingContinuationInterceptor$SendApplyContinuation.resumeWith(ApplyingContinuationInterceptor.kt:52)
	at androidx.compose.ui.test.FrameDeferringContinuationInterceptor$TrampolinedTask.resume(FrameDeferringContinuationInterceptor.jvm.kt:131)
	at androidx.compose.ui.test.FrameDeferringContinuationInterceptor.runWithoutResumingCoroutines(FrameDeferringContinuationInterceptor.jvm.kt:71)
	at androidx.compose.ui.test.TestMonotonicFrameClock.performFrame(TestMonotonicFrameClock.jvm.kt:135)
	at androidx.compose.ui.test.TestMonotonicFrameClock.access$performFrame(TestMonotonicFrameClock.jvm.kt:55)
	at androidx.compose.ui.test.TestMonotonicFrameClock$withFrameNanos$2$1$2.invokeSuspend(TestMonotonicFrameClock.jvm.kt:113)
	at kotlin.coroutines.jvm.internal.BaseContinuationImpl.resumeWith(ContinuationImpl.kt:33)
	at kotlinx.coroutines.internal.DispatchedContinuationKt.resumeCancellableWith(DispatchedContinuation.kt:375)
	at kotlinx.coroutines.intrinsics.CancellableKt.startCoroutineCancellable(Cancellable.kt:26)
	at kotlinx.coroutines.CoroutineStart.invoke(CoroutineStart.kt:358)
	at kotlinx.coroutines.AbstractCoroutine.start(AbstractCoroutine.kt:134)
	at kotlinx.coroutines.BuildersKt__Builders_commonKt.launch(Builders.common.kt:53)
	at kotlinx.coroutines.BuildersKt.launch(Unknown Source:1)
	at kotlinx.coroutines.BuildersKt__Builders_commonKt.launch$default(Builders.common.kt:44)
	at kotlinx.coroutines.BuildersKt.launch$default(Unknown Source:1)
	at androidx.compose.ui.test.TestMonotonicFrameClock.withFrameNanos(TestMonotonicFrameClock.jvm.kt:111)
	at androidx.compose.runtime.Recomposer$runRecomposeAndApplyChanges$2.invokeSuspend(Recomposer.kt:591)
	at kotlin.coroutines.jvm.internal.BaseContinuationImpl.resumeWith(ContinuationImpl.kt:33)
	at androidx.compose.ui.test.ApplyingContinuationInterceptor$SendApplyContinuation.resumeWith(ApplyingContinuationInterceptor.kt:52)
	at androidx.compose.ui.test.FrameDeferringContinuationInterceptor$FrameDeferredContinuation.resumeWith(FrameDeferringContinuationInterceptor.jvm.kt:187)
	at kotlinx.coroutines.DispatchedTaskKt.resume(DispatchedTask.kt:163)
	at kotlinx.coroutines.DispatchedTaskKt.dispatch(DispatchedTask.kt:152)
	at kotlinx.coroutines.CancellableContinuationImpl.dispatchResume(CancellableContinuationImpl.kt:470)
	at kotlinx.coroutines.CancellableContinuationImpl.resumeImpl$kotlinx_coroutines_core(CancellableContinuationImpl.kt:504)
	at kotlinx.coroutines.CancellableContinuationImpl.resumeImpl$kotlinx_coroutines_core$default(CancellableContinuationImpl.kt:493)
	at kotlinx.coroutines.CancellableContinuationImpl.resumeWith(CancellableContinuationImpl.kt:359)
	at androidx.compose.runtime.Recomposer$recompositionRunner$2$unregisterApplyObserver$1.invoke(Recomposer.kt:1062)
	at androidx.compose.runtime.Recomposer$recompositionRunner$2$unregisterApplyObserver$1.invoke(Recomposer.kt:1044)
	at androidx.compose.runtime.snapshots.SnapshotKt.advanceGlobalSnapshot(Snapshot.kt:1982)
	at androidx.compose.runtime.snapshots.SnapshotKt.advanceGlobalSnapshot(Snapshot.kt:1996)
	at androidx.compose.runtime.snapshots.SnapshotKt.access$advanceGlobalSnapshot(Snapshot.kt:1)
	at androidx.compose.runtime.snapshots.Snapshot$Companion.sendApplyNotifications(Snapshot.kt:679)
	at androidx.compose.ui.test.ApplyingContinuationInterceptor$SendApplyContinuation.resumeWith(ApplyingContinuationInterceptor.kt:53)
	at androidx.compose.ui.test.FrameDeferringContinuationInterceptor$FrameDeferredContinuation.resumeWith(FrameDeferringContinuationInterceptor.jvm.kt:187)
	at kotlinx.coroutines.internal.DispatchedContinuationKt.resumeCancellableWith(DispatchedContinuation.kt:279)
	at kotlinx.coroutines.DispatchedCoroutine.afterResume(Builders.common.kt:256)
	at kotlinx.coroutines.AbstractCoroutine.resumeWith(AbstractCoroutine.kt:101)
	at kotlin.coroutines.jvm.internal.BaseContinuationImpl.resumeWith(ContinuationImpl.kt:46)
	at kotlinx.coroutines.DispatchedTask.run(DispatchedTask.kt:100)
	at java.util.concurrent.ThreadPoolExecutor.runWorker(ThreadPoolExecutor.java:1167)
	at java.util.concurrent.ThreadPoolExecutor$Worker.run(ThreadPoolExecutor.java:641)
	at java.lang.Thread.run(Thread.java:919)

FAILURES!!!
Tests run: 1,  Failures: 1


INSTRUMENTATION_CODE: -1
