INSTRUMENTATION_STATUS: class=com.nothatcher.sproutbook.MemoryLeafFlowTest
INSTRUMENTATION_STATUS: current=1
INSTRUMENTATION_STATUS: id=AndroidJUnitRunner
INSTRUMENTATION_STATUS: numtests=1
INSTRUMENTATION_STATUS: stream=
com.nothatcher.sproutbook.MemoryLeafFlowTest:
INSTRUMENTATION_STATUS: test=treeOpensKeepsakeBeforeEditingAndTimelineReopensTheSavedStory
INSTRUMENTATION_STATUS_CODE: 1
INSTRUMENTATION_STATUS: class=com.nothatcher.sproutbook.MemoryLeafFlowTest
INSTRUMENTATION_STATUS: current=1
INSTRUMENTATION_STATUS: id=AndroidJUnitRunner
INSTRUMENTATION_STATUS: numtests=1
INSTRUMENTATION_STATUS: stack=androidx.compose.ui.test.ComposeTimeoutException: Condition still not satisfied after 60000 ms
	at androidx.compose.ui.test.AndroidComposeUiTestEnvironment$AndroidComposeUiTestImpl.waitUntil(ComposeUiTest.android.kt:504)
	at androidx.compose.ui.test.junit4.AndroidComposeTestRule.waitUntil(AndroidComposeTestRule.android.kt:339)
	at com.nothatcher.sproutbook.FlowFixture.waitText(FeatureFlowTest.kt:30)
	at com.nothatcher.sproutbook.FlowFixture.seed(FeatureFlowTest.kt:24)

INSTRUMENTATION_STATUS: stream=
Error in treeOpensKeepsakeBeforeEditingAndTimelineReopensTheSavedStory(com.nothatcher.sproutbook.MemoryLeafFlowTest):
androidx.compose.ui.test.ComposeTimeoutException: Condition still not satisfied after 60000 ms
	at androidx.compose.ui.test.AndroidComposeUiTestEnvironment$AndroidComposeUiTestImpl.waitUntil(ComposeUiTest.android.kt:504)
	at androidx.compose.ui.test.junit4.AndroidComposeTestRule.waitUntil(AndroidComposeTestRule.android.kt:339)
	at com.nothatcher.sproutbook.FlowFixture.waitText(FeatureFlowTest.kt:30)
	at com.nothatcher.sproutbook.FlowFixture.seed(FeatureFlowTest.kt:24)

INSTRUMENTATION_STATUS: test=treeOpensKeepsakeBeforeEditingAndTimelineReopensTheSavedStory
INSTRUMENTATION_STATUS_CODE: -2
INSTRUMENTATION_RESULT: stream=

Time: 92.756
There was 1 failure:
1) treeOpensKeepsakeBeforeEditingAndTimelineReopensTheSavedStory(com.nothatcher.sproutbook.MemoryLeafFlowTest)
androidx.compose.ui.test.ComposeTimeoutException: Condition still not satisfied after 60000 ms
	at androidx.compose.ui.test.AndroidComposeUiTestEnvironment$AndroidComposeUiTestImpl.waitUntil(ComposeUiTest.android.kt:504)
	at androidx.compose.ui.test.junit4.AndroidComposeTestRule.waitUntil(AndroidComposeTestRule.android.kt:339)
	at com.nothatcher.sproutbook.FlowFixture.waitText(FeatureFlowTest.kt:30)
	at com.nothatcher.sproutbook.FlowFixture.seed(FeatureFlowTest.kt:24)

FAILURES!!!
Tests run: 1,  Failures: 1


INSTRUMENTATION_CODE: -1
