locator.click: Timeout 30000ms exceeded.
Call log:
[2m  - waiting for locator('.tooth[data-index="0"]')[22m
[2m    - locator resolved to <button type="button" class="tooth " data-index="0" aria-label="Upper second molar · right, Not seen. Hold to edit.">–</button>[22m
[2m  - attempting click action[22m
[2m    2 × waiting for element to be visible, enabled and stable[22m
[2m      - element is visible, enabled and stable[22m
[2m      - scrolling into view if needed[22m
[2m      - done scrolling[22m
[2m      - <div id="lower-teeth" class="arch lower" aria-label="Lower baby teeth">…</div> intercepts pointer events[22m
[2m    - retrying click action[22m
[2m    - waiting 20ms[22m
[2m    2 × waiting for element to be visible, enabled and stable[22m
[2m      - element is visible, enabled and stable[22m
[2m      - scrolling into view if needed[22m
[2m      - done scrolling[22m
[2m      - <div id="lower-teeth" class="arch lower" aria-label="Lower baby teeth">…</div> intercepts pointer events[22m
[2m    - retrying click action[22m
[2m      - waiting 100ms[22m
[2m    57 × waiting for element to be visible, enabled and stable[22m
[2m       - element is visible, enabled and stable[22m
[2m       - scrolling into view if needed[22m
[2m       - done scrolling[22m
[2m       - <div id="lower-teeth" class="arch lower" aria-label="Lower baby teeth">…</div> intercepts pointer events[22m
[2m     - retrying click action[22m
[2m       - waiting 500ms[22m

    at /workspace/Sproutbook/website/tools/verify-browser.cjs:126:52 {
  log: [
    `  - waiting for locator('.tooth[data-index="0"]')`,
    '    - locator resolved to <button type="button" class="tooth " data-index="0" aria-label="Upper second molar · right, Not seen. Hold to edit.">–</button>',
    '  - attempting click action',
    '    2 × waiting for element to be visible, enabled and stable',
    '      - element is visible, enabled and stable',
    '      - scrolling into view if needed',
    '      - done scrolling',
    '      - <div id="lower-teeth" class="arch lower" aria-label="Lower baby teeth">…</div> intercepts pointer events',
    '    - retrying click action',
    '    - waiting 20ms',
    '    2 × waiting for element to be visible, enabled and stable',
    '      - element is visible, enabled and stable',
    '      - scrolling into view if needed',
    '      - done scrolling',
    '      - <div id="lower-teeth" class="arch lower" aria-label="Lower baby teeth">…</div> intercepts pointer events',
    '    - retrying click action',
    '      - waiting 100ms',
    '    57 × waiting for element to be visible, enabled and stable',
    '       - element is visible, enabled and stable',
    '       - scrolling into view if needed',
    '       - done scrolling',
    '       - <div id="lower-teeth" class="arch lower" aria-label="Lower baby teeth">…</div> intercepts pointer events',
    '     - retrying click action',
    '       - waiting 500ms'
  ],
  name: 'TimeoutError'
}
