INFO         | Android emulator version 37.3.2.0 (build_id 16433917) (CL:N/A)
INFO         | Graphics backend: gfxstream
INFO         | Found systemPath /workspace/sprout-toolchain/android-sdk/system-images/android-29/default/x86_64/
INFO         | Saving last run QEMU version for the AVD to 2
INFO         | Changing default hw.initialOrientation to portrait

INFO         | Increasing RAM size to 2048MB
##############################################################################
##                        WARNING - ACTION REQUIRED                         ##
##  Consider using the '-metrics-collection' flag to help improve the       ##
##  emulator by sending anonymized usage data. Or use the '-no-metrics'     ##
##  flag to bypass this warning and turn off the metrics collection.        ##
##  In a future release this warning will turn into a one-time blocking     ##
##  prompt to ask for explicit user input regarding metrics collection.     ##
##                                                                          ##
##  Please see '-help-metrics-collection' for more details. You can use     ##
##  '-metrics-to-file' or '-metrics-to-console' flags to see what type of   ##
##  data is being collected by emulator as part of usage statistics.        ##
##############################################################################
INFO         | Guest GLES Driver: Auto (ext controls)
INFO         | emuglConfig_init: vulkan_mode_selected:swiftshader gles_mode_selected:swiftshader
WARNING      | FeatureControl is requesting a non existing feature.
INFO         | Checking system compatibility:
INFO         |   Checking: hasSufficientDiskSpace
INFO         |      Ok: Disk space requirements to run avd: `sproutbook-qa` are met
INFO         |   Checking: hasSufficientHwGpu
INFO         |      Ok: Hardware GPU compatibility checks are not required
INFO         |   Checking: hasSufficientSystem
INFO         |      Warning: AVD 'sproutbook-qa' will run more smoothly with 4 CPU cores (currently using 3)
USER_WARNING | AVD 'sproutbook-qa' will run more smoothly with 4 CPU cores (currently using 3).
WARNING      | File System is not ext4, disable QuickbootFileBacked feature
WARNING      | Downloaded protobuf file is corrupt.
WARNING      | x86_64 emulation may not work without hardware acceleration!
WARNING      | FeatureControl is requesting a non existing feature.
ERROR        | Unable to connect to adb daemon on port: 5037
INFO         | Storing crashdata in: /tmp/android-agent/emu-crash-37.3.2.db, detection is enabled for process: 1349
INFO         | Initializing gfxstream backend
INFO         | startOpenglesRendererImpl: gpu info
INFO         | 
INFO         | initIcdPaths: ICD set to 'swiftshader', using Swiftshader ICD
INFO         | Setting ICD filenames for the loader = /workspace/sprout-toolchain/android-sdk/emulator/lib64/vulkan/vk_swiftshader_icd.json
INFO         | SharedLibrary::open for [/workspace/sprout-toolchain/android-sdk/emulator/qemu/linux-x86_64/lib64/vulkan/libvulkan.so]
INFO         | SharedLibrary::open for [/workspace/sprout-toolchain/android-sdk/emulator/qemu/linux-x86_64/lib64/vulkan/libvulkan.so.1]
INFO         | SharedLibrary::open for [/workspace/sprout-toolchain/android-sdk/emulator/lib64/vulkan/libvulkan.so]
INFO         | Added library: /workspace/sprout-toolchain/android-sdk/emulator/lib64/vulkan/libvulkan.so
INFO         | Selecting Vulkan device: SwiftShader Device (Subzero), Version: 1.3.0
INFO         | Using Vulkan externalMemoryMode: OpaqueFd for VkEmulation
INFO         | Format VK_FORMAT_G10X6_B10X6R10X6_2PLANE_422_UNORM_3PACK16 does not support YCbCr sampler conversion
INFO         | SharedLibrary::open for [libX11]
WARNING      | Could not open libX11.so, try libX11.so.6
INFO         | SharedLibrary::open for [libX11.so.6]
INFO         | SharedLibrary::open for [libX11-xcb]
WARNING      | Could not open libX11-xcb.so, try libX11-xcb.so.1
INFO         | SharedLibrary::open for [libX11-xcb.so.1]
INFO         | Initializing VkEmulation features:
INFO         |     glInteropSupported: false
INFO         |     useDeferredCommands: true
INFO         |     createResourceWithRequirements: true
INFO         |     useVulkanComposition: false
INFO         |     useVulkanNativeSwapchain: false
INFO         |     enable guestReWARNING: cannnot unmap ptr 0x7f00ae001000 as it is in the protected range from 0x7f002e000000 to 0x7f00ae200000
nderDoc: false
INFO         |     ASTC LDR emulation mode: Gpu
INFO         |     enable ETC2 emulation: true
INFO         |     enable Ycbcr emulation: false
INFO         |     guestVulkanOnly: false
INFO         |     useDedicatedAllocations: false
INFO         |     guestVulkanMaxApiVersion: 1.3.0
INFO         |     enableProtectedMemoryEmulation: false
INFO         | Graphics Adapter Vendor Google (Google Inc.)
INFO         | Graphics Adapter Android Emulator OpenGL ES Translator (Google SwiftShader)
INFO         | Graphics API Version OpenGL ES 3.0 (OpenGL ES 3.0 SwiftShader 4.0.0.1)
INFO         | Graphics API Extensions GL_OES_EGL_sync GL_OES_EGL_image GL_OES_EGL_image_external GL_OES_depth24 GL_OES_depth32 GL_OES_element_index_uint GL_OES_texture_float GL_OES_texture_float_linear GL_OES_compressed_paletted_texture GL_OES_compressed_ETC1_RGB8_texture GL_OES_depth_texture GL_OES_texture_half_float GL_OES_texture_half_float_linear GL_OES_packed_depth_stencil GL_OES_vertex_half_float GL_OES_standard_derivatives GL_OES_texture_npot GL_OES_rgb8_rgba8 GL_EXT_color_buffer_float GL_EXT_color_buffer_half_float GL_EXT_texture_format_BGRA8888 GL_APPLE_texture_format_BGRA8888 
INFO         | Graphics Device Extensions N/A
INFO         | Disabling sparse binding feature support
INFO         | Userspace boot properties:
INFO         |   android.bootanim=0
INFO         |   android.qemud=1
INFO         |   androidboot.boot_devices=pci0000:00/0000:00:03.0 pci0000:00/0000:00:06.0
INFO         |   androidboot.hardware=ranchu
INFO         |   androidboot.hardware.vulkan=ranchu
INFO         |   androidboot.serialno=EMULATOR37X3X2X0
INFO         |   androidboot.vbmeta.digest=0893f0f3bac935802e7658f39b766acd7344cd0553606784a98cb6a38c2a8629
INFO         |   androidboot.vbmeta.hash_alg=sha256
INFO         |   androidboot.vbmeta.size=4352
INFO         |   qemu=1
INFO         |   qemu.avd_name=sproutbook-qa
INFO         |   qemu.camera_hq_edge_processing=0
INFO         |   qemu.dalvik.vm.heapsize=512m
INFO         |   qemu.encrypt=1
INFO         |   qemu.gles=1
INFO         |   qemu.gltransport=pipe
INFO         |   qemu.gltransport.drawFlushInterval=800
INFO         |   qemu.opengles.version=196608
INFO         |   qemu.settings.system.screen_off_timeout=2147483647
INFO         |   qemu.skin=360x800
INFO         |   qemu.uirenderer=skiagl
INFO         |   qemu.vsync=60
INFO         |   qemu.wifi=1
TCG doesn't support requested feature: CPUID.01H:ECX.avx [bit 28]
TCG doesn't support requested feature: CPUID.01H:ECX.f16c [bit 29]
INFO         | Monitoring duration of emulator setup.
INFO         | Setting display: 0 configuration to: 360x800, dpi: 160x160 
INFO         | setDisplayActiveConfig: id:0, 360x800
INFO         | emulatorSetupEnvironment: Environment scene is not required
USER_INFO    | Emulator is performing a full startup. This may take upto two minutes, or more.
WARNING      | Failed to process .ini file /home/agent/.android/emu-update-last-check.ini for reading.
WARNING      | UpdateCheck: Failure: Error
WARNING      | UpdateCheck: failed to get the latest version, skipping check (current version '37.3.2-16433917')
INFO         | Boot completed in 212081 ms
INFO         | Increasing screen off timeout, logcat buffer size to 2M.
WARNING      | adb command '/workspace/sprout-toolchain/android-sdk/platform-tools/adb -s emulator-5554 shell settings put system accelerometer_rotation 1 ' failed: ''
WARNING      | adb command '/workspace/sprout-toolchain/android-sdk/platform-tools/adb -s emulator-5554 shell settings put system accelerometer_rotation 1 ' failed: 'adb: device 'emulator-5554' not found'
WARNING      | adb command '/workspace/sprout-toolchain/android-sdk/platform-tools/adb -s emulator-5554 shell settings put system accelerometer_rotation 1 ' failed: 'adb: device offline'
WARNING      | adb command '/workspace/sprout-toolchain/android-sdk/platform-tools/adb -s emulator-5554 shell settings put system accelerometer_rotation 1 ' failed: 'adb: device offline'
WARNING      | adb command '/workspace/sprout-toolchain/android-sdk/platform-tools/adb -s emulator-5554 shell settings put system accelerometer_rotation 1 ' failed: 'adb: device offline'
