INSTRUMENTATION_STATUS: class=com.nothatcher.sproutbook.CareFlowTest
INSTRUMENTATION_STATUS: current=1
INSTRUMENTATION_STATUS: id=AndroidJUnitRunner
INSTRUMENTATION_STATUS: numtests=1
INSTRUMENTATION_STATUS: stream=
com.nothatcher.sproutbook.CareFlowTest:
INSTRUMENTATION_STATUS: test=inventorySaveAdjustAndDelete
INSTRUMENTATION_STATUS_CODE: 1
INSTRUMENTATION_STATUS: class=com.nothatcher.sproutbook.CareFlowTest
INSTRUMENTATION_STATUS: current=1
INSTRUMENTATION_STATUS: id=AndroidJUnitRunner
INSTRUMENTATION_STATUS: numtests=1
INSTRUMENTATION_STATUS: stack=java.lang.IllegalStateException: No compose hierarchies found in the app. Possible reasons include: (1) the Activity that calls setContent did not launch; (2) setContent was not called; (3) setContent was called before the ComposeTestRule ran. If setContent is called by the Activity, make sure the Activity is launched after the ComposeTestRule runs
	at androidx.compose.ui.test.TestOwnerKt.getAllSemanticsNodes(TestOwner.kt:82)
	at androidx.compose.ui.test.TestOwnerKt.getAllSemanticsNodes$default(TestOwner.kt:74)
	at androidx.compose.ui.test.SemanticsNodeInteractionCollection.fetchSemanticsNodes(SemanticsNodeInteraction.kt:249)
	at androidx.compose.ui.test.SemanticsNodeInteractionCollection.fetchSemanticsNodes$default(SemanticsNodeInteraction.kt:245)
	at com.nothatcher.sproutbook.FlowFixture.waitText$lambda$1(FeatureFlowTest.kt:31)
	at com.nothatcher.sproutbook.FlowFixture$$ExternalSyntheticLambda0.invoke(D8$$SyntheticClass:0)
	at androidx.compose.ui.test.AndroidComposeUiTestEnvironment$AndroidComposeUiTestImpl.waitUntil(ComposeUiTest.android.kt:497)
	at androidx.compose.ui.test.junit4.AndroidComposeTestRule.waitUntil(AndroidComposeTestRule.android.kt:339)
	at com.nothatcher.sproutbook.FlowFixture.waitText(FeatureFlowTest.kt:30)
	at com.nothatcher.sproutbook.FlowFixture.seed(FeatureFlowTest.kt:24)

INSTRUMENTATION_STATUS: stream=
Error in inventorySaveAdjustAndDelete(com.nothatcher.sproutbook.CareFlowTest):
java.lang.IllegalStateException: No compose hierarchies found in the app. Possible reasons include: (1) the Activity that calls setContent did not launch; (2) setContent was not called; (3) setContent was called before the ComposeTestRule ran. If setContent is called by the Activity, make sure the Activity is launched after the ComposeTestRule runs
	at androidx.compose.ui.test.TestOwnerKt.getAllSemanticsNodes(TestOwner.kt:82)
	at androidx.compose.ui.test.TestOwnerKt.getAllSemanticsNodes$default(TestOwner.kt:74)
	at androidx.compose.ui.test.SemanticsNodeInteractionCollection.fetchSemanticsNodes(SemanticsNodeInteraction.kt:249)
	at androidx.compose.ui.test.SemanticsNodeInteractionCollection.fetchSemanticsNodes$default(SemanticsNodeInteraction.kt:245)
	at com.nothatcher.sproutbook.FlowFixture.waitText$lambda$1(FeatureFlowTest.kt:31)
	at com.nothatcher.sproutbook.FlowFixture$$ExternalSyntheticLambda0.invoke(D8$$SyntheticClass:0)
	at androidx.compose.ui.test.AndroidComposeUiTestEnvironment$AndroidComposeUiTestImpl.waitUntil(ComposeUiTest.android.kt:497)
	at androidx.compose.ui.test.junit4.AndroidComposeTestRule.waitUntil(AndroidComposeTestRule.android.kt:339)
	at com.nothatcher.sproutbook.FlowFixture.waitText(FeatureFlowTest.kt:30)
	at com.nothatcher.sproutbook.FlowFixture.seed(FeatureFlowTest.kt:24)

INSTRUMENTATION_STATUS: test=inventorySaveAdjustAndDelete
INSTRUMENTATION_STATUS_CODE: -2
INSTRUMENTATION_RESULT: stream=

Time: 27.815
There was 1 failure:
1) inventorySaveAdjustAndDelete(com.nothatcher.sproutbook.CareFlowTest)
java.lang.IllegalStateException: No compose hierarchies found in the app. Possible reasons include: (1) the Activity that calls setContent did not launch; (2) setContent was not called; (3) setContent was called before the ComposeTestRule ran. If setContent is called by the Activity, make sure the Activity is launched after the ComposeTestRule runs
	at androidx.compose.ui.test.TestOwnerKt.getAllSemanticsNodes(TestOwner.kt:82)
	at androidx.compose.ui.test.TestOwnerKt.getAllSemanticsNodes$default(TestOwner.kt:74)
	at androidx.compose.ui.test.SemanticsNodeInteractionCollection.fetchSemanticsNodes(SemanticsNodeInteraction.kt:249)
	at androidx.compose.ui.test.SemanticsNodeInteractionCollection.fetchSemanticsNodes$default(SemanticsNodeInteraction.kt:245)
	at com.nothatcher.sproutbook.FlowFixture.waitText$lambda$1(FeatureFlowTest.kt:31)
	at com.nothatcher.sproutbook.FlowFixture$$ExternalSyntheticLambda0.invoke(D8$$SyntheticClass:0)
	at androidx.compose.ui.test.AndroidComposeUiTestEnvironment$AndroidComposeUiTestImpl.waitUntil(ComposeUiTest.android.kt:497)
	at androidx.compose.ui.test.junit4.AndroidComposeTestRule.waitUntil(AndroidComposeTestRule.android.kt:339)
	at com.nothatcher.sproutbook.FlowFixture.waitText(FeatureFlowTest.kt:30)
	at com.nothatcher.sproutbook.FlowFixture.seed(FeatureFlowTest.kt:24)

FAILURES!!!
Tests run: 1,  Failures: 1


INSTRUMENTATION_CODE: -1
