
com.nothatcher.sproutbook.BirthPlanningFlowTest:....
com.nothatcher.sproutbook.GestureTest:..
com.nothatcher.sproutbook.TreeAccessibilityTest:.
com.nothatcher.sproutbook.Native36VisualTest:
Error in birthWishlistAndTreeControlsRemainReachable(com.nothatcher.sproutbook.Native36VisualTest):
java.lang.IllegalArgumentException: performMeasureAndLayout called during measure layout
	at androidx.compose.ui.internal.InlineClassHelperKt.throwIllegalArgumentException(InlineClassHelper.kt:36)
	at androidx.compose.ui.node.MeasureAndLayoutDelegate.measureAndLayout(MeasureAndLayoutDelegate.kt:781)
	at androidx.compose.ui.platform.AndroidComposeView.measureAndLayout(AndroidComposeView.android.kt:1541)
	at androidx.compose.ui.node.Owner.measureAndLayout$default(Owner.kt:252)
	at androidx.compose.ui.platform.AndroidComposeView.measureAndLayoutForTest(AndroidComposeView.android.kt:1622)
	at androidx.compose.ui.test.AndroidComposeUiTestEnvironment$1.invoke(ComposeUiTest.android.kt:283)
	at androidx.compose.ui.test.AndroidComposeUiTestEnvironment$1.invoke(ComposeUiTest.android.kt:281)
	at androidx.compose.ui.test.TestMonotonicFrameClock$performFrame$1.invoke(TestMonotonicFrameClock.jvm.kt:156)
	at androidx.compose.ui.test.TestMonotonicFrameClock$performFrame$1.invoke(TestMonotonicFrameClock.jvm.kt:135)
	at androidx.compose.ui.test.FrameDeferringContinuationInterceptor.runWithoutResumingCoroutines(FrameDeferringContinuationInterceptor.jvm.kt:59)
	at androidx.compose.ui.test.TestMonotonicFrameClock.performFrame(TestMonotonicFrameClock.jvm.kt:135)
	at androidx.compose.ui.test.TestMonotonicFrameClock.access$performFrame(TestMonotonicFrameClock.jvm.kt:55)
	at androidx.compose.ui.test.TestMonotonicFrameClock$withFrameNanos$2$1$2.invokeSuspend(TestMonotonicFrameClock.jvm.kt:113)
	at kotlin.coroutines.jvm.internal.BaseContinuationImpl.resumeWith(ContinuationImpl.kt:33)
	at kotlinx.coroutines.internal.DispatchedContinuationKt.resumeCancellableWith(DispatchedContinuation.kt:375)
	at kotlinx.coroutines.intrinsics.CancellableKt.startCoroutineCancellable(Cancellable.kt:26)
	at kotlinx.coroutines.CoroutineStart.invoke(CoroutineStart.kt:358)
	at kotlinx.coroutines.AbstractCoroutine.start(AbstractCoroutine.kt:134)
	at kotlinx.coroutines.BuildersKt__Builders_commonKt.launch(Builders.common.kt:53)
	at kotlinx.coroutines.BuildersKt.launch(Unknown Source:1)
	at kotlinx.coroutines.BuildersKt__Builders_commonKt.launch$default(Builders.common.kt:44)
	at kotlinx.coroutines.BuildersKt.launch$default(Unknown Source:1)
	at androidx.compose.ui.test.TestMonotonicFrameClock.withFrameNanos(TestMonotonicFrameClock.jvm.kt:111)
	at androidx.compose.runtime.Recomposer$runRecomposeAndApplyChanges$2.invokeSuspend(Recomposer.kt:591)
	at kotlin.coroutines.jvm.internal.BaseContinuationImpl.resumeWith(ContinuationImpl.kt:33)
	at androidx.compose.ui.test.ApplyingContinuationInterceptor$SendApplyContinuation.resumeWith(ApplyingContinuationInterceptor.kt:52)
	at androidx.compose.ui.test.FrameDeferringContinuationInterceptor$FrameDeferredContinuation.resumeWith(FrameDeferringContinuationInterceptor.jvm.kt:187)
	at kotlinx.coroutines.DispatchedTaskKt.resume(DispatchedTask.kt:163)
	at kotlinx.coroutines.DispatchedTaskKt.dispatch(DispatchedTask.kt:152)
	at kotlinx.coroutines.CancellableContinuationImpl.dispatchResume(CancellableContinuationImpl.kt:470)
	at kotlinx.coroutines.CancellableContinuationImpl.resumeImpl$kotlinx_coroutines_core(CancellableContinuationImpl.kt:504)
	at kotlinx.coroutines.CancellableContinuationImpl.resumeImpl$kotlinx_coroutines_core$default(CancellableContinuationImpl.kt:493)
	at kotlinx.coroutines.CancellableContinuationImpl.resumeWith(CancellableContinuationImpl.kt:359)
	at androidx.compose.runtime.Recomposer$recompositionRunner$2$unregisterApplyObserver$1.invoke(Recomposer.kt:1062)
	at androidx.compose.runtime.Recomposer$recompositionRunner$2$unregisterApplyObserver$1.invoke(Recomposer.kt:1044)
	at androidx.compose.runtime.snapshots.SnapshotKt.advanceGlobalSnapshot(Snapshot.kt:1982)
	at androidx.compose.runtime.snapshots.SnapshotKt.advanceGlobalSnapshot(Snapshot.kt:1996)
	at androidx.compose.runtime.snapshots.SnapshotKt.access$advanceGlobalSnapshot(Snapshot.kt:1)
	at androidx.compose.runtime.snapshots.Snapshot$Companion.sendApplyNotifications(Snapshot.kt:679)
	at androidx.compose.ui.test.ApplyingContinuationInterceptor$SendApplyContinuation.resumeWith(ApplyingContinuationInterceptor.kt:53)
	at androidx.compose.ui.test.FrameDeferringContinuationInterceptor$FrameDeferredContinuation.resumeWith(FrameDeferringContinuationInterceptor.jvm.kt:187)
	at kotlinx.coroutines.internal.DispatchedContinuationKt.resumeCancellableWith(DispatchedContinuation.kt:279)
	at kotlinx.coroutines.DispatchedCoroutine.afterResume(Builders.common.kt:256)
	at kotlinx.coroutines.AbstractCoroutine.resumeWith(AbstractCoroutine.kt:101)
	at kotlin.coroutines.jvm.internal.BaseContinuationImpl.resumeWith(ContinuationImpl.kt:46)
	at kotlinx.coroutines.DispatchedTask.run(DispatchedTask.kt:100)
	at java.util.concurrent.ThreadPoolExecutor.runWorker(ThreadPoolExecutor.java:1167)
	at java.util.concurrent.ThreadPoolExecutor$Worker.run(ThreadPoolExecutor.java:641)
	at java.lang.Thread.run(Thread.java:919)


Time: 293.86
There was 1 failure:
1) birthWishlistAndTreeControlsRemainReachable(com.nothatcher.sproutbook.Native36VisualTest)
java.lang.IllegalArgumentException: performMeasureAndLayout called during measure layout
	at androidx.compose.ui.internal.InlineClassHelperKt.throwIllegalArgumentException(InlineClassHelper.kt:36)
	at androidx.compose.ui.node.MeasureAndLayoutDelegate.measureAndLayout(MeasureAndLayoutDelegate.kt:781)
	at androidx.compose.ui.platform.AndroidComposeView.measureAndLayout(AndroidComposeView.android.kt:1541)
	at androidx.compose.ui.node.Owner.measureAndLayout$default(Owner.kt:252)
	at androidx.compose.ui.platform.AndroidComposeView.measureAndLayoutForTest(AndroidComposeView.android.kt:1622)
	at androidx.compose.ui.test.AndroidComposeUiTestEnvironment$1.invoke(ComposeUiTest.android.kt:283)
	at androidx.compose.ui.test.AndroidComposeUiTestEnvironment$1.invoke(ComposeUiTest.android.kt:281)
	at androidx.compose.ui.test.TestMonotonicFrameClock$performFrame$1.invoke(TestMonotonicFrameClock.jvm.kt:156)
	at androidx.compose.ui.test.TestMonotonicFrameClock$performFrame$1.invoke(TestMonotonicFrameClock.jvm.kt:135)
	at androidx.compose.ui.test.FrameDeferringContinuationInterceptor.runWithoutResumingCoroutines(FrameDeferringContinuationInterceptor.jvm.kt:59)
	at androidx.compose.ui.test.TestMonotonicFrameClock.performFrame(TestMonotonicFrameClock.jvm.kt:135)
	at androidx.compose.ui.test.TestMonotonicFrameClock.access$performFrame(TestMonotonicFrameClock.jvm.kt:55)
	at androidx.compose.ui.test.TestMonotonicFrameClock$withFrameNanos$2$1$2.invokeSuspend(TestMonotonicFrameClock.jvm.kt:113)
	at kotlin.coroutines.jvm.internal.BaseContinuationImpl.resumeWith(ContinuationImpl.kt:33)
	at kotlinx.coroutines.internal.DispatchedContinuationKt.resumeCancellableWith(DispatchedContinuation.kt:375)
	at kotlinx.coroutines.intrinsics.CancellableKt.startCoroutineCancellable(Cancellable.kt:26)
	at kotlinx.coroutines.CoroutineStart.invoke(CoroutineStart.kt:358)
	at kotlinx.coroutines.AbstractCoroutine.start(AbstractCoroutine.kt:134)
	at kotlinx.coroutines.BuildersKt__Builders_commonKt.launch(Builders.common.kt:53)
	at kotlinx.coroutines.BuildersKt.launch(Unknown Source:1)
	at kotlinx.coroutines.BuildersKt__Builders_commonKt.launch$default(Builders.common.kt:44)
	at kotlinx.coroutines.BuildersKt.launch$default(Unknown Source:1)
	at androidx.compose.ui.test.TestMonotonicFrameClock.withFrameNanos(TestMonotonicFrameClock.jvm.kt:111)
	at androidx.compose.runtime.Recomposer$runRecomposeAndApplyChanges$2.invokeSuspend(Recomposer.kt:591)
	at kotlin.coroutines.jvm.internal.BaseContinuationImpl.resumeWith(ContinuationImpl.kt:33)
	at androidx.compose.ui.test.ApplyingContinuationInterceptor$SendApplyContinuation.resumeWith(ApplyingContinuationInterceptor.kt:52)
	at androidx.compose.ui.test.FrameDeferringContinuationInterceptor$FrameDeferredContinuation.resumeWith(FrameDeferringContinuationInterceptor.jvm.kt:187)
	at kotlinx.coroutines.DispatchedTaskKt.resume(DispatchedTask.kt:163)
	at kotlinx.coroutines.DispatchedTaskKt.dispatch(DispatchedTask.kt:152)
	at kotlinx.coroutines.CancellableContinuationImpl.dispatchResume(CancellableContinuationImpl.kt:470)
	at kotlinx.coroutines.CancellableContinuationImpl.resumeImpl$kotlinx_coroutines_core(CancellableContinuationImpl.kt:504)
	at kotlinx.coroutines.CancellableContinuationImpl.resumeImpl$kotlinx_coroutines_core$default(CancellableContinuationImpl.kt:493)
	at kotlinx.coroutines.CancellableContinuationImpl.resumeWith(CancellableContinuationImpl.kt:359)
	at androidx.compose.runtime.Recomposer$recompositionRunner$2$unregisterApplyObserver$1.invoke(Recomposer.kt:1062)
	at androidx.compose.runtime.Recomposer$recompositionRunner$2$unregisterApplyObserver$1.invoke(Recomposer.kt:1044)
	at androidx.compose.runtime.snapshots.SnapshotKt.advanceGlobalSnapshot(Snapshot.kt:1982)
	at androidx.compose.runtime.snapshots.SnapshotKt.advanceGlobalSnapshot(Snapshot.kt:1996)
	at androidx.compose.runtime.snapshots.SnapshotKt.access$advanceGlobalSnapshot(Snapshot.kt:1)
	at androidx.compose.runtime.snapshots.Snapshot$Companion.sendApplyNotifications(Snapshot.kt:679)
	at androidx.compose.ui.test.ApplyingContinuationInterceptor$SendApplyContinuation.resumeWith(ApplyingContinuationInterceptor.kt:53)
	at androidx.compose.ui.test.FrameDeferringContinuationInterceptor$FrameDeferredContinuation.resumeWith(FrameDeferringContinuationInterceptor.jvm.kt:187)
	at kotlinx.coroutines.internal.DispatchedContinuationKt.resumeCancellableWith(DispatchedContinuation.kt:279)
	at kotlinx.coroutines.DispatchedCoroutine.afterResume(Builders.common.kt:256)
	at kotlinx.coroutines.AbstractCoroutine.resumeWith(AbstractCoroutine.kt:101)
	at kotlin.coroutines.jvm.internal.BaseContinuationImpl.resumeWith(ContinuationImpl.kt:46)
	at kotlinx.coroutines.DispatchedTask.run(DispatchedTask.kt:100)
	at java.util.concurrent.ThreadPoolExecutor.runWorker(ThreadPoolExecutor.java:1167)
	at java.util.concurrent.ThreadPoolExecutor$Worker.run(ThreadPoolExecutor.java:641)
	at java.lang.Thread.run(Thread.java:919)

FAILURES!!!
Tests run: 8,  Failures: 1


