INSTRUMENTATION_STATUS: class=com.nothatcher.sproutbook.BirthPlanningFlowTest
INSTRUMENTATION_STATUS: current=1
INSTRUMENTATION_STATUS: id=AndroidJUnitRunner
INSTRUMENTATION_STATUS: numtests=15
INSTRUMENTATION_STATUS: stream=
com.nothatcher.sproutbook.BirthPlanningFlowTest:
INSTRUMENTATION_STATUS: test=checklistEditsCustomItemsAndSeparateGuidesPersist
INSTRUMENTATION_STATUS_CODE: 1
INSTRUMENTATION_STATUS: class=com.nothatcher.sproutbook.BirthPlanningFlowTest
INSTRUMENTATION_STATUS: current=1
INSTRUMENTATION_STATUS: id=AndroidJUnitRunner
INSTRUMENTATION_STATUS: numtests=15
INSTRUMENTATION_STATUS: stream=.
INSTRUMENTATION_STATUS: test=checklistEditsCustomItemsAndSeparateGuidesPersist
INSTRUMENTATION_STATUS_CODE: 0
INSTRUMENTATION_STATUS: class=com.nothatcher.sproutbook.BirthPlanningFlowTest
INSTRUMENTATION_STATUS: current=2
INSTRUMENTATION_STATUS: id=AndroidJUnitRunner
INSTRUMENTATION_STATUS: numtests=15
INSTRUMENTATION_STATUS: stream=
INSTRUMENTATION_STATUS: test=birthPlanningIsReachableFromPregnancy
INSTRUMENTATION_STATUS_CODE: 1
INSTRUMENTATION_STATUS: class=com.nothatcher.sproutbook.BirthPlanningFlowTest
INSTRUMENTATION_STATUS: current=2
INSTRUMENTATION_STATUS: id=AndroidJUnitRunner
INSTRUMENTATION_STATUS: numtests=15
INSTRUMENTATION_STATUS: stream=.
INSTRUMENTATION_STATUS: test=birthPlanningIsReachableFromPregnancy
INSTRUMENTATION_STATUS_CODE: 0
INSTRUMENTATION_STATUS: class=com.nothatcher.sproutbook.BirthPlanningFlowTest
INSTRUMENTATION_STATUS: current=3
INSTRUMENTATION_STATUS: id=AndroidJUnitRunner
INSTRUMENTATION_STATUS: numtests=15
INSTRUMENTATION_STATUS: stream=
INSTRUMENTATION_STATUS: test=homebirthPlanFeedsLabourModeAndContractionSurvivesRecreation
INSTRUMENTATION_STATUS_CODE: 1
INSTRUMENTATION_STATUS: class=com.nothatcher.sproutbook.BirthPlanningFlowTest
INSTRUMENTATION_STATUS: current=3
INSTRUMENTATION_STATUS: id=AndroidJUnitRunner
INSTRUMENTATION_STATUS: numtests=15
INSTRUMENTATION_STATUS: stack=androidx.compose.ui.test.ComposeTimeoutException: Condition still not satisfied after 60000 ms
	at androidx.compose.ui.test.AndroidComposeUiTestEnvironment$AndroidComposeUiTestImpl.waitUntil(ComposeUiTest.android.kt:504)
	at androidx.compose.ui.test.junit4.AndroidComposeTestRule.waitUntil(AndroidComposeTestRule.android.kt:339)
	at com.nothatcher.sproutbook.FlowFixture.waitText(FeatureFlowTest.kt:30)
	at com.nothatcher.sproutbook.BirthPlanningFlowTest.homebirthPlanFeedsLabourModeAndContractionSurvivesRecreation(BirthPlanningFlowTest.kt:65)

INSTRUMENTATION_STATUS: stream=
Error in homebirthPlanFeedsLabourModeAndContractionSurvivesRecreation(com.nothatcher.sproutbook.BirthPlanningFlowTest):
androidx.compose.ui.test.ComposeTimeoutException: Condition still not satisfied after 60000 ms
	at androidx.compose.ui.test.AndroidComposeUiTestEnvironment$AndroidComposeUiTestImpl.waitUntil(ComposeUiTest.android.kt:504)
	at androidx.compose.ui.test.junit4.AndroidComposeTestRule.waitUntil(AndroidComposeTestRule.android.kt:339)
	at com.nothatcher.sproutbook.FlowFixture.waitText(FeatureFlowTest.kt:30)
	at com.nothatcher.sproutbook.BirthPlanningFlowTest.homebirthPlanFeedsLabourModeAndContractionSurvivesRecreation(BirthPlanningFlowTest.kt:65)

INSTRUMENTATION_STATUS: test=homebirthPlanFeedsLabourModeAndContractionSurvivesRecreation
INSTRUMENTATION_STATUS_CODE: -2
INSTRUMENTATION_STATUS: class=com.nothatcher.sproutbook.BirthPlanningFlowTest
INSTRUMENTATION_STATUS: current=4
INSTRUMENTATION_STATUS: id=AndroidJUnitRunner
INSTRUMENTATION_STATUS: numtests=15
INSTRUMENTATION_STATUS: stream=
INSTRUMENTATION_STATUS: test=childSwitchDiscardsPlanDraftAndCaregiverModeBlocksActions
INSTRUMENTATION_STATUS_CODE: 1
INSTRUMENTATION_STATUS: class=com.nothatcher.sproutbook.BirthPlanningFlowTest
INSTRUMENTATION_STATUS: current=4
INSTRUMENTATION_STATUS: id=AndroidJUnitRunner
INSTRUMENTATION_STATUS: numtests=15
INSTRUMENTATION_STATUS: stream=.
INSTRUMENTATION_STATUS: test=childSwitchDiscardsPlanDraftAndCaregiverModeBlocksActions
INSTRUMENTATION_STATUS_CODE: 0
INSTRUMENTATION_STATUS: class=com.nothatcher.sproutbook.WishlistFlowTest
INSTRUMENTATION_STATUS: current=5
INSTRUMENTATION_STATUS: id=AndroidJUnitRunner
INSTRUMENTATION_STATUS: numtests=15
INSTRUMENTATION_STATUS: stream=
com.nothatcher.sproutbook.WishlistFlowTest:
INSTRUMENTATION_STATUS: test=childSwitchDiscardsDraftAndCaregiverCanOnlyRead
INSTRUMENTATION_STATUS_CODE: 1
INSTRUMENTATION_STATUS: class=com.nothatcher.sproutbook.WishlistFlowTest
INSTRUMENTATION_STATUS: current=5
INSTRUMENTATION_STATUS: id=AndroidJUnitRunner
INSTRUMENTATION_STATUS: numtests=15
INSTRUMENTATION_STATUS: stream=.
INSTRUMENTATION_STATUS: test=childSwitchDiscardsDraftAndCaregiverCanOnlyRead
INSTRUMENTATION_STATUS_CODE: 0
INSTRUMENTATION_STATUS: class=com.nothatcher.sproutbook.WishlistFlowTest
INSTRUMENTATION_STATUS: current=6
INSTRUMENTATION_STATUS: id=AndroidJUnitRunner
INSTRUMENTATION_STATUS: numtests=15
INSTRUMENTATION_STATUS: stream=
INSTRUMENTATION_STATUS: test=profileAppearancePersistsWithoutChangingTheirDetails
INSTRUMENTATION_STATUS_CODE: 1
INSTRUMENTATION_STATUS: class=com.nothatcher.sproutbook.WishlistFlowTest
INSTRUMENTATION_STATUS: current=6
INSTRUMENTATION_STATUS: id=AndroidJUnitRunner
INSTRUMENTATION_STATUS: numtests=15
INSTRUMENTATION_STATUS: stream=.
INSTRUMENTATION_STATUS: test=profileAppearancePersistsWithoutChangingTheirDetails
INSTRUMENTATION_STATUS_CODE: 0
INSTRUMENTATION_STATUS: class=com.nothatcher.sproutbook.WishlistFlowTest
INSTRUMENTATION_STATUS: current=7
INSTRUMENTATION_STATUS: id=AndroidJUnitRunner
INSTRUMENTATION_STATUS: numtests=15
INSTRUMENTATION_STATUS: stream=
INSTRUMENTATION_STATUS: test=createEditObtainAndDeleteAnIdea
INSTRUMENTATION_STATUS_CODE: 1
INSTRUMENTATION_STATUS: class=com.nothatcher.sproutbook.WishlistFlowTest
INSTRUMENTATION_STATUS: current=7
INSTRUMENTATION_STATUS: id=AndroidJUnitRunner
INSTRUMENTATION_STATUS: numtests=15
INSTRUMENTATION_STATUS: stream=.
INSTRUMENTATION_STATUS: test=createEditObtainAndDeleteAnIdea
INSTRUMENTATION_STATUS_CODE: 0
INSTRUMENTATION_STATUS: class=com.nothatcher.sproutbook.WishlistFlowTest
INSTRUMENTATION_STATUS: current=8
INSTRUMENTATION_STATUS: id=AndroidJUnitRunner
INSTRUMENTATION_STATUS: numtests=15
INSTRUMENTATION_STATUS: stream=
INSTRUMENTATION_STATUS: test=filtersCountAllIdeasAndOlderMatchesStayReachable
INSTRUMENTATION_STATUS_CODE: 1
INSTRUMENTATION_STATUS: class=com.nothatcher.sproutbook.WishlistFlowTest
INSTRUMENTATION_STATUS: current=8
INSTRUMENTATION_STATUS: id=AndroidJUnitRunner
INSTRUMENTATION_STATUS: numtests=15
INSTRUMENTATION_STATUS: stack=java.lang.AssertionError: No node found that matches Text + InputText + EditableText contains 'Load more wishlist items' (ignoreCase: false) in scrollable container
Semantics of the node:
Node #5074 at (l=0.0, t=92.0, r=360.0, b=672.0)px
CollectionInfo = 'androidx.compose.ui.semantics.CollectionInfo@3fbbd3f'
IsTraversalGroup = 'true'
VerticalScrollAxisRange = 'ScrollAxisRange(value=0.0, maxValue=0.0, reverseScrolling=false)'
Actions = [GetScrollViewportLength, IndexForKey, ScrollBy, ScrollByOffset, ScrollToIndex]
Has 9 children, 4 siblings
Selector used: (ScrollToIndex is defined)

	at androidx.compose.ui.test.ActionsKt.performScrollToNode(Actions.kt:261)
	at com.nothatcher.sproutbook.FlowFixture.pageClick(FeatureFlowTest.kt:36)
	at com.nothatcher.sproutbook.WishlistFlowTest.filtersCountAllIdeasAndOlderMatchesStayReachable(WishlistFlowTest.kt:122)

INSTRUMENTATION_STATUS: stream=
Error in filtersCountAllIdeasAndOlderMatchesStayReachable(com.nothatcher.sproutbook.WishlistFlowTest):
java.lang.AssertionError: No node found that matches Text + InputText + EditableText contains 'Load more wishlist items' (ignoreCase: false) in scrollable container
Semantics of the node:
Node #5074 at (l=0.0, t=92.0, r=360.0, b=672.0)px
CollectionInfo = 'androidx.compose.ui.semantics.CollectionInfo@3fbbd3f'
IsTraversalGroup = 'true'
VerticalScrollAxisRange = 'ScrollAxisRange(value=0.0, maxValue=0.0, reverseScrolling=false)'
Actions = [GetScrollViewportLength, IndexForKey, ScrollBy, ScrollByOffset, ScrollToIndex]
Has 9 children, 4 siblings
Selector used: (ScrollToIndex is defined)

	at androidx.compose.ui.test.ActionsKt.performScrollToNode(Actions.kt:261)
	at com.nothatcher.sproutbook.FlowFixture.pageClick(FeatureFlowTest.kt:36)
	at com.nothatcher.sproutbook.WishlistFlowTest.filtersCountAllIdeasAndOlderMatchesStayReachable(WishlistFlowTest.kt:122)

INSTRUMENTATION_STATUS: test=filtersCountAllIdeasAndOlderMatchesStayReachable
INSTRUMENTATION_STATUS_CODE: -2
INSTRUMENTATION_STATUS: class=com.nothatcher.sproutbook.GestureTest
INSTRUMENTATION_STATUS: current=9
INSTRUMENTATION_STATUS: id=AndroidJUnitRunner
INSTRUMENTATION_STATUS: numtests=15
INSTRUMENTATION_STATUS: stream=
com.nothatcher.sproutbook.GestureTest:
INSTRUMENTATION_STATUS: test=toothTapOnlyViewsLongPressChanges
INSTRUMENTATION_STATUS_CODE: 1
INSTRUMENTATION_STATUS: class=com.nothatcher.sproutbook.GestureTest
INSTRUMENTATION_STATUS: current=9
INSTRUMENTATION_STATUS: id=AndroidJUnitRunner
INSTRUMENTATION_STATUS: numtests=15
INSTRUMENTATION_STATUS: stream=.
INSTRUMENTATION_STATUS: test=toothTapOnlyViewsLongPressChanges
INSTRUMENTATION_STATUS_CODE: 0
INSTRUMENTATION_STATUS: class=com.nothatcher.sproutbook.GestureTest
INSTRUMENTATION_STATUS: current=10
INSTRUMENTATION_STATUS: id=AndroidJUnitRunner
INSTRUMENTATION_STATUS: numtests=15
INSTRUMENTATION_STATUS: stream=
INSTRUMENTATION_STATUS: test=arrangeLeafSnapsAndScrollDoesNotOpenIt
INSTRUMENTATION_STATUS_CODE: 1
INSTRUMENTATION_STATUS: class=com.nothatcher.sproutbook.GestureTest
INSTRUMENTATION_STATUS: current=10
INSTRUMENTATION_STATUS: id=AndroidJUnitRunner
INSTRUMENTATION_STATUS: numtests=15
INSTRUMENTATION_STATUS: stream=.
INSTRUMENTATION_STATUS: test=arrangeLeafSnapsAndScrollDoesNotOpenIt
INSTRUMENTATION_STATUS_CODE: 0
INSTRUMENTATION_STATUS: class=com.nothatcher.sproutbook.GestureTest
INSTRUMENTATION_STATUS: current=11
INSTRUMENTATION_STATUS: id=AndroidJUnitRunner
INSTRUMENTATION_STATUS: numtests=15
INSTRUMENTATION_STATUS: stream=
INSTRUMENTATION_STATUS: test=longPressDragSnapsToBranch
INSTRUMENTATION_STATUS_CODE: 1
INSTRUMENTATION_STATUS: class=com.nothatcher.sproutbook.GestureTest
INSTRUMENTATION_STATUS: current=11
INSTRUMENTATION_STATUS: id=AndroidJUnitRunner
INSTRUMENTATION_STATUS: numtests=15
INSTRUMENTATION_STATUS: stream=.
INSTRUMENTATION_STATUS: test=longPressDragSnapsToBranch
INSTRUMENTATION_STATUS_CODE: 0
INSTRUMENTATION_STATUS: class=com.nothatcher.sproutbook.GestureTest
INSTRUMENTATION_STATUS: current=12
INSTRUMENTATION_STATUS: id=AndroidJUnitRunner
INSTRUMENTATION_STATUS: numtests=15
INSTRUMENTATION_STATUS: stream=
INSTRUMENTATION_STATUS: test=scrollingAcrossToothNeverChangesOrOpensIt
INSTRUMENTATION_STATUS_CODE: 1
INSTRUMENTATION_STATUS: class=com.nothatcher.sproutbook.GestureTest
INSTRUMENTATION_STATUS: current=12
INSTRUMENTATION_STATUS: id=AndroidJUnitRunner
INSTRUMENTATION_STATUS: numtests=15
INSTRUMENTATION_STATUS: stream=.
INSTRUMENTATION_STATUS: test=scrollingAcrossToothNeverChangesOrOpensIt
INSTRUMENTATION_STATUS_CODE: 0
INSTRUMENTATION_STATUS: class=com.nothatcher.sproutbook.GestureTest
INSTRUMENTATION_STATUS: current=13
INSTRUMENTATION_STATUS: id=AndroidJUnitRunner
INSTRUMENTATION_STATUS: numtests=15
INSTRUMENTATION_STATUS: stream=
INSTRUMENTATION_STATUS: test=calendarLongPressKeepsDate
INSTRUMENTATION_STATUS_CODE: 1
INSTRUMENTATION_STATUS: class=com.nothatcher.sproutbook.GestureTest
INSTRUMENTATION_STATUS: current=13
INSTRUMENTATION_STATUS: id=AndroidJUnitRunner
INSTRUMENTATION_STATUS: numtests=15
INSTRUMENTATION_STATUS: stream=.
INSTRUMENTATION_STATUS: test=calendarLongPressKeepsDate
INSTRUMENTATION_STATUS_CODE: 0
INSTRUMENTATION_STATUS: class=com.nothatcher.sproutbook.TreeAccessibilityTest
INSTRUMENTATION_STATUS: current=14
INSTRUMENTATION_STATUS: id=AndroidJUnitRunner
INSTRUMENTATION_STATUS: numtests=15
INSTRUMENTATION_STATUS: stream=
com.nothatcher.sproutbook.TreeAccessibilityTest:
INSTRUMENTATION_STATUS: test=nativeAccessibilityCanInspectFullCanopyAndArrange
INSTRUMENTATION_STATUS_CODE: 1
INSTRUMENTATION_STATUS: class=com.nothatcher.sproutbook.TreeAccessibilityTest
INSTRUMENTATION_STATUS: current=14
INSTRUMENTATION_STATUS: id=AndroidJUnitRunner
INSTRUMENTATION_STATUS: numtests=15
INSTRUMENTATION_STATUS: stream=.
INSTRUMENTATION_STATUS: test=nativeAccessibilityCanInspectFullCanopyAndArrange
INSTRUMENTATION_STATUS_CODE: 0
INSTRUMENTATION_STATUS: class=com.nothatcher.sproutbook.Native36VisualTest
INSTRUMENTATION_STATUS: current=15
INSTRUMENTATION_STATUS: id=AndroidJUnitRunner
INSTRUMENTATION_STATUS: numtests=15
INSTRUMENTATION_STATUS: stream=
com.nothatcher.sproutbook.Native36VisualTest:
INSTRUMENTATION_STATUS: test=birthWishlistAndTreeControlsRemainReachable
INSTRUMENTATION_STATUS_CODE: 1
INSTRUMENTATION_STATUS: class=com.nothatcher.sproutbook.Native36VisualTest
INSTRUMENTATION_STATUS: current=15
INSTRUMENTATION_STATUS: id=AndroidJUnitRunner
INSTRUMENTATION_STATUS: numtests=15
INSTRUMENTATION_STATUS: stream=.
INSTRUMENTATION_STATUS: test=birthWishlistAndTreeControlsRemainReachable
INSTRUMENTATION_STATUS_CODE: 0
INSTRUMENTATION_RESULT: stream=

Time: 460.046
There were 2 failures:
1) homebirthPlanFeedsLabourModeAndContractionSurvivesRecreation(com.nothatcher.sproutbook.BirthPlanningFlowTest)
androidx.compose.ui.test.ComposeTimeoutException: Condition still not satisfied after 60000 ms
	at androidx.compose.ui.test.AndroidComposeUiTestEnvironment$AndroidComposeUiTestImpl.waitUntil(ComposeUiTest.android.kt:504)
	at androidx.compose.ui.test.junit4.AndroidComposeTestRule.waitUntil(AndroidComposeTestRule.android.kt:339)
	at com.nothatcher.sproutbook.FlowFixture.waitText(FeatureFlowTest.kt:30)
	at com.nothatcher.sproutbook.BirthPlanningFlowTest.homebirthPlanFeedsLabourModeAndContractionSurvivesRecreation(BirthPlanningFlowTest.kt:65)
2) filtersCountAllIdeasAndOlderMatchesStayReachable(com.nothatcher.sproutbook.WishlistFlowTest)
java.lang.AssertionError: No node found that matches Text + InputText + EditableText contains 'Load more wishlist items' (ignoreCase: false) in scrollable container
Semantics of the node:
Node #5074 at (l=0.0, t=92.0, r=360.0, b=672.0)px
CollectionInfo = 'androidx.compose.ui.semantics.CollectionInfo@3fbbd3f'
IsTraversalGroup = 'true'
VerticalScrollAxisRange = 'ScrollAxisRange(value=0.0, maxValue=0.0, reverseScrolling=false)'
Actions = [GetScrollViewportLength, IndexForKey, ScrollBy, ScrollByOffset, ScrollToIndex]
Has 9 children, 4 siblings
Selector used: (ScrollToIndex is defined)

	at androidx.compose.ui.test.ActionsKt.performScrollToNode(Actions.kt:261)
	at com.nothatcher.sproutbook.FlowFixture.pageClick(FeatureFlowTest.kt:36)
	at com.nothatcher.sproutbook.WishlistFlowTest.filtersCountAllIdeasAndOlderMatchesStayReachable(WishlistFlowTest.kt:122)

FAILURES!!!
Tests run: 15,  Failures: 2


INSTRUMENTATION_CODE: -1
