INSTRUMENTATION_STATUS: class=com.nothatcher.sproutbook.BirthPreparationRepositoryTest
INSTRUMENTATION_STATUS: current=1
INSTRUMENTATION_STATUS: id=AndroidJUnitRunner
INSTRUMENTATION_STATUS: numtests=17
INSTRUMENTATION_STATUS: stream=
com.nothatcher.sproutbook.BirthPreparationRepositoryTest:
INSTRUMENTATION_STATUS: test=togglingAnOldTemplatePreservesSavedEditsAndUsesCurrentCompletion
INSTRUMENTATION_STATUS_CODE: 1
INSTRUMENTATION_STATUS: class=com.nothatcher.sproutbook.BirthPreparationRepositoryTest
INSTRUMENTATION_STATUS: current=1
INSTRUMENTATION_STATUS: id=AndroidJUnitRunner
INSTRUMENTATION_STATUS: numtests=17
INSTRUMENTATION_STATUS: stream=.
INSTRUMENTATION_STATUS: test=togglingAnOldTemplatePreservesSavedEditsAndUsesCurrentCompletion
INSTRUMENTATION_STATUS_CODE: 0
INSTRUMENTATION_STATUS: class=com.nothatcher.sproutbook.BirthPreparationRepositoryTest
INSTRUMENTATION_STATUS: current=2
INSTRUMENTATION_STATUS: id=AndroidJUnitRunner
INSTRUMENTATION_STATUS: numtests=17
INSTRUMENTATION_STATUS: stream=
INSTRUMENTATION_STATUS: test=saveRejectsIdsThatCannotBeRestoredFromBackup
INSTRUMENTATION_STATUS_CODE: 1
INSTRUMENTATION_STATUS: class=com.nothatcher.sproutbook.BirthPreparationRepositoryTest
INSTRUMENTATION_STATUS: current=2
INSTRUMENTATION_STATUS: id=AndroidJUnitRunner
INSTRUMENTATION_STATUS: numtests=17
INSTRUMENTATION_STATUS: stream=.
INSTRUMENTATION_STATUS: test=saveRejectsIdsThatCannotBeRestoredFromBackup
INSTRUMENTATION_STATUS_CODE: 0
INSTRUMENTATION_STATUS: class=com.nothatcher.sproutbook.BirthPreparationRepositoryTest
INSTRUMENTATION_STATUS: current=3
INSTRUMENTATION_STATUS: id=AndroidJUnitRunner
INSTRUMENTATION_STATUS: numtests=17
INSTRUMENTATION_STATUS: stream=
INSTRUMENTATION_STATUS: test=toggleRejectsMalformedUnsavedTemplates
INSTRUMENTATION_STATUS_CODE: 1
INSTRUMENTATION_STATUS: class=com.nothatcher.sproutbook.BirthPreparationRepositoryTest
INSTRUMENTATION_STATUS: current=3
INSTRUMENTATION_STATUS: id=AndroidJUnitRunner
INSTRUMENTATION_STATUS: numtests=17
INSTRUMENTATION_STATUS: stream=.
INSTRUMENTATION_STATUS: test=toggleRejectsMalformedUnsavedTemplates
INSTRUMENTATION_STATUS_CODE: 0
INSTRUMENTATION_STATUS: class=com.nothatcher.sproutbook.BirthPreparationRepositoryTest
INSTRUMENTATION_STATUS: current=4
INSTRUMENTATION_STATUS: id=AndroidJUnitRunner
INSTRUMENTATION_STATUS: numtests=17
INSTRUMENTATION_STATUS: stream=
INSTRUMENTATION_STATUS: test=saveRejectsAnExistingItemOwnedByAnotherChild
INSTRUMENTATION_STATUS_CODE: 1
INSTRUMENTATION_STATUS: class=com.nothatcher.sproutbook.BirthPreparationRepositoryTest
INSTRUMENTATION_STATUS: current=4
INSTRUMENTATION_STATUS: id=AndroidJUnitRunner
INSTRUMENTATION_STATUS: numtests=17
INSTRUMENTATION_STATUS: stream=.
INSTRUMENTATION_STATUS: test=saveRejectsAnExistingItemOwnedByAnotherChild
INSTRUMENTATION_STATUS_CODE: 0
INSTRUMENTATION_STATUS: class=com.nothatcher.sproutbook.BirthPreparationRepositoryTest
INSTRUMENTATION_STATUS: current=5
INSTRUMENTATION_STATUS: id=AndroidJUnitRunner
INSTRUMENTATION_STATUS: numtests=17
INSTRUMENTATION_STATUS: stream=
INSTRUMENTATION_STATUS: test=caregiverModeBlocksSavingAndTogglingPreparation
INSTRUMENTATION_STATUS_CODE: 1
INSTRUMENTATION_STATUS: class=com.nothatcher.sproutbook.BirthPreparationRepositoryTest
INSTRUMENTATION_STATUS: current=5
INSTRUMENTATION_STATUS: id=AndroidJUnitRunner
INSTRUMENTATION_STATUS: numtests=17
INSTRUMENTATION_STATUS: stream=.
INSTRUMENTATION_STATUS: test=caregiverModeBlocksSavingAndTogglingPreparation
INSTRUMENTATION_STATUS_CODE: 0
INSTRUMENTATION_STATUS: class=com.nothatcher.sproutbook.BirthPreparationRepositoryTest
INSTRUMENTATION_STATUS: current=6
INSTRUMENTATION_STATUS: id=AndroidJUnitRunner
INSTRUMENTATION_STATUS: numtests=17
INSTRUMENTATION_STATUS: stream=
INSTRUMENTATION_STATUS: test=editedChecklistsSurviveReopenChildAndStageChangesAndBackup
INSTRUMENTATION_STATUS_CODE: 1
INSTRUMENTATION_STATUS: class=com.nothatcher.sproutbook.BirthPreparationRepositoryTest
INSTRUMENTATION_STATUS: current=6
INSTRUMENTATION_STATUS: id=AndroidJUnitRunner
INSTRUMENTATION_STATUS: numtests=17
INSTRUMENTATION_STATUS: stream=.
INSTRUMENTATION_STATUS: test=editedChecklistsSurviveReopenChildAndStageChangesAndBackup
INSTRUMENTATION_STATUS_CODE: 0
INSTRUMENTATION_STATUS: class=com.nothatcher.sproutbook.WishlistRepositoryTest
INSTRUMENTATION_STATUS: current=7
INSTRUMENTATION_STATUS: id=AndroidJUnitRunner
INSTRUMENTATION_STATUS: numtests=17
INSTRUMENTATION_STATUS: stream=
com.nothatcher.sproutbook.WishlistRepositoryTest:
INSTRUMENTATION_STATUS: test=oldBackupsDefaultCustomizationAndClearWishlistWithoutLosingOtherRecords
INSTRUMENTATION_STATUS_CODE: 1
INSTRUMENTATION_STATUS: class=com.nothatcher.sproutbook.WishlistRepositoryTest
INSTRUMENTATION_STATUS: current=7
INSTRUMENTATION_STATUS: id=AndroidJUnitRunner
INSTRUMENTATION_STATUS: numtests=17
INSTRUMENTATION_STATUS: stream=.
INSTRUMENTATION_STATUS: test=oldBackupsDefaultCustomizationAndClearWishlistWithoutLosingOtherRecords
INSTRUMENTATION_STATUS_CODE: 0
INSTRUMENTATION_STATUS: class=com.nothatcher.sproutbook.WishlistRepositoryTest
INSTRUMENTATION_STATUS: current=8
INSTRUMENTATION_STATUS: id=AndroidJUnitRunner
INSTRUMENTATION_STATUS: numtests=17
INSTRUMENTATION_STATUS: stream=
INSTRUMENTATION_STATUS: test=savesCustomizationAndWishlistAcrossReopenAndBackup
INSTRUMENTATION_STATUS_CODE: 1
INSTRUMENTATION_STATUS: class=com.nothatcher.sproutbook.WishlistRepositoryTest
INSTRUMENTATION_STATUS: current=8
INSTRUMENTATION_STATUS: id=AndroidJUnitRunner
INSTRUMENTATION_STATUS: numtests=17
INSTRUMENTATION_STATUS: stream=.
INSTRUMENTATION_STATUS: test=savesCustomizationAndWishlistAcrossReopenAndBackup
INSTRUMENTATION_STATUS_CODE: 0
INSTRUMENTATION_STATUS: class=com.nothatcher.sproutbook.WishlistRepositoryTest
INSTRUMENTATION_STATUS: current=9
INSTRUMENTATION_STATUS: id=AndroidJUnitRunner
INSTRUMENTATION_STATUS: numtests=17
INSTRUMENTATION_STATUS: stream=
INSTRUMENTATION_STATUS: test=validatesProfileChoicesAndWishlistTextAndLinksBeforeWriting
INSTRUMENTATION_STATUS_CODE: 1
INSTRUMENTATION_STATUS: class=com.nothatcher.sproutbook.WishlistRepositoryTest
INSTRUMENTATION_STATUS: current=9
INSTRUMENTATION_STATUS: id=AndroidJUnitRunner
INSTRUMENTATION_STATUS: numtests=17
INSTRUMENTATION_STATUS: stream=.
INSTRUMENTATION_STATUS: test=validatesProfileChoicesAndWishlistTextAndLinksBeforeWriting
INSTRUMENTATION_STATUS_CODE: 0
INSTRUMENTATION_STATUS: class=com.nothatcher.sproutbook.WishlistRepositoryTest
INSTRUMENTATION_STATUS: current=10
INSTRUMENTATION_STATUS: id=AndroidJUnitRunner
INSTRUMENTATION_STATUS: numtests=17
INSTRUMENTATION_STATUS: stream=
INSTRUMENTATION_STATUS: test=filtersBeforePaginationAndCountsAllRecordsForTheSelectedChild
INSTRUMENTATION_STATUS_CODE: 1
INSTRUMENTATION_STATUS: class=com.nothatcher.sproutbook.WishlistRepositoryTest
INSTRUMENTATION_STATUS: current=10
INSTRUMENTATION_STATUS: id=AndroidJUnitRunner
INSTRUMENTATION_STATUS: numtests=17
INSTRUMENTATION_STATUS: stream=.
INSTRUMENTATION_STATUS: test=filtersBeforePaginationAndCountsAllRecordsForTheSelectedChild
INSTRUMENTATION_STATUS_CODE: 0
INSTRUMENTATION_STATUS: class=com.nothatcher.sproutbook.WishlistRepositoryTest
INSTRUMENTATION_STATUS: current=11
INSTRUMENTATION_STATUS: id=AndroidJUnitRunner
INSTRUMENTATION_STATUS: numtests=17
INSTRUMENTATION_STATUS: stream=
INSTRUMENTATION_STATUS: test=invalidWishlistBackupLeavesTheCurrentFamilyIntact
INSTRUMENTATION_STATUS_CODE: 1
INSTRUMENTATION_STATUS: class=com.nothatcher.sproutbook.WishlistRepositoryTest
INSTRUMENTATION_STATUS: current=11
INSTRUMENTATION_STATUS: id=AndroidJUnitRunner
INSTRUMENTATION_STATUS: numtests=17
INSTRUMENTATION_STATUS: stream=.
INSTRUMENTATION_STATUS: test=invalidWishlistBackupLeavesTheCurrentFamilyIntact
INSTRUMENTATION_STATUS_CODE: 0
INSTRUMENTATION_STATUS: class=com.nothatcher.sproutbook.WishlistRepositoryTest
INSTRUMENTATION_STATUS: current=12
INSTRUMENTATION_STATUS: id=AndroidJUnitRunner
INSTRUMENTATION_STATUS: numtests=17
INSTRUMENTATION_STATUS: stream=
INSTRUMENTATION_STATUS: test=ownershipAndCaregiverGuardsProtectEveryWishlistMutation
INSTRUMENTATION_STATUS_CODE: 1
INSTRUMENTATION_STATUS: class=com.nothatcher.sproutbook.WishlistRepositoryTest
INSTRUMENTATION_STATUS: current=12
INSTRUMENTATION_STATUS: id=AndroidJUnitRunner
INSTRUMENTATION_STATUS: numtests=17
INSTRUMENTATION_STATUS: stream=.
INSTRUMENTATION_STATUS: test=ownershipAndCaregiverGuardsProtectEveryWishlistMutation
INSTRUMENTATION_STATUS_CODE: 0
INSTRUMENTATION_STATUS: class=com.nothatcher.sproutbook.MigrationTest
INSTRUMENTATION_STATUS: current=13
INSTRUMENTATION_STATUS: id=AndroidJUnitRunner
INSTRUMENTATION_STATUS: numtests=17
INSTRUMENTATION_STATUS: stream=
com.nothatcher.sproutbook.MigrationTest:
INSTRUMENTATION_STATUS: test=v3InstallationMigratesWithoutLosingChild
INSTRUMENTATION_STATUS_CODE: 1
INSTRUMENTATION_STATUS: class=com.nothatcher.sproutbook.MigrationTest
INSTRUMENTATION_STATUS: current=13
INSTRUMENTATION_STATUS: id=AndroidJUnitRunner
INSTRUMENTATION_STATUS: numtests=17
INSTRUMENTATION_STATUS: stream=.
INSTRUMENTATION_STATUS: test=v3InstallationMigratesWithoutLosingChild
INSTRUMENTATION_STATUS_CODE: 0
INSTRUMENTATION_STATUS: class=com.nothatcher.sproutbook.MigrationTest
INSTRUMENTATION_STATUS: current=14
INSTRUMENTATION_STATUS: id=AndroidJUnitRunner
INSTRUMENTATION_STATUS: numtests=17
INSTRUMENTATION_STATUS: stream=
INSTRUMENTATION_STATUS: test=originalSchemaMigratesWithoutLosingChild
INSTRUMENTATION_STATUS_CODE: 1
INSTRUMENTATION_STATUS: class=com.nothatcher.sproutbook.MigrationTest
INSTRUMENTATION_STATUS: current=14
INSTRUMENTATION_STATUS: id=AndroidJUnitRunner
INSTRUMENTATION_STATUS: numtests=17
INSTRUMENTATION_STATUS: stream=.
INSTRUMENTATION_STATUS: test=originalSchemaMigratesWithoutLosingChild
INSTRUMENTATION_STATUS_CODE: 0
INSTRUMENTATION_STATUS: class=com.nothatcher.sproutbook.MigrationTest
INSTRUMENTATION_STATUS: current=15
INSTRUMENTATION_STATUS: id=AndroidJUnitRunner
INSTRUMENTATION_STATUS: numtests=17
INSTRUMENTATION_STATUS: stream=
INSTRUMENTATION_STATUS: test=v31InstallationMigratesWithoutLosingCareRecords
INSTRUMENTATION_STATUS_CODE: 1
INSTRUMENTATION_STATUS: class=com.nothatcher.sproutbook.MigrationTest
INSTRUMENTATION_STATUS: current=15
INSTRUMENTATION_STATUS: id=AndroidJUnitRunner
INSTRUMENTATION_STATUS: numtests=17
INSTRUMENTATION_STATUS: stream=.
INSTRUMENTATION_STATUS: test=v31InstallationMigratesWithoutLosingCareRecords
INSTRUMENTATION_STATUS_CODE: 0
INSTRUMENTATION_STATUS: class=com.nothatcher.sproutbook.MigrationTest
INSTRUMENTATION_STATUS: current=16
INSTRUMENTATION_STATUS: id=AndroidJUnitRunner
INSTRUMENTATION_STATUS: numtests=17
INSTRUMENTATION_STATUS: stream=
INSTRUMENTATION_STATUS: test=v35InstallationMigratesWithoutLosingFamilyAndCareRecords
INSTRUMENTATION_STATUS_CODE: 1
INSTRUMENTATION_STATUS: class=com.nothatcher.sproutbook.MigrationTest
INSTRUMENTATION_STATUS: current=16
INSTRUMENTATION_STATUS: id=AndroidJUnitRunner
INSTRUMENTATION_STATUS: numtests=17
INSTRUMENTATION_STATUS: stream=.
INSTRUMENTATION_STATUS: test=v35InstallationMigratesWithoutLosingFamilyAndCareRecords
INSTRUMENTATION_STATUS_CODE: 0
INSTRUMENTATION_STATUS: class=com.nothatcher.sproutbook.BackupTest
INSTRUMENTATION_STATUS: current=17
INSTRUMENTATION_STATUS: id=AndroidJUnitRunner
INSTRUMENTATION_STATUS: numtests=17
INSTRUMENTATION_STATUS: stream=
com.nothatcher.sproutbook.BackupTest:
INSTRUMENTATION_STATUS: test=exportReviewRestorePhotosAndInvalidRollback
INSTRUMENTATION_STATUS_CODE: 1
INSTRUMENTATION_STATUS: class=com.nothatcher.sproutbook.BackupTest
INSTRUMENTATION_STATUS: current=17
INSTRUMENTATION_STATUS: id=AndroidJUnitRunner
INSTRUMENTATION_STATUS: numtests=17
INSTRUMENTATION_STATUS: stream=.
INSTRUMENTATION_STATUS: test=exportReviewRestorePhotosAndInvalidRollback
INSTRUMENTATION_STATUS_CODE: 0
INSTRUMENTATION_RESULT: stream=

Time: 22.819

OK (17 tests)


INSTRUMENTATION_CODE: -1
