To honour the JVM settings for this build a single-use Daemon process will be forked. For more on this, please refer to https://docs.gradle.org/9.3.1/userguide/gradle_daemon.html#sec:disabling_the_daemon in the Gradle documentation.
Daemon will be stopped at the end of the build 

> Configure project :app
w: file:///workspace/Sproutbook/android/app/build.gradle.kts:6:45: 'fun srcDir(srcDir: Any): Any' is deprecated. Use `directories` mutable set instead.
Checking the license for package Android SDK Platform 37.0 in /workspace/sprout-toolchain/android-sdk/licenses
License for package Android SDK Platform 37.0 accepted.
Preparing "Install Android SDK Platform 37.0 (revision 2)".
Warning: Package "Android SDK Platform 37.0" (platforms;android-37.0) should be installed in 
"/workspace/sprout-toolchain/android-sdk/platforms/android-37.0" but 
it already exists.
Installing in "/workspace/sprout-toolchain/android-sdk/platforms/android-37.0-2" instead.
"Install Android SDK Platform 37.0 (revision 2)" ready.
Installing Android SDK Platform 37.0 in /workspace/sprout-toolchain/android-sdk/platforms/android-37.0-2
"Install Android SDK Platform 37.0 (revision 2)" complete.
"Install Android SDK Platform 37.0 (revision 2)" finished.
Observed package id 'platforms;android-37.0' in inconsistent location '/workspace/sprout-toolchain/android-sdk/platforms/android-37.0-2' (Expected '/workspace/sprout-toolchain/android-sdk/platforms/android-37.0')

> Task :core:checkKotlinGradlePluginConfigurationErrors SKIPPED
> Task :core:processResources NO-SOURCE
> Task :core:processTestResources NO-SOURCE
> Task :app:preBuild UP-TO-DATE
> Task :app:preDebugBuild UP-TO-DATE
> Task :app:generateDebugBuildConfig
> Task :app:generateDebugResources
> Task :app:packageDebugResources
> Task :core:compileKotlin
> Task :app:processDebugNavigationResources
> Task :core:compileJava NO-SOURCE
> Task :core:classes UP-TO-DATE
> Task :core:jar
> Task :app:parseDebugLocalResources
> Task :app:generateDebugRFile
> Task :core:compileTestKotlin
> Task :core:compileTestJava NO-SOURCE
> Task :core:testClasses UP-TO-DATE

> Task :core:test

BackupFormatTest > newTreeStylesRoundTripWithoutChangingMemoryPlacement FAILED
    java.lang.IllegalArgumentException at BackupFormatTest.kt:164

126 tests completed, 1 failed

> Task :core:test FAILED
> Task :app:kspDebugKotlin

FAILURE: Build failed with an exception.

* What went wrong:
Execution failed for task ':core:test'.
> There were failing tests. See the report at: file:///workspace/sprout-build/core/reports/tests/test/index.html

* Try:
> Run with --scan to get full insights from a Build Scan (powered by Develocity).

BUILD FAILED in 2m 51s
11 actionable tasks: 11 executed
