INSTRUMENTATION_STATUS: class=com.nothatcher.sproutbook.NavigationSweepTest
INSTRUMENTATION_STATUS: current=1
INSTRUMENTATION_STATUS: id=AndroidJUnitRunner
INSTRUMENTATION_STATUS: numtests=13
INSTRUMENTATION_STATUS: stream=
com.nothatcher.sproutbook.NavigationSweepTest:
INSTRUMENTATION_STATUS: test=everyCareDestinationAndSettingsToolsOpen
INSTRUMENTATION_STATUS_CODE: 1
INSTRUMENTATION_STATUS: class=com.nothatcher.sproutbook.NavigationSweepTest
INSTRUMENTATION_STATUS: current=1
INSTRUMENTATION_STATUS: id=AndroidJUnitRunner
INSTRUMENTATION_STATUS: numtests=13
INSTRUMENTATION_STATUS: stack=androidx.compose.ui.test.ComposeTimeoutException: Condition still not satisfied after 60000 ms
	at androidx.compose.ui.test.AndroidComposeUiTestEnvironment$AndroidComposeUiTestImpl.waitUntil(ComposeUiTest.android.kt:504)
	at androidx.compose.ui.test.junit4.AndroidComposeTestRule.waitUntil(AndroidComposeTestRule.android.kt:339)
	at com.nothatcher.sproutbook.FlowFixture.waitText(FeatureFlowTest.kt:30)
	at com.nothatcher.sproutbook.FlowFixture.care(FeatureFlowTest.kt:43)
	at com.nothatcher.sproutbook.NavigationSweepTest.everyCareDestinationAndSettingsToolsOpen(NavigationSweepTest.kt:28)

INSTRUMENTATION_STATUS: stream=
Error in everyCareDestinationAndSettingsToolsOpen(com.nothatcher.sproutbook.NavigationSweepTest):
androidx.compose.ui.test.ComposeTimeoutException: Condition still not satisfied after 60000 ms
	at androidx.compose.ui.test.AndroidComposeUiTestEnvironment$AndroidComposeUiTestImpl.waitUntil(ComposeUiTest.android.kt:504)
	at androidx.compose.ui.test.junit4.AndroidComposeTestRule.waitUntil(AndroidComposeTestRule.android.kt:339)
	at com.nothatcher.sproutbook.FlowFixture.waitText(FeatureFlowTest.kt:30)
	at com.nothatcher.sproutbook.FlowFixture.care(FeatureFlowTest.kt:43)
	at com.nothatcher.sproutbook.NavigationSweepTest.everyCareDestinationAndSettingsToolsOpen(NavigationSweepTest.kt:28)

INSTRUMENTATION_STATUS: test=everyCareDestinationAndSettingsToolsOpen
INSTRUMENTATION_STATUS_CODE: -2
INSTRUMENTATION_STATUS: class=com.nothatcher.sproutbook.NativeControlsTest
INSTRUMENTATION_STATUS: current=2
INSTRUMENTATION_STATUS: id=AndroidJUnitRunner
INSTRUMENTATION_STATUS: numtests=13
INSTRUMENTATION_STATUS: stream=
com.nothatcher.sproutbook.NativeControlsTest:
INSTRUMENTATION_STATUS: test=nursingAndPumpingSaveTheirOwnFields
INSTRUMENTATION_STATUS_CODE: 1
INSTRUMENTATION_STATUS: class=com.nothatcher.sproutbook.NativeControlsTest
INSTRUMENTATION_STATUS: current=2
INSTRUMENTATION_STATUS: id=AndroidJUnitRunner
INSTRUMENTATION_STATUS: numtests=13
INSTRUMENTATION_STATUS: stream=.
INSTRUMENTATION_STATUS: test=nursingAndPumpingSaveTheirOwnFields
INSTRUMENTATION_STATUS_CODE: 0
INSTRUMENTATION_STATUS: class=com.nothatcher.sproutbook.NativeControlsTest
INSTRUMENTATION_STATUS: current=3
INSTRUMENTATION_STATUS: id=AndroidJUnitRunner
INSTRUMENTATION_STATUS: numtests=13
INSTRUMENTATION_STATUS: stream=
INSTRUMENTATION_STATUS: test=sleepAndSoundControlsReachNativeService
INSTRUMENTATION_STATUS_CODE: 1
INSTRUMENTATION_STATUS: class=com.nothatcher.sproutbook.NativeControlsTest
INSTRUMENTATION_STATUS: current=3
INSTRUMENTATION_STATUS: id=AndroidJUnitRunner
INSTRUMENTATION_STATUS: numtests=13
INSTRUMENTATION_STATUS: stream=.
INSTRUMENTATION_STATUS: test=sleepAndSoundControlsReachNativeService
INSTRUMENTATION_STATUS_CODE: 0
INSTRUMENTATION_STATUS: class=com.nothatcher.sproutbook.NativeControlsTest
INSTRUMENTATION_STATUS: current=4
INSTRUMENTATION_STATUS: id=AndroidJUnitRunner
INSTRUMENTATION_STATUS: numtests=13
INSTRUMENTATION_STATUS: stream=
INSTRUMENTATION_STATUS: test=milestoneCompletionCreatesLeafFromLabelledSwitches
INSTRUMENTATION_STATUS_CODE: 1
INSTRUMENTATION_STATUS: class=com.nothatcher.sproutbook.NativeControlsTest
INSTRUMENTATION_STATUS: current=4
INSTRUMENTATION_STATUS: id=AndroidJUnitRunner
INSTRUMENTATION_STATUS: numtests=13
INSTRUMENTATION_STATUS: stream=.
INSTRUMENTATION_STATUS: test=milestoneCompletionCreatesLeafFromLabelledSwitches
INSTRUMENTATION_STATUS_CODE: 0
INSTRUMENTATION_STATUS: class=com.nothatcher.sproutbook.NativeControlsTest
INSTRUMENTATION_STATUS: current=5
INSTRUMENTATION_STATUS: id=AndroidJUnitRunner
INSTRUMENTATION_STATUS: numtests=13
INSTRUMENTATION_STATUS: stream=
INSTRUMENTATION_STATUS: test=healthRecordSavesEditsAndDeletes
INSTRUMENTATION_STATUS_CODE: 1
INSTRUMENTATION_STATUS: class=com.nothatcher.sproutbook.NativeControlsTest
INSTRUMENTATION_STATUS: current=5
INSTRUMENTATION_STATUS: id=AndroidJUnitRunner
INSTRUMENTATION_STATUS: numtests=13
INSTRUMENTATION_STATUS: stream=.
INSTRUMENTATION_STATUS: test=healthRecordSavesEditsAndDeletes
INSTRUMENTATION_STATUS_CODE: 0
INSTRUMENTATION_STATUS: class=com.nothatcher.sproutbook.NativeControlsTest
INSTRUMENTATION_STATUS: current=6
INSTRUMENTATION_STATUS: id=AndroidJUnitRunner
INSTRUMENTATION_STATUS: numtests=13
INSTRUMENTATION_STATUS: stream=
INSTRUMENTATION_STATUS: test=emergencyCardEditsAndCopiesOffline
INSTRUMENTATION_STATUS_CODE: 1
INSTRUMENTATION_STATUS: class=com.nothatcher.sproutbook.NativeControlsTest
INSTRUMENTATION_STATUS: current=6
INSTRUMENTATION_STATUS: id=AndroidJUnitRunner
INSTRUMENTATION_STATUS: numtests=13
INSTRUMENTATION_STATUS: stream=.
INSTRUMENTATION_STATUS: test=emergencyCardEditsAndCopiesOffline
INSTRUMENTATION_STATUS_CODE: 0
INSTRUMENTATION_STATUS: class=com.nothatcher.sproutbook.FeatureFlowTest
INSTRUMENTATION_STATUS: current=7
INSTRUMENTATION_STATUS: id=AndroidJUnitRunner
INSTRUMENTATION_STATUS: numtests=13
INSTRUMENTATION_STATUS: stream=
com.nothatcher.sproutbook.FeatureFlowTest:
INSTRUMENTATION_STATUS: test=formulaResetsWhenChildChanges
INSTRUMENTATION_STATUS_CODE: 1
INSTRUMENTATION_STATUS: class=com.nothatcher.sproutbook.FeatureFlowTest
INSTRUMENTATION_STATUS: current=7
INSTRUMENTATION_STATUS: id=AndroidJUnitRunner
INSTRUMENTATION_STATUS: numtests=13
INSTRUMENTATION_STATUS: stream=.
INSTRUMENTATION_STATUS: test=formulaResetsWhenChildChanges
INSTRUMENTATION_STATUS_CODE: 0
INSTRUMENTATION_STATUS: class=com.nothatcher.sproutbook.FeatureFlowTest
INSTRUMENTATION_STATUS: current=8
INSTRUMENTATION_STATUS: id=AndroidJUnitRunner
INSTRUMENTATION_STATUS: numtests=13
INSTRUMENTATION_STATUS: stream=
INSTRUMENTATION_STATUS: test=feedingAddEditDelete
INSTRUMENTATION_STATUS_CODE: 1
INSTRUMENTATION_STATUS: class=com.nothatcher.sproutbook.FeatureFlowTest
INSTRUMENTATION_STATUS: current=8
INSTRUMENTATION_STATUS: id=AndroidJUnitRunner
INSTRUMENTATION_STATUS: numtests=13
INSTRUMENTATION_STATUS: stream=.
INSTRUMENTATION_STATUS: test=feedingAddEditDelete
INSTRUMENTATION_STATUS_CODE: 0
INSTRUMENTATION_STATUS: class=com.nothatcher.sproutbook.FeatureFlowTest
INSTRUMENTATION_STATUS: current=9
INSTRUMENTATION_STATUS: id=AndroidJUnitRunner
INSTRUMENTATION_STATUS: numtests=13
INSTRUMENTATION_STATUS: stream=
INSTRUMENTATION_STATUS: test=olderFeedingRemainsReachable
INSTRUMENTATION_STATUS_CODE: 1
INSTRUMENTATION_STATUS: class=com.nothatcher.sproutbook.FeatureFlowTest
INSTRUMENTATION_STATUS: current=9
INSTRUMENTATION_STATUS: id=AndroidJUnitRunner
INSTRUMENTATION_STATUS: numtests=13
INSTRUMENTATION_STATUS: stream=.
INSTRUMENTATION_STATUS: test=olderFeedingRemainsReachable
INSTRUMENTATION_STATUS_CODE: 0
INSTRUMENTATION_STATUS: class=com.nothatcher.sproutbook.FeatureFlowTest
INSTRUMENTATION_STATUS: current=10
INSTRUMENTATION_STATUS: id=AndroidJUnitRunner
INSTRUMENTATION_STATUS: numtests=13
INSTRUMENTATION_STATUS: stream=
INSTRUMENTATION_STATUS: test=childSwitchAndGrandparentGuard
INSTRUMENTATION_STATUS_CODE: 1
INSTRUMENTATION_STATUS: class=com.nothatcher.sproutbook.FeatureFlowTest
INSTRUMENTATION_STATUS: current=10
INSTRUMENTATION_STATUS: id=AndroidJUnitRunner
INSTRUMENTATION_STATUS: numtests=13
INSTRUMENTATION_STATUS: stream=.
INSTRUMENTATION_STATUS: test=childSwitchAndGrandparentGuard
INSTRUMENTATION_STATUS_CODE: 0
INSTRUMENTATION_STATUS: class=com.nothatcher.sproutbook.FoundationTest
INSTRUMENTATION_STATUS: current=11
INSTRUMENTATION_STATUS: id=AndroidJUnitRunner
INSTRUMENTATION_STATUS: numtests=13
INSTRUMENTATION_STATUS: stream=
com.nothatcher.sproutbook.FoundationTest:
INSTRUMENTATION_STATUS: test=profilesSurviveReopenAndStayIndependent
INSTRUMENTATION_STATUS_CODE: 1
INSTRUMENTATION_STATUS: class=com.nothatcher.sproutbook.FoundationTest
INSTRUMENTATION_STATUS: current=11
INSTRUMENTATION_STATUS: id=AndroidJUnitRunner
INSTRUMENTATION_STATUS: numtests=13
INSTRUMENTATION_STATUS: stream=.
INSTRUMENTATION_STATUS: test=profilesSurviveReopenAndStayIndependent
INSTRUMENTATION_STATUS_CODE: 0
INSTRUMENTATION_STATUS: class=com.nothatcher.sproutbook.BackupTest
INSTRUMENTATION_STATUS: current=12
INSTRUMENTATION_STATUS: id=AndroidJUnitRunner
INSTRUMENTATION_STATUS: numtests=13
INSTRUMENTATION_STATUS: stream=
com.nothatcher.sproutbook.BackupTest:
INSTRUMENTATION_STATUS: test=exportReviewRestorePhotosAndInvalidRollback
INSTRUMENTATION_STATUS_CODE: 1
INSTRUMENTATION_STATUS: class=com.nothatcher.sproutbook.BackupTest
INSTRUMENTATION_STATUS: current=12
INSTRUMENTATION_STATUS: id=AndroidJUnitRunner
INSTRUMENTATION_STATUS: numtests=13
INSTRUMENTATION_STATUS: stream=.
INSTRUMENTATION_STATUS: test=exportReviewRestorePhotosAndInvalidRollback
INSTRUMENTATION_STATUS_CODE: 0
INSTRUMENTATION_STATUS: class=com.nothatcher.sproutbook.DensityTest
INSTRUMENTATION_STATUS: current=13
INSTRUMENTATION_STATUS: id=AndroidJUnitRunner
INSTRUMENTATION_STATUS: numtests=13
INSTRUMENTATION_STATUS: stream=
com.nothatcher.sproutbook.DensityTest:
INSTRUMENTATION_STATUS: test=denseFamilyKeepsTreeInChapters
INSTRUMENTATION_STATUS_CODE: 1
INSTRUMENTATION_STATUS: class=com.nothatcher.sproutbook.DensityTest
INSTRUMENTATION_STATUS: current=13
INSTRUMENTATION_STATUS: id=AndroidJUnitRunner
INSTRUMENTATION_STATUS: numtests=13
INSTRUMENTATION_STATUS: stream=.
INSTRUMENTATION_STATUS: test=denseFamilyKeepsTreeInChapters
INSTRUMENTATION_STATUS_CODE: 0
INSTRUMENTATION_RESULT: stream=

Time: 554.404
There was 1 failure:
1) everyCareDestinationAndSettingsToolsOpen(com.nothatcher.sproutbook.NavigationSweepTest)
androidx.compose.ui.test.ComposeTimeoutException: Condition still not satisfied after 60000 ms
	at androidx.compose.ui.test.AndroidComposeUiTestEnvironment$AndroidComposeUiTestImpl.waitUntil(ComposeUiTest.android.kt:504)
	at androidx.compose.ui.test.junit4.AndroidComposeTestRule.waitUntil(AndroidComposeTestRule.android.kt:339)
	at com.nothatcher.sproutbook.FlowFixture.waitText(FeatureFlowTest.kt:30)
	at com.nothatcher.sproutbook.FlowFixture.care(FeatureFlowTest.kt:43)
	at com.nothatcher.sproutbook.NavigationSweepTest.everyCareDestinationAndSettingsToolsOpen(NavigationSweepTest.kt:28)

FAILURES!!!
Tests run: 13,  Failures: 1


INSTRUMENTATION_CODE: -1
