Picked up JAVA_TOOL_OPTIONS: -Djavax.net.ssl.trustStore=/etc/ssl/certs/java/cacerts -Djavax.net.ssl.trustStorePassword=changeit
To honour the JVM settings for this build a single-use Daemon process will be forked. For more on this, please refer to https://docs.gradle.org/9.3.1/userguide/gradle_daemon.html#sec:disabling_the_daemon in the Gradle documentation.
Daemon will be stopped at the end of the build 

> Configure project :app
w: file:///workspace/scratch/3fca26fbf164/sproutbook-native-v33/app/build.gradle.kts:6:45: 'fun srcDir(srcDir: Any): Any' is deprecated. Use `directories` mutable set instead.
Checking the license for package Android SDK Platform 37.0 in /tmp/sprout-toolchain/android-sdk/licenses
License for package Android SDK Platform 37.0 accepted.
Preparing "Install Android SDK Platform 37.0 (revision 2)".
Warning: Package "Android SDK Platform 37.0" (platforms;android-37.0) should be installed in 
"/tmp/sprout-toolchain/android-sdk/platforms/android-37.0" but 
it already exists.
Installing in "/tmp/sprout-toolchain/android-sdk/platforms/android-37.0-2" instead.
"Install Android SDK Platform 37.0 (revision 2)" ready.
Installing Android SDK Platform 37.0 in /tmp/sprout-toolchain/android-sdk/platforms/android-37.0-2
"Install Android SDK Platform 37.0 (revision 2)" complete.
"Install Android SDK Platform 37.0 (revision 2)" finished.
Observed package id 'platforms;android-37.0' in inconsistent location '/tmp/sprout-toolchain/android-sdk/platforms/android-37.0-2' (Expected '/tmp/sprout-toolchain/android-sdk/platforms/android-37.0')

> Task :core:checkKotlinGradlePluginConfigurationErrors SKIPPED
> Task :core:compileKotlin UP-TO-DATE
> Task :core:compileJava NO-SOURCE
> Task :core:processResources NO-SOURCE
> Task :core:classes UP-TO-DATE
> Task :core:jar UP-TO-DATE
> Task :core:compileTestKotlin UP-TO-DATE
> Task :core:compileTestJava NO-SOURCE
> Task :core:processTestResources NO-SOURCE
> Task :core:testClasses UP-TO-DATE
> Task :core:test UP-TO-DATE
> Task :app:preBuild UP-TO-DATE
> Task :app:preDebugBuild UP-TO-DATE
> Task :app:mergeDebugNativeDebugMetadata NO-SOURCE
> Task :app:generateDebugBuildConfig
> Task :app:generateDebugResources
> Task :app:packageDebugResources
> Task :app:processDebugNavigationResources
> Task :app:parseDebugLocalResources
> Task :app:javaPreCompileDebug
> Task :app:generateDebugAssets UP-TO-DATE
> Task :app:generateDebugRFile
> Task :app:mergeDebugAssets
> Task :app:compressDebugAssets
> Task :app:desugarDebugFileDependencies
> Task :app:checkDebugAarMetadata
> Task :app:mapDebugSourceSetPaths
> Task :app:kspDebugKotlin
> Task :app:compileDebugNavigationResources
> Task :app:mergeDebugResources
> Task :app:createDebugCompatibleScreenManifests
> Task :app:extractDeepLinksDebug
> Task :app:processDebugMainManifest
> Task :app:processDebugManifest
> Task :app:processDebugManifestForPackage
> Task :app:processDebugResources
> Task :app:checkDebugDuplicateClasses
> Task :app:mergeExtDexDebug
> Task :app:mergeLibDexDebug
> Task :app:mergeDebugJniLibFolders
> Task :app:mergeDebugNativeLibs

> Task :app:stripDebugDebugSymbols
Unable to strip the following libraries, packaging them as they are: libandroidx.graphics.path.so, libdatastore_shared_counter.so. Run with --info option to learn more.

> Task :app:validateSigningDebug
> Task :app:writeDebugAppMetadata
> Task :app:writeDebugSigningConfigVersions
> Task :app:preDebugAndroidTestBuild SKIPPED
> Task :app:compileDebugKotlin
> Task :app:processDebugAndroidTestManifest
> Task :app:generateDebugAndroidTestBuildConfig
> Task :app:generateDebugAndroidTestResources
> Task :app:packageDebugAndroidTestResources
> Task :app:processDebugAndroidTestNavigationResources
> Task :app:parseDebugAndroidTestLocalResources
> Task :app:generateDebugAndroidTestRFile
> Task :app:javaPreCompileDebugAndroidTest
> Task :app:generateDebugAndroidTestAssets UP-TO-DATE
> Task :app:mergeDebugAndroidTestAssets
> Task :app:compressDebugAndroidTestAssets
> Task :app:desugarDebugAndroidTestFileDependencies
> Task :app:checkDebugAndroidTestAarMetadata
> Task :app:mapDebugAndroidTestSourceSetPaths
> Task :app:compileDebugAndroidTestNavigationResources
> Task :app:mergeDebugAndroidTestResources
> Task :app:processDebugAndroidTestResources
> Task :app:checkDebugAndroidTestDuplicateClasses
> Task :app:mergeExtDexDebugAndroidTest
> Task :app:mergeLibDexDebugAndroidTest
> Task :app:mergeDebugAndroidTestJniLibFolders
> Task :app:mergeDebugAndroidTestNativeLibs NO-SOURCE
> Task :app:stripDebugAndroidTestDebugSymbols NO-SOURCE
> Task :app:validateSigningDebugAndroidTest
> Task :app:writeDebugAndroidTestSigningConfigVersions

> Task :app:compileDebugKotlin
w: file:///workspace/scratch/3fca26fbf164/sproutbook-native-v33/app/src/main/java/com/nothatcher/sproutbook/features/teeth/ToothArtwork.kt:62:13 'fun quadraticBezierTo(x1: Float, y1: Float, x2: Float, y2: Float): Unit' is deprecated. Use quadraticTo() for consistency with cubicTo().
w: file:///workspace/scratch/3fca26fbf164/sproutbook-native-v33/app/src/main/java/com/nothatcher/sproutbook/features/teeth/ToothArtwork.kt:63:13 'fun quadraticBezierTo(x1: Float, y1: Float, x2: Float, y2: Float): Unit' is deprecated. Use quadraticTo() for consistency with cubicTo().
w: file:///workspace/scratch/3fca26fbf164/sproutbook-native-v33/app/src/main/java/com/nothatcher/sproutbook/features/teeth/ToothArtwork.kt:65:13 'fun quadraticBezierTo(x1: Float, y1: Float, x2: Float, y2: Float): Unit' is deprecated. Use quadraticTo() for consistency with cubicTo().
w: file:///workspace/scratch/3fca26fbf164/sproutbook-native-v33/app/src/main/java/com/nothatcher/sproutbook/features/teeth/ToothArtwork.kt:66:13 'fun quadraticBezierTo(x1: Float, y1: Float, x2: Float, y2: Float): Unit' is deprecated. Use quadraticTo() for consistency with cubicTo().
w: file:///workspace/scratch/3fca26fbf164/sproutbook-native-v33/app/src/main/java/com/nothatcher/sproutbook/features/teeth/ToothArtwork.kt:69:9 'fun quadraticBezierTo(x1: Float, y1: Float, x2: Float, y2: Float): Unit' is deprecated. Use quadraticTo() for consistency with cubicTo().

> Task :app:compileDebugJavaWithJavac
Picked up JAVA_TOOL_OPTIONS: -Djavax.net.ssl.trustStore=/etc/ssl/certs/java/cacerts -Djavax.net.ssl.trustStorePassword=changeit

Picked up JAVA_TOOL_OPTIONS: -Djavax.net.ssl.trustStore=/etc/ssl/certs/java/cacerts -Djavax.net.ssl.trustStorePassword=changeit

Picked up JAVA_TOOL_OPTIONS: -Djavax.net.ssl.trustStore=/etc/ssl/certs/java/cacerts -Djavax.net.ssl.trustStorePassword=changeit


> Task :app:dexBuilderDebug
> Task :app:processDebugJavaRes
> Task :app:mergeDebugGlobalSynthetics
> Task :app:mergeProjectDexDebug
> Task :app:bundleDebugClassesToCompileJar
> Task :app:mergeDebugJavaResource
> Task :app:kspDebugAndroidTestKotlin
> Task :app:packageDebug
> Task :app:createDebugApkListingFileRedirect
> Task :app:assembleDebug
> Task :app:compileDebugAndroidTestKotlin
> Task :app:compileDebugAndroidTestJavaWithJavac
> Task :app:dexBuilderDebugAndroidTest
> Task :app:processDebugAndroidTestJavaRes
> Task :app:mergeDebugAndroidTestGlobalSynthetics
> Task :app:mergeDebugAndroidTestJavaResource
> Task :app:mergeProjectDexDebugAndroidTest
> Task :app:packageDebugAndroidTest
> Task :app:createDebugAndroidTestApkListingFileRedirect
> Task :app:assembleDebugAndroidTest

BUILD SUCCESSFUL in 4m 57s
76 actionable tasks: 72 executed, 4 up-to-date
Consider enabling configuration cache to speed up this build: https://docs.gradle.org/9.3.1/userguide/configuration_cache_enabling.html
