INSTRUMENTATION_STATUS: class=com.nothatcher.sproutbook.GestureTest
INSTRUMENTATION_STATUS: current=1
INSTRUMENTATION_STATUS: id=AndroidJUnitRunner
INSTRUMENTATION_STATUS: numtests=12
INSTRUMENTATION_STATUS: stream=
com.nothatcher.sproutbook.GestureTest:
INSTRUMENTATION_STATUS: test=toothTapOnlyViewsLongPressChanges
INSTRUMENTATION_STATUS_CODE: 1
INSTRUMENTATION_STATUS: class=com.nothatcher.sproutbook.GestureTest
INSTRUMENTATION_STATUS: current=1
INSTRUMENTATION_STATUS: id=AndroidJUnitRunner
INSTRUMENTATION_STATUS: numtests=12
INSTRUMENTATION_STATUS: stream=.
INSTRUMENTATION_STATUS: test=toothTapOnlyViewsLongPressChanges
INSTRUMENTATION_STATUS_CODE: 0
INSTRUMENTATION_STATUS: class=com.nothatcher.sproutbook.GestureTest
INSTRUMENTATION_STATUS: current=2
INSTRUMENTATION_STATUS: id=AndroidJUnitRunner
INSTRUMENTATION_STATUS: numtests=12
INSTRUMENTATION_STATUS: stream=
INSTRUMENTATION_STATUS: test=arrangeLeafSnapsAndScrollDoesNotOpenIt
INSTRUMENTATION_STATUS_CODE: 1
INSTRUMENTATION_STATUS: class=com.nothatcher.sproutbook.GestureTest
INSTRUMENTATION_STATUS: current=2
INSTRUMENTATION_STATUS: id=AndroidJUnitRunner
INSTRUMENTATION_STATUS: numtests=12
INSTRUMENTATION_STATUS: stream=.
INSTRUMENTATION_STATUS: test=arrangeLeafSnapsAndScrollDoesNotOpenIt
INSTRUMENTATION_STATUS_CODE: 0
INSTRUMENTATION_STATUS: class=com.nothatcher.sproutbook.GestureTest
INSTRUMENTATION_STATUS: current=3
INSTRUMENTATION_STATUS: id=AndroidJUnitRunner
INSTRUMENTATION_STATUS: numtests=12
INSTRUMENTATION_STATUS: stream=
INSTRUMENTATION_STATUS: test=longPressDragSnapsToBranch
INSTRUMENTATION_STATUS_CODE: 1
INSTRUMENTATION_STATUS: class=com.nothatcher.sproutbook.GestureTest
INSTRUMENTATION_STATUS: current=3
INSTRUMENTATION_STATUS: id=AndroidJUnitRunner
INSTRUMENTATION_STATUS: numtests=12
INSTRUMENTATION_STATUS: stream=.
INSTRUMENTATION_STATUS: test=longPressDragSnapsToBranch
INSTRUMENTATION_STATUS_CODE: 0
INSTRUMENTATION_STATUS: class=com.nothatcher.sproutbook.GestureTest
INSTRUMENTATION_STATUS: current=4
INSTRUMENTATION_STATUS: id=AndroidJUnitRunner
INSTRUMENTATION_STATUS: numtests=12
INSTRUMENTATION_STATUS: stream=
INSTRUMENTATION_STATUS: test=scrollingAcrossToothNeverChangesOrOpensIt
INSTRUMENTATION_STATUS_CODE: 1
INSTRUMENTATION_STATUS: class=com.nothatcher.sproutbook.GestureTest
INSTRUMENTATION_STATUS: current=4
INSTRUMENTATION_STATUS: id=AndroidJUnitRunner
INSTRUMENTATION_STATUS: numtests=12
INSTRUMENTATION_STATUS: stream=.
INSTRUMENTATION_STATUS: test=scrollingAcrossToothNeverChangesOrOpensIt
INSTRUMENTATION_STATUS_CODE: 0
INSTRUMENTATION_STATUS: class=com.nothatcher.sproutbook.GestureTest
INSTRUMENTATION_STATUS: current=5
INSTRUMENTATION_STATUS: id=AndroidJUnitRunner
INSTRUMENTATION_STATUS: numtests=12
INSTRUMENTATION_STATUS: stream=
INSTRUMENTATION_STATUS: test=calendarLongPressKeepsDate
INSTRUMENTATION_STATUS_CODE: 1
INSTRUMENTATION_STATUS: class=com.nothatcher.sproutbook.GestureTest
INSTRUMENTATION_STATUS: current=5
INSTRUMENTATION_STATUS: id=AndroidJUnitRunner
INSTRUMENTATION_STATUS: numtests=12
INSTRUMENTATION_STATUS: stream=.
INSTRUMENTATION_STATUS: test=calendarLongPressKeepsDate
INSTRUMENTATION_STATUS_CODE: 0
INSTRUMENTATION_STATUS: class=com.nothatcher.sproutbook.SoundTest
INSTRUMENTATION_STATUS: current=6
INSTRUMENTATION_STATUS: id=AndroidJUnitRunner
INSTRUMENTATION_STATUS: numtests=12
INSTRUMENTATION_STATUS: stream=
com.nothatcher.sproutbook.SoundTest:
INSTRUMENTATION_STATUS: test=pausedSwitchDoesNotInterruptAnotherAudioFocusOwner
INSTRUMENTATION_STATUS_CODE: 1
INSTRUMENTATION_STATUS: class=com.nothatcher.sproutbook.SoundTest
INSTRUMENTATION_STATUS: current=6
INSTRUMENTATION_STATUS: id=AndroidJUnitRunner
INSTRUMENTATION_STATUS: numtests=12
INSTRUMENTATION_STATUS: stream=.
INSTRUMENTATION_STATUS: test=pausedSwitchDoesNotInterruptAnotherAudioFocusOwner
INSTRUMENTATION_STATUS_CODE: 0
INSTRUMENTATION_STATUS: class=com.nothatcher.sproutbook.SoundTest
INSTRUMENTATION_STATUS: current=7
INSTRUMENTATION_STATUS: id=AndroidJUnitRunner
INSTRUMENTATION_STATUS: numtests=12
INSTRUMENTATION_STATUS: stream=
INSTRUMENTATION_STATUS: test=nativeAudioStartsAndStopsEverySound
INSTRUMENTATION_STATUS_CODE: 1
INSTRUMENTATION_STATUS: class=com.nothatcher.sproutbook.SoundTest
INSTRUMENTATION_STATUS: current=7
INSTRUMENTATION_STATUS: id=AndroidJUnitRunner
INSTRUMENTATION_STATUS: numtests=12
INSTRUMENTATION_STATUS: stream=.
INSTRUMENTATION_STATUS: test=nativeAudioStartsAndStopsEverySound
INSTRUMENTATION_STATUS_CODE: 0
INSTRUMENTATION_STATUS: class=com.nothatcher.sproutbook.SoundTest
INSTRUMENTATION_STATUS: current=8
INSTRUMENTATION_STATUS: id=AndroidJUnitRunner
INSTRUMENTATION_STATUS: numtests=12
INSTRUMENTATION_STATUS: stream=
INSTRUMENTATION_STATUS: test=pauseResumeFreezesCountdownAndSwitchKeepsPausedState
INSTRUMENTATION_STATUS_CODE: 1
INSTRUMENTATION_STATUS: class=com.nothatcher.sproutbook.SoundTest
INSTRUMENTATION_STATUS: current=8
INSTRUMENTATION_STATUS: id=AndroidJUnitRunner
INSTRUMENTATION_STATUS: numtests=12
INSTRUMENTATION_STATUS: stream=.
INSTRUMENTATION_STATUS: test=pauseResumeFreezesCountdownAndSwitchKeepsPausedState
INSTRUMENTATION_STATUS_CODE: 0
INSTRUMENTATION_STATUS: class=com.nothatcher.sproutbook.CareUpgradeTest
INSTRUMENTATION_STATUS: current=9
INSTRUMENTATION_STATUS: id=AndroidJUnitRunner
INSTRUMENTATION_STATUS: numtests=12
INSTRUMENTATION_STATUS: stream=
com.nothatcher.sproutbook.CareUpgradeTest:
INSTRUMENTATION_STATUS: test=pendingSoundChoicesSurviveChangingTabs
INSTRUMENTATION_STATUS_CODE: 1
INSTRUMENTATION_STATUS: class=com.nothatcher.sproutbook.CareUpgradeTest
INSTRUMENTATION_STATUS: current=9
INSTRUMENTATION_STATUS: id=AndroidJUnitRunner
INSTRUMENTATION_STATUS: numtests=12
INSTRUMENTATION_STATUS: stream=.
INSTRUMENTATION_STATUS: test=pendingSoundChoicesSurviveChangingTabs
INSTRUMENTATION_STATUS_CODE: 0
INSTRUMENTATION_STATUS: class=com.nothatcher.sproutbook.CareUpgradeTest
INSTRUMENTATION_STATUS: current=10
INSTRUMENTATION_STATUS: id=AndroidJUnitRunner
INSTRUMENTATION_STATUS: numtests=12
INSTRUMENTATION_STATUS: stream=
INSTRUMENTATION_STATUS: test=soundButtonsPauseResumeSwitchAndStopActualService
INSTRUMENTATION_STATUS_CODE: 1
INSTRUMENTATION_STATUS: class=com.nothatcher.sproutbook.CareUpgradeTest
INSTRUMENTATION_STATUS: current=10
INSTRUMENTATION_STATUS: id=AndroidJUnitRunner
INSTRUMENTATION_STATUS: numtests=12
INSTRUMENTATION_STATUS: stream=.
INSTRUMENTATION_STATUS: test=soundButtonsPauseResumeSwitchAndStopActualService
INSTRUMENTATION_STATUS_CODE: 0
INSTRUMENTATION_STATUS: class=com.nothatcher.sproutbook.CareUpgradeTest
INSTRUMENTATION_STATUS: current=11
INSTRUMENTATION_STATUS: id=AndroidJUnitRunner
INSTRUMENTATION_STATUS: numtests=12
INSTRUMENTATION_STATUS: stream=
INSTRUMENTATION_STATUS: test=toothDateSurvivesRestartAndCaregiverCannotEdit
INSTRUMENTATION_STATUS_CODE: 1
INSTRUMENTATION_STATUS: class=com.nothatcher.sproutbook.CareUpgradeTest
INSTRUMENTATION_STATUS: current=11
INSTRUMENTATION_STATUS: id=AndroidJUnitRunner
INSTRUMENTATION_STATUS: numtests=12
INSTRUMENTATION_STATUS: stream=.
INSTRUMENTATION_STATUS: test=toothDateSurvivesRestartAndCaregiverCannotEdit
INSTRUMENTATION_STATUS_CODE: 0
INSTRUMENTATION_STATUS: class=com.nothatcher.sproutbook.CareUpgradeTest
INSTRUMENTATION_STATUS: current=12
INSTRUMENTATION_STATUS: id=AndroidJUnitRunner
INSTRUMENTATION_STATUS: numtests=12
INSTRUMENTATION_STATUS: stream=
INSTRUMENTATION_STATUS: test=adviceTabsSearchAndExpandNewArticles
INSTRUMENTATION_STATUS_CODE: 1
INSTRUMENTATION_STATUS: class=com.nothatcher.sproutbook.CareUpgradeTest
INSTRUMENTATION_STATUS: current=12
INSTRUMENTATION_STATUS: id=AndroidJUnitRunner
INSTRUMENTATION_STATUS: numtests=12
INSTRUMENTATION_STATUS: stream=.
INSTRUMENTATION_STATUS: test=adviceTabsSearchAndExpandNewArticles
INSTRUMENTATION_STATUS_CODE: 0
INSTRUMENTATION_RESULT: stream=

Time: 384.802

OK (12 tests)


INSTRUMENTATION_CODE: -1
