INSTRUMENTATION_STATUS: class=com.nothatcher.sproutbook.SoundTest
INSTRUMENTATION_STATUS: current=1
INSTRUMENTATION_STATUS: id=AndroidJUnitRunner
INSTRUMENTATION_STATUS: numtests=1
INSTRUMENTATION_STATUS: stream=
com.nothatcher.sproutbook.SoundTest:
INSTRUMENTATION_STATUS: test=pausedSwitchDoesNotInterruptAnotherAudioFocusOwner
INSTRUMENTATION_STATUS_CODE: 1
INSTRUMENTATION_STATUS: class=com.nothatcher.sproutbook.SoundTest
INSTRUMENTATION_STATUS: current=1
INSTRUMENTATION_STATUS: id=AndroidJUnitRunner
INSTRUMENTATION_STATUS: numtests=1
INSTRUMENTATION_STATUS: stack=java.lang.AssertionError: Changing a paused backdrop must not steal audio focus
	at org.junit.Assert.fail(Assert.java:89)
	at org.junit.Assert.assertTrue(Assert.java:42)
	at org.junit.Assert.assertFalse(Assert.java:65)
	at com.nothatcher.sproutbook.SoundTest.pausedSwitchDoesNotInterruptAnotherAudioFocusOwner(SoundTest.kt:90)

INSTRUMENTATION_STATUS: stream=
Error in pausedSwitchDoesNotInterruptAnotherAudioFocusOwner(com.nothatcher.sproutbook.SoundTest):
java.lang.AssertionError: Changing a paused backdrop must not steal audio focus
	at org.junit.Assert.fail(Assert.java:89)
	at org.junit.Assert.assertTrue(Assert.java:42)
	at org.junit.Assert.assertFalse(Assert.java:65)
	at com.nothatcher.sproutbook.SoundTest.pausedSwitchDoesNotInterruptAnotherAudioFocusOwner(SoundTest.kt:90)

INSTRUMENTATION_STATUS: test=pausedSwitchDoesNotInterruptAnotherAudioFocusOwner
INSTRUMENTATION_STATUS_CODE: -2
INSTRUMENTATION_RESULT: stream=

Time: 38.73
There was 1 failure:
1) pausedSwitchDoesNotInterruptAnotherAudioFocusOwner(com.nothatcher.sproutbook.SoundTest)
java.lang.AssertionError: Changing a paused backdrop must not steal audio focus
	at org.junit.Assert.fail(Assert.java:89)
	at org.junit.Assert.assertTrue(Assert.java:42)
	at org.junit.Assert.assertFalse(Assert.java:65)
	at com.nothatcher.sproutbook.SoundTest.pausedSwitchDoesNotInterruptAnotherAudioFocusOwner(SoundTest.kt:90)

FAILURES!!!
Tests run: 1,  Failures: 1


INSTRUMENTATION_CODE: -1
