UTC: 2026-10-03T11:08:59.514151+00:00
Format 4 verification. Isolated Kotlin 2.2.21/JDK 17 compiler and JUnit 4.13.2; no Gradle/shared build output.
Snapshot: /tmp/wishlist-core-green-v4-kaq2jf38
Compile source files: 44
Compile command: /workspace/scratch/sprout-toolchain/amazon-corretto-17.0.20.12.1-linux-x64/bin/java -cp '/workspace/scratch/sprout-toolchain/gradle-9.3.1/lib/*' org.jetbrains.kotlin.cli.jvm.K2JVMCompiler -no-stdlib -no-reflect -jvm-target 17 -classpath /workspace/scratch/sprout-toolchain/gradle-9.3.1/lib/kotlin-stdlib-2.2.21.jar:/workspace/scratch/sprout-toolchain/gradle-9.3.1/lib/annotations-24.0.1.jar:/workspace/scratch/sproutbook-gradle/caches/modules-2/files-2.1/com.google.code.gson/gson/2.12.1/4e773a317740b83b43cfc3d652962856041697cb/gson-2.12.1.jar:/workspace/scratch/sproutbook-gradle/caches/modules-2/files-2.1/junit/junit/4.13.2/8ac9e16d933b6fb43bc7f576336b8f4d7eb5ba12/junit-4.13.2.jar:/workspace/scratch/sproutbook-gradle/caches/modules-2/files-2.1/org.hamcrest/hamcrest-core/1.3/42a25dc3219429f0e5d060061f71acb49bf010a0/hamcrest-core-1.3.jar -d /tmp/wishlist-core-green-v4-kaq2jf38/classes /tmp/wishlist-core-green-v4-kaq2jf38/android/core/src/main/kotlin/com/nothatcher/sproutbook/core/AdviceCatalog.kt /tmp/wishlist-core-green-v4-kaq2jf38/android/core/src/main/kotlin/com/nothatcher/sproutbook/core/BackupFormat.kt /tmp/wishlist-core-green-v4-kaq2jf38/android/core/src/main/kotlin/com/nothatcher/sproutbook/core/BirthPlanCatalog.kt /tmp/wishlist-core-green-v4-kaq2jf38/android/core/src/main/kotlin/com/nothatcher/sproutbook/core/BirthPlanningCatalog.kt /tmp/wishlist-core-green-v4-kaq2jf38/android/core/src/main/kotlin/com/nothatcher/sproutbook/core/BoundedIo.kt /tmp/wishlist-core-green-v4-kaq2jf38/android/core/src/main/kotlin/com/nothatcher/sproutbook/core/CalendarRules.kt /tmp/wishlist-core-green-v4-kaq2jf38/android/core/src/main/kotlin/com/nothatcher/sproutbook/core/DevelopmentRules.kt /tmp/wishlist-core-green-v4-kaq2jf38/android/core/src/main/kotlin/com/nothatcher/sproutbook/core/FeedingMath.kt /tmp/wishlist-core-green-v4-kaq2jf38/android/core/src/main/kotlin/com/nothatcher/sproutbook/core/GrowthMath.kt /tmp/wishlist-core-green-v4-kaq2jf38/android/core/src/main/kotlin/com/nothatcher/sproutbook/core/HouseholdRules.kt /tmp/wishlist-core-green-v4-kaq2jf38/android/core/src/main/kotlin/com/nothatcher/sproutbook/core/MoreAdvice.kt /tmp/wishlist-core-green-v4-kaq2jf38/android/core/src/main/kotlin/com/nothatcher/sproutbook/core/PregnancyRules.kt /tmp/wishlist-core-green-v4-kaq2jf38/android/core/src/main/kotlin/com/nothatcher/sproutbook/core/ProfileRules.kt /tmp/wishlist-core-green-v4-kaq2jf38/android/core/src/main/kotlin/com/nothatcher/sproutbook/core/RecordTime.kt /tmp/wishlist-core-green-v4-kaq2jf38/android/core/src/main/kotlin/com/nothatcher/sproutbook/core/RoutineRules.kt /tmp/wishlist-core-green-v4-kaq2jf38/android/core/src/main/kotlin/com/nothatcher/sproutbook/core/SleepMath.kt /tmp/wishlist-core-green-v4-kaq2jf38/android/core/src/main/kotlin/com/nothatcher/sproutbook/core/SolidsRules.kt /tmp/wishlist-core-green-v4-kaq2jf38/android/core/src/main/kotlin/com/nothatcher/sproutbook/core/SoundCatalog.kt /tmp/wishlist-core-green-v4-kaq2jf38/android/core/src/main/kotlin/com/nothatcher/sproutbook/core/TreeLayout.kt /tmp/wishlist-core-green-v4-kaq2jf38/android/core/src/main/kotlin/com/nothatcher/sproutbook/core/WishlistRules.kt /tmp/wishlist-core-green-v4-kaq2jf38/android/core/src/main/kotlin/com/nothatcher/sproutbook/core/WoodlandMotion.kt /tmp/wishlist-core-green-v4-kaq2jf38/android/core/src/test/kotlin/com/nothatcher/sproutbook/core/AdviceCatalogTest.kt /tmp/wishlist-core-green-v4-kaq2jf38/android/core/src/test/kotlin/com/nothatcher/sproutbook/core/AdviceUpgradeTest.kt /tmp/wishlist-core-green-v4-kaq2jf38/android/core/src/test/kotlin/com/nothatcher/sproutbook/core/BackupFormatTest.kt /tmp/wishlist-core-green-v4-kaq2jf38/android/core/src/test/kotlin/com/nothatcher/sproutbook/core/BirthAdviceTest.kt /tmp/wishlist-core-green-v4-kaq2jf38/android/core/src/test/kotlin/com/nothatcher/sproutbook/core/BirthPlanningCatalogTest.kt /tmp/wishlist-core-green-v4-kaq2jf38/android/core/src/test/kotlin/com/nothatcher/sproutbook/core/BoundedIoTest.kt /tmp/wishlist-core-green-v4-kaq2jf38/android/core/src/test/kotlin/com/nothatcher/sproutbook/core/CalendarTest.kt /tmp/wishlist-core-green-v4-kaq2jf38/android/core/src/test/kotlin/com/nothatcher/sproutbook/core/DevelopmentRulesTest.kt /tmp/wishlist-core-green-v4-kaq2jf38/android/core/src/test/kotlin/com/nothatcher/sproutbook/core/EverydayBackupTest.kt /tmp/wishlist-core-green-v4-kaq2jf38/android/core/src/test/kotlin/com/nothatcher/sproutbook/core/FeedingMathTest.kt /tmp/wishlist-core-green-v4-kaq2jf38/android/core/src/test/kotlin/com/nothatcher/sproutbook/core/GrowthMathTest.kt /tmp/wishlist-core-green-v4-kaq2jf38/android/core/src/test/kotlin/com/nothatcher/sproutbook/core/HouseholdRulesTest.kt /tmp/wishlist-core-green-v4-kaq2jf38/android/core/src/test/kotlin/com/nothatcher/sproutbook/core/PregnancyRulesTest.kt /tmp/wishlist-core-green-v4-kaq2jf38/android/core/src/test/kotlin/com/nothatcher/sproutbook/core/ProfileRulesTest.kt /tmp/wishlist-core-green-v4-kaq2jf38/android/core/src/test/kotlin/com/nothatcher/sproutbook/core/RecordTimeTest.kt /tmp/wishlist-core-green-v4-kaq2jf38/android/core/src/test/kotlin/com/nothatcher/sproutbook/core/RoutineRulesTest.kt /tmp/wishlist-core-green-v4-kaq2jf38/android/core/src/test/kotlin/com/nothatcher/sproutbook/core/SleepMathTest.kt /tmp/wishlist-core-green-v4-kaq2jf38/android/core/src/test/kotlin/com/nothatcher/sproutbook/core/SolidsRulesTest.kt /tmp/wishlist-core-green-v4-kaq2jf38/android/core/src/test/kotlin/com/nothatcher/sproutbook/core/SoundTimerTest.kt /tmp/wishlist-core-green-v4-kaq2jf38/android/core/src/test/kotlin/com/nothatcher/sproutbook/core/SoundUpgradeTest.kt /tmp/wishlist-core-green-v4-kaq2jf38/android/core/src/test/kotlin/com/nothatcher/sproutbook/core/TreeTest.kt /tmp/wishlist-core-green-v4-kaq2jf38/android/core/src/test/kotlin/com/nothatcher/sproutbook/core/WishlistBackupTest.kt /tmp/wishlist-core-green-v4-kaq2jf38/android/core/src/test/kotlin/com/nothatcher/sproutbook/core/WoodlandMotionTest.kt
Compile exit: 0

Wishlist backup tests
Command: /workspace/scratch/sprout-toolchain/amazon-corretto-17.0.20.12.1-linux-x64/bin/java -cp /tmp/wishlist-core-green-v4-kaq2jf38/classes:/workspace/scratch/sprout-toolchain/gradle-9.3.1/lib/kotlin-stdlib-2.2.21.jar:/workspace/scratch/sprout-toolchain/gradle-9.3.1/lib/annotations-24.0.1.jar:/workspace/scratch/sproutbook-gradle/caches/modules-2/files-2.1/com.google.code.gson/gson/2.12.1/4e773a317740b83b43cfc3d652962856041697cb/gson-2.12.1.jar:/workspace/scratch/sproutbook-gradle/caches/modules-2/files-2.1/junit/junit/4.13.2/8ac9e16d933b6fb43bc7f576336b8f4d7eb5ba12/junit-4.13.2.jar:/workspace/scratch/sproutbook-gradle/caches/modules-2/files-2.1/org.hamcrest/hamcrest-core/1.3/42a25dc3219429f0e5d060061f71acb49bf010a0/hamcrest-core-1.3.jar org.junit.runner.JUnitCore com.nothatcher.sproutbook.core.WishlistBackupTest
JUnit exit: 0
JUnit version 4.13.2
..........................
Time: 0.186

OK (26 tests)


Full core tests
Command: /workspace/scratch/sprout-toolchain/amazon-corretto-17.0.20.12.1-linux-x64/bin/java -cp /tmp/wishlist-core-green-v4-kaq2jf38/classes:/workspace/scratch/sprout-toolchain/gradle-9.3.1/lib/kotlin-stdlib-2.2.21.jar:/workspace/scratch/sprout-toolchain/gradle-9.3.1/lib/annotations-24.0.1.jar:/workspace/scratch/sproutbook-gradle/caches/modules-2/files-2.1/com.google.code.gson/gson/2.12.1/4e773a317740b83b43cfc3d652962856041697cb/gson-2.12.1.jar:/workspace/scratch/sproutbook-gradle/caches/modules-2/files-2.1/junit/junit/4.13.2/8ac9e16d933b6fb43bc7f576336b8f4d7eb5ba12/junit-4.13.2.jar:/workspace/scratch/sproutbook-gradle/caches/modules-2/files-2.1/org.hamcrest/hamcrest-core/1.3/42a25dc3219429f0e5d060061f71acb49bf010a0/hamcrest-core-1.3.jar org.junit.runner.JUnitCore com.nothatcher.sproutbook.core.AdviceCatalogTest com.nothatcher.sproutbook.core.AdviceUpgradeTest com.nothatcher.sproutbook.core.BackupFormatTest com.nothatcher.sproutbook.core.BirthAdviceTest com.nothatcher.sproutbook.core.BirthPlanningCatalogTest com.nothatcher.sproutbook.core.BoundedIoTest com.nothatcher.sproutbook.core.CalendarTest com.nothatcher.sproutbook.core.DevelopmentRulesTest com.nothatcher.sproutbook.core.EverydayBackupTest com.nothatcher.sproutbook.core.FeedingMathTest com.nothatcher.sproutbook.core.GrowthMathTest com.nothatcher.sproutbook.core.HouseholdRulesTest com.nothatcher.sproutbook.core.PregnancyRulesTest com.nothatcher.sproutbook.core.ProfileRulesTest com.nothatcher.sproutbook.core.RecordTimeTest com.nothatcher.sproutbook.core.RoutineRulesTest com.nothatcher.sproutbook.core.SleepMathTest com.nothatcher.sproutbook.core.SolidsRulesTest com.nothatcher.sproutbook.core.SoundTimerTest com.nothatcher.sproutbook.core.SoundUpgradeTest com.nothatcher.sproutbook.core.TreeTest com.nothatcher.sproutbook.core.WishlistBackupTest com.nothatcher.sproutbook.core.WoodlandMotionTest
JUnit exit: 0
JUnit version 4.13.2
.............................................................................................................
Time: 0.381

OK (109 tests)


Source SHA256:
03122df350e60f9e778a62019f46dd2b4dcb3520cd755f25d41350c929432812 android/core/src/main/kotlin/com/nothatcher/sproutbook/core/AdviceCatalog.kt
5c167479c1d1dd4d5d5126a135b9dbe7a6e624d807648886c5f6e25cb677f197 android/core/src/main/kotlin/com/nothatcher/sproutbook/core/BackupFormat.kt
958331f18eae464335da0c2f8b2bec68c1c9de44fde25403fb84a1cd903f54b9 android/core/src/main/kotlin/com/nothatcher/sproutbook/core/BirthPlanCatalog.kt
b7b14e91a02ecd84258535307e01ec37aa51d1c3cd7dd508739521b4ff2db4aa android/core/src/main/kotlin/com/nothatcher/sproutbook/core/BirthPlanningCatalog.kt
7557b9ea216da7195c33e474707bf9132b5d6efc102d0693c2fed724bf0f4d20 android/core/src/main/kotlin/com/nothatcher/sproutbook/core/BoundedIo.kt
9a2e2d96cf9a484808f4892523b0f7e2490c0d65f4faee95505cde0aa20b3095 android/core/src/main/kotlin/com/nothatcher/sproutbook/core/CalendarRules.kt
34c2fc7da93d55ea864ee23cbdc6949c48d53dc44ceb8013dde3e789627ed194 android/core/src/main/kotlin/com/nothatcher/sproutbook/core/DevelopmentRules.kt
4ee196acfb696f4d3adc41b2f0fa3ac953d230364c0d635773571b065a813399 android/core/src/main/kotlin/com/nothatcher/sproutbook/core/FeedingMath.kt
b9c15d89eced203312e697d2de7bd985352cdc0a172511bc0c2824db26a302e6 android/core/src/main/kotlin/com/nothatcher/sproutbook/core/GrowthMath.kt
57c40ba6aa6189110c2e03a001311b93be86a2d9b20d909cf31cebcdf4ca80da android/core/src/main/kotlin/com/nothatcher/sproutbook/core/HouseholdRules.kt
c81e11a0181fa4deccd47b60d38f28dd76cbe043cf9647b44c2c3c48817b4b59 android/core/src/main/kotlin/com/nothatcher/sproutbook/core/MoreAdvice.kt
7bafc1a8c2b4d242987a2e0c0bb089eef6c6e7953da5b4ee5dbd301a8ec82364 android/core/src/main/kotlin/com/nothatcher/sproutbook/core/PregnancyRules.kt
1b59bd7cb355c78598b2d47e8b892f186d0caec0ab87eaf7e8a39c78daa4b192 android/core/src/main/kotlin/com/nothatcher/sproutbook/core/ProfileRules.kt
1dd5ad9d65b7a4e32f70d1e4820504bf441a8093f2f82c892705b64f61acc003 android/core/src/main/kotlin/com/nothatcher/sproutbook/core/RecordTime.kt
5ff6cf5e5ba3f6eea821fe394c80d548fb09438e9d3ce222c71b88eea82834b5 android/core/src/main/kotlin/com/nothatcher/sproutbook/core/RoutineRules.kt
44a8be2ca038f9ea3baf89100437175b52cd08820c1767b802dbab622258cb47 android/core/src/main/kotlin/com/nothatcher/sproutbook/core/SleepMath.kt
79b698133d87cafb6e0abe2974d292d4986596fda64895cade7296ae87e3ce2c android/core/src/main/kotlin/com/nothatcher/sproutbook/core/SolidsRules.kt
ca43cd46811a6f0497075a49f25fd37425231d65a85558466526d07a151b11cd android/core/src/main/kotlin/com/nothatcher/sproutbook/core/SoundCatalog.kt
baaddd7ee905677981a3cd864bb7318750305d2f89113b9c18410287ca3c2fde android/core/src/main/kotlin/com/nothatcher/sproutbook/core/TreeLayout.kt
f96aaa3846cf4db56d4fff621eb86361ebb76c181ce1ad933bb305a0aebaf118 android/core/src/main/kotlin/com/nothatcher/sproutbook/core/WishlistRules.kt
859bd78c000f8ecfb1e80b0eb171d72d9cbd6c3bb00eb96ef65c3dd9bda5bc5f android/core/src/main/kotlin/com/nothatcher/sproutbook/core/WoodlandMotion.kt
5918f9c5ea393bc7c21104ae2d68ea30b12cd4b1041d925f3c3a42795d76ed59 android/core/src/test/kotlin/com/nothatcher/sproutbook/core/AdviceCatalogTest.kt
2c00a5334c312b5eb326a82b23b15026db62791cbc614ac4a371460cac975418 android/core/src/test/kotlin/com/nothatcher/sproutbook/core/AdviceUpgradeTest.kt
c59b8d66349ed785466052cffd4241acf2fd24b75443029e5e2fd0a9a76ec0e4 android/core/src/test/kotlin/com/nothatcher/sproutbook/core/BackupFormatTest.kt
71ea859debe6a152a28f7c614990e743afcdbda41c3a5129ab658484da43d4e3 android/core/src/test/kotlin/com/nothatcher/sproutbook/core/BirthAdviceTest.kt
1275b88d8313a670e50bbc4838d36d605276d8280d29742b89cebbb582392034 android/core/src/test/kotlin/com/nothatcher/sproutbook/core/BirthPlanningCatalogTest.kt
b39203229f7dd0dd78ac0a4d199578f3f451be2efc52d2093968fc3130d803bf android/core/src/test/kotlin/com/nothatcher/sproutbook/core/BoundedIoTest.kt
f4c4a36bdc7aee58a739fc9498e8535b45df37f607a7a907193788af28a6c9aa android/core/src/test/kotlin/com/nothatcher/sproutbook/core/CalendarTest.kt
a8b4756c14173359e315849179a953cf82f2e1c7e0bdb6dcb0816112b51cdc29 android/core/src/test/kotlin/com/nothatcher/sproutbook/core/DevelopmentRulesTest.kt
b80f94d7f517b6a6a2d7bfae247eebe5835838d8146e90e76dbb7427a9e73b5e android/core/src/test/kotlin/com/nothatcher/sproutbook/core/EverydayBackupTest.kt
acab254dc510a830e16a6bbfd13c8b6d1f0d21a9b66a19ba594625aaa600e93f android/core/src/test/kotlin/com/nothatcher/sproutbook/core/FeedingMathTest.kt
0634de5dd20253ad15346be605d9c8ba10e2396fa39cf88187453b7517d69fae android/core/src/test/kotlin/com/nothatcher/sproutbook/core/GrowthMathTest.kt
01439c90926c33d8bf7378b45d8013a7d09700fc9882dde2496286278fe636bf android/core/src/test/kotlin/com/nothatcher/sproutbook/core/HouseholdRulesTest.kt
c629231a051a2204b30dac7845e2596dbd493a1876b9b1039b40b049b5a97c91 android/core/src/test/kotlin/com/nothatcher/sproutbook/core/PregnancyRulesTest.kt
acb01ff11eb9448cdfb5062b3ee13a175ce51c771580001ad4b32421bc85b4f2 android/core/src/test/kotlin/com/nothatcher/sproutbook/core/ProfileRulesTest.kt
d86443880069146e8166c774ececd06652196df9c40ce7b3423c4fb56bc7a0c1 android/core/src/test/kotlin/com/nothatcher/sproutbook/core/RecordTimeTest.kt
0426e5ab54e19985f6b76f990a5cf5235d45bfd15f4cebbce7d1e235c8f1808a android/core/src/test/kotlin/com/nothatcher/sproutbook/core/RoutineRulesTest.kt
6499325b0c7da3cfad92df2ca6c2c669787fd4a72a67905e1a7aec314e2d0b3d android/core/src/test/kotlin/com/nothatcher/sproutbook/core/SleepMathTest.kt
5fc1769aeace2f139e1407ad3dcbcae05b435496c7fa3b0cd0d7a3bd365af1e6 android/core/src/test/kotlin/com/nothatcher/sproutbook/core/SolidsRulesTest.kt
4fe74e0591b25f26bc02ce97a879f15e6b74b765a507795e08cb465be45de8eb android/core/src/test/kotlin/com/nothatcher/sproutbook/core/SoundTimerTest.kt
dd246d1c93ceb7783325da1c9c331c5fa5cf4a020b29624dd5af321f45cf50f2 android/core/src/test/kotlin/com/nothatcher/sproutbook/core/SoundUpgradeTest.kt
4235a6f1ead8cbb0dfe570efd70e0a9137c0e54412da5e0765b131474a2ae5e7 android/core/src/test/kotlin/com/nothatcher/sproutbook/core/TreeTest.kt
88994108a4a84b869ac8f0d9f44919e62c820f4791d74ce58e4c0d8ae243371f android/core/src/test/kotlin/com/nothatcher/sproutbook/core/WishlistBackupTest.kt
d57692bb68648182a616d547456e678d55a0cb3b418d498bf18f20039e514f21 android/core/src/test/kotlin/com/nothatcher/sproutbook/core/WoodlandMotionTest.kt