INSTRUMENTATION_STATUS: class=com.nothatcher.sproutbook.NavigationTest
INSTRUMENTATION_STATUS: current=1
INSTRUMENTATION_STATUS: id=AndroidJUnitRunner
INSTRUMENTATION_STATUS: numtests=15
INSTRUMENTATION_STATUS: stream=
com.nothatcher.sproutbook.NavigationTest:
INSTRUMENTATION_STATUS: test=profileCreationEnablesSafeNavigation
INSTRUMENTATION_STATUS_CODE: 1
INSTRUMENTATION_STATUS: class=com.nothatcher.sproutbook.NavigationTest
INSTRUMENTATION_STATUS: current=1
INSTRUMENTATION_STATUS: id=AndroidJUnitRunner
INSTRUMENTATION_STATUS: numtests=15
INSTRUMENTATION_STATUS: stream=.
INSTRUMENTATION_STATUS: test=profileCreationEnablesSafeNavigation
INSTRUMENTATION_STATUS_CODE: 0
INSTRUMENTATION_STATUS: class=com.nothatcher.sproutbook.NewCareFlowTest
INSTRUMENTATION_STATUS: current=2
INSTRUMENTATION_STATUS: id=AndroidJUnitRunner
INSTRUMENTATION_STATUS: numtests=15
INSTRUMENTATION_STATUS: stream=
com.nothatcher.sproutbook.NewCareFlowTest:
INSTRUMENTATION_STATUS: test=newToolsAreReadOnlyForCaregivers
INSTRUMENTATION_STATUS_CODE: 1
INSTRUMENTATION_STATUS: class=com.nothatcher.sproutbook.NewCareFlowTest
INSTRUMENTATION_STATUS: current=2
INSTRUMENTATION_STATUS: id=AndroidJUnitRunner
INSTRUMENTATION_STATUS: numtests=15
INSTRUMENTATION_STATUS: stream=.
INSTRUMENTATION_STATUS: test=newToolsAreReadOnlyForCaregivers
INSTRUMENTATION_STATUS_CODE: 0
INSTRUMENTATION_STATUS: class=com.nothatcher.sproutbook.NewCareFlowTest
INSTRUMENTATION_STATUS: current=3
INSTRUMENTATION_STATUS: id=AndroidJUnitRunner
INSTRUMENTATION_STATUS: numtests=15
INSTRUMENTATION_STATUS: stream=
INSTRUMENTATION_STATUS: test=diaperQuickLogEditDelete
INSTRUMENTATION_STATUS_CODE: 1
INSTRUMENTATION_STATUS: class=com.nothatcher.sproutbook.NewCareFlowTest
INSTRUMENTATION_STATUS: current=3
INSTRUMENTATION_STATUS: id=AndroidJUnitRunner
INSTRUMENTATION_STATUS: numtests=15
INSTRUMENTATION_STATUS: stream=.
INSTRUMENTATION_STATUS: test=diaperQuickLogEditDelete
INSTRUMENTATION_STATUS_CODE: 0
INSTRUMENTATION_STATUS: class=com.nothatcher.sproutbook.NewCareFlowTest
INSTRUMENTATION_STATUS: current=4
INSTRUMENTATION_STATUS: id=AndroidJUnitRunner
INSTRUMENTATION_STATUS: numtests=15
INSTRUMENTATION_STATUS: stream=
INSTRUMENTATION_STATUS: test=prepareUseBottleAndShopping
INSTRUMENTATION_STATUS_CODE: 1
INSTRUMENTATION_STATUS: class=com.nothatcher.sproutbook.NewCareFlowTest
INSTRUMENTATION_STATUS: current=4
INSTRUMENTATION_STATUS: id=AndroidJUnitRunner
INSTRUMENTATION_STATUS: numtests=15
INSTRUMENTATION_STATUS: stream=.
INSTRUMENTATION_STATUS: test=prepareUseBottleAndShopping
INSTRUMENTATION_STATUS_CODE: 0
INSTRUMENTATION_STATUS: class=com.nothatcher.sproutbook.NewCareFlowTest
INSTRUMENTATION_STATUS: current=5
INSTRUMENTATION_STATUS: id=AndroidJUnitRunner
INSTRUMENTATION_STATUS: numtests=15
INSTRUMENTATION_STATUS: stream=
INSTRUMENTATION_STATUS: test=unsavedUnlinkCannotReplenishSupplies
INSTRUMENTATION_STATUS_CODE: 1
INSTRUMENTATION_STATUS: class=com.nothatcher.sproutbook.NewCareFlowTest
INSTRUMENTATION_STATUS: current=5
INSTRUMENTATION_STATUS: id=AndroidJUnitRunner
INSTRUMENTATION_STATUS: numtests=15
INSTRUMENTATION_STATUS: stream=.
INSTRUMENTATION_STATUS: test=unsavedUnlinkCannotReplenishSupplies
INSTRUMENTATION_STATUS_CODE: 0
INSTRUMENTATION_STATUS: class=com.nothatcher.sproutbook.NewCareFlowTest
INSTRUMENTATION_STATUS: current=6
INSTRUMENTATION_STATUS: id=AndroidJUnitRunner
INSTRUMENTATION_STATUS: numtests=15
INSTRUMENTATION_STATUS: stream=
INSTRUMENTATION_STATUS: test=growthAddEditDelete
INSTRUMENTATION_STATUS_CODE: 1
INSTRUMENTATION_STATUS: class=com.nothatcher.sproutbook.NewCareFlowTest
INSTRUMENTATION_STATUS: current=6
INSTRUMENTATION_STATUS: id=AndroidJUnitRunner
INSTRUMENTATION_STATUS: numtests=15
INSTRUMENTATION_STATUS: stream=.
INSTRUMENTATION_STATUS: test=growthAddEditDelete
INSTRUMENTATION_STATUS_CODE: 0
INSTRUMENTATION_STATUS: class=com.nothatcher.sproutbook.NewCareFlowTest
INSTRUMENTATION_STATUS: current=7
INSTRUMENTATION_STATUS: id=AndroidJUnitRunner
INSTRUMENTATION_STATUS: numtests=15
INSTRUMENTATION_STATUS: stream=
INSTRUMENTATION_STATUS: test=noteEditsPreservePreciseAndUnknownGrowthUnits
INSTRUMENTATION_STATUS_CODE: 1
INSTRUMENTATION_STATUS: class=com.nothatcher.sproutbook.NewCareFlowTest
INSTRUMENTATION_STATUS: current=7
INSTRUMENTATION_STATUS: id=AndroidJUnitRunner
INSTRUMENTATION_STATUS: numtests=15
INSTRUMENTATION_STATUS: stream=.
INSTRUMENTATION_STATUS: test=noteEditsPreservePreciseAndUnknownGrowthUnits
INSTRUMENTATION_STATUS_CODE: 0
INSTRUMENTATION_STATUS: class=com.nothatcher.sproutbook.NewCareFlowTest
INSTRUMENTATION_STATUS: current=8
INSTRUMENTATION_STATUS: id=AndroidJUnitRunner
INSTRUMENTATION_STATUS: numtests=15
INSTRUMENTATION_STATUS: stream=
INSTRUMENTATION_STATUS: test=noteEditsPreserveUnknownGrowthUnits
INSTRUMENTATION_STATUS_CODE: 1
INSTRUMENTATION_STATUS: class=com.nothatcher.sproutbook.NewCareFlowTest
INSTRUMENTATION_STATUS: current=8
INSTRUMENTATION_STATUS: id=AndroidJUnitRunner
INSTRUMENTATION_STATUS: numtests=15
INSTRUMENTATION_STATUS: stream=.
INSTRUMENTATION_STATUS: test=noteEditsPreserveUnknownGrowthUnits
INSTRUMENTATION_STATUS_CODE: 0
INSTRUMENTATION_STATUS: class=com.nothatcher.sproutbook.FeatureFlowTest
INSTRUMENTATION_STATUS: current=9
INSTRUMENTATION_STATUS: id=AndroidJUnitRunner
INSTRUMENTATION_STATUS: numtests=15
INSTRUMENTATION_STATUS: stream=
com.nothatcher.sproutbook.FeatureFlowTest:
INSTRUMENTATION_STATUS: test=formulaResetsWhenChildChanges
INSTRUMENTATION_STATUS_CODE: 1
INSTRUMENTATION_STATUS: class=com.nothatcher.sproutbook.FeatureFlowTest
INSTRUMENTATION_STATUS: current=9
INSTRUMENTATION_STATUS: id=AndroidJUnitRunner
INSTRUMENTATION_STATUS: numtests=15
INSTRUMENTATION_STATUS: stream=.
INSTRUMENTATION_STATUS: test=formulaResetsWhenChildChanges
INSTRUMENTATION_STATUS_CODE: 0
INSTRUMENTATION_STATUS: class=com.nothatcher.sproutbook.FeatureFlowTest
INSTRUMENTATION_STATUS: current=10
INSTRUMENTATION_STATUS: id=AndroidJUnitRunner
INSTRUMENTATION_STATUS: numtests=15
INSTRUMENTATION_STATUS: stream=
INSTRUMENTATION_STATUS: test=feedingAddEditDelete
INSTRUMENTATION_STATUS_CODE: 1
INSTRUMENTATION_STATUS: class=com.nothatcher.sproutbook.FeatureFlowTest
INSTRUMENTATION_STATUS: current=10
INSTRUMENTATION_STATUS: id=AndroidJUnitRunner
INSTRUMENTATION_STATUS: numtests=15
INSTRUMENTATION_STATUS: stream=.
INSTRUMENTATION_STATUS: test=feedingAddEditDelete
INSTRUMENTATION_STATUS_CODE: 0
INSTRUMENTATION_STATUS: class=com.nothatcher.sproutbook.FeatureFlowTest
INSTRUMENTATION_STATUS: current=11
INSTRUMENTATION_STATUS: id=AndroidJUnitRunner
INSTRUMENTATION_STATUS: numtests=15
INSTRUMENTATION_STATUS: stream=
INSTRUMENTATION_STATUS: test=olderFeedingRemainsReachable
INSTRUMENTATION_STATUS_CODE: 1
INSTRUMENTATION_STATUS: class=com.nothatcher.sproutbook.FeatureFlowTest
INSTRUMENTATION_STATUS: current=11
INSTRUMENTATION_STATUS: id=AndroidJUnitRunner
INSTRUMENTATION_STATUS: numtests=15
INSTRUMENTATION_STATUS: stream=.
INSTRUMENTATION_STATUS: test=olderFeedingRemainsReachable
INSTRUMENTATION_STATUS_CODE: 0
INSTRUMENTATION_STATUS: class=com.nothatcher.sproutbook.FeatureFlowTest
INSTRUMENTATION_STATUS: current=12
INSTRUMENTATION_STATUS: id=AndroidJUnitRunner
INSTRUMENTATION_STATUS: numtests=15
INSTRUMENTATION_STATUS: stream=
INSTRUMENTATION_STATUS: test=childSwitchAndGrandparentGuard
INSTRUMENTATION_STATUS_CODE: 1
INSTRUMENTATION_STATUS: class=com.nothatcher.sproutbook.FeatureFlowTest
INSTRUMENTATION_STATUS: current=12
INSTRUMENTATION_STATUS: id=AndroidJUnitRunner
INSTRUMENTATION_STATUS: numtests=15
INSTRUMENTATION_STATUS: stream=.
INSTRUMENTATION_STATUS: test=childSwitchAndGrandparentGuard
INSTRUMENTATION_STATUS_CODE: 0
INSTRUMENTATION_STATUS: class=com.nothatcher.sproutbook.NavigationSweepTest
INSTRUMENTATION_STATUS: current=13
INSTRUMENTATION_STATUS: id=AndroidJUnitRunner
INSTRUMENTATION_STATUS: numtests=15
INSTRUMENTATION_STATUS: stream=
com.nothatcher.sproutbook.NavigationSweepTest:
INSTRUMENTATION_STATUS: test=everyCareDestinationAndSettingsToolsOpen
INSTRUMENTATION_STATUS_CODE: 1
INSTRUMENTATION_STATUS: class=com.nothatcher.sproutbook.NavigationSweepTest
INSTRUMENTATION_STATUS: current=13
INSTRUMENTATION_STATUS: id=AndroidJUnitRunner
INSTRUMENTATION_STATUS: numtests=15
INSTRUMENTATION_STATUS: stream=.
INSTRUMENTATION_STATUS: test=everyCareDestinationAndSettingsToolsOpen
INSTRUMENTATION_STATUS_CODE: 0
INSTRUMENTATION_STATUS: class=com.nothatcher.sproutbook.DensityTest
INSTRUMENTATION_STATUS: current=14
INSTRUMENTATION_STATUS: id=AndroidJUnitRunner
INSTRUMENTATION_STATUS: numtests=15
INSTRUMENTATION_STATUS: stream=
com.nothatcher.sproutbook.DensityTest:
INSTRUMENTATION_STATUS: test=denseFamilyKeepsTreeInChapters
INSTRUMENTATION_STATUS_CODE: 1
INSTRUMENTATION_STATUS: class=com.nothatcher.sproutbook.DensityTest
INSTRUMENTATION_STATUS: current=14
INSTRUMENTATION_STATUS: id=AndroidJUnitRunner
INSTRUMENTATION_STATUS: numtests=15
INSTRUMENTATION_STATUS: stream=.
INSTRUMENTATION_STATUS: test=denseFamilyKeepsTreeInChapters
INSTRUMENTATION_STATUS_CODE: 0
INSTRUMENTATION_STATUS: class=com.nothatcher.sproutbook.NewHomeFlowTest
INSTRUMENTATION_STATUS: current=15
INSTRUMENTATION_STATUS: id=AndroidJUnitRunner
INSTRUMENTATION_STATUS: numtests=15
INSTRUMENTATION_STATUS: stream=
com.nothatcher.sproutbook.NewHomeFlowTest:
INSTRUMENTATION_STATUS: test=liveDashboardLinksAndAccessibleRecordedChart
INSTRUMENTATION_STATUS_CODE: 1
INSTRUMENTATION_STATUS: class=com.nothatcher.sproutbook.NewHomeFlowTest
INSTRUMENTATION_STATUS: current=15
INSTRUMENTATION_STATUS: id=AndroidJUnitRunner
INSTRUMENTATION_STATUS: numtests=15
INSTRUMENTATION_STATUS: stream=.
INSTRUMENTATION_STATUS: test=liveDashboardLinksAndAccessibleRecordedChart
INSTRUMENTATION_STATUS_CODE: 0
INSTRUMENTATION_RESULT: stream=

Time: 403.034

OK (15 tests)


INSTRUMENTATION_CODE: -1
