Picked up JAVA_TOOL_OPTIONS: -Djavax.net.ssl.trustStore=/etc/ssl/certs/java/cacerts -Djavax.net.ssl.trustStorePassword=changeit
To honour the JVM settings for this build a single-use Daemon process will be forked. For more on this, please refer to https://docs.gradle.org/9.3.1/userguide/gradle_daemon.html#sec:disabling_the_daemon in the Gradle documentation.
Daemon will be stopped at the end of the build 
> Task :core:checkKotlinGradlePluginConfigurationErrors SKIPPED
> Task :core:compileKotlin UP-TO-DATE
> Task :core:compileJava NO-SOURCE
> Task :core:processResources NO-SOURCE
> Task :core:classes UP-TO-DATE
> Task :core:jar UP-TO-DATE
> Task :core:processTestResources NO-SOURCE
> Task :core:compileTestKotlin
> Task :core:compileTestJava NO-SOURCE
> Task :core:testClasses UP-TO-DATE

> Task :core:test FAILED
Picked up JAVA_TOOL_OPTIONS: -Djavax.net.ssl.trustStore=/etc/ssl/certs/java/cacerts -Djavax.net.ssl.trustStorePassword=changeit

BackupFormatTest > rejectShoppingForeignChildLink FAILED
    java.lang.NullPointerException at BackupFormatTest.kt:47

BackupFormatTest > newBackupRequiresNewTables FAILED
    java.lang.AssertionError at BackupFormatTest.kt:56

BackupFormatTest > rejectInvalidPreparedBottle FAILED
    java.lang.NullPointerException at BackupFormatTest.kt:41

BackupFormatTest > legacyBackupUpgradesWithoutLosingRecords FAILED
    java.lang.AssertionError at BackupFormatTest.kt:33

55 tests completed, 4 failed

FAILURE: Build failed with an exception.

* What went wrong:
Execution failed for task ':core:test'.
> There were failing tests. See the report at: file:///tmp/sproutbook-build/core/reports/tests/test/index.html

* Try:
> Run with --scan to get full insights from a Build Scan (powered by Develocity).

BUILD FAILED in 16s
4 actionable tasks: 2 executed, 2 up-to-date
