INSTRUMENTATION_STATUS: class=com.nothatcher.sproutbook.NewCareFlowTest
INSTRUMENTATION_STATUS: current=1
INSTRUMENTATION_STATUS: id=AndroidJUnitRunner
INSTRUMENTATION_STATUS: numtests=2
INSTRUMENTATION_STATUS: stream=
com.nothatcher.sproutbook.NewCareFlowTest:
INSTRUMENTATION_STATUS: test=prepareUseBottleAndShopping
INSTRUMENTATION_STATUS_CODE: 1
INSTRUMENTATION_STATUS: class=com.nothatcher.sproutbook.NewCareFlowTest
INSTRUMENTATION_STATUS: current=1
INSTRUMENTATION_STATUS: id=AndroidJUnitRunner
INSTRUMENTATION_STATUS: numtests=2
INSTRUMENTATION_STATUS: stack=java.lang.AssertionError: Failed to assert the following: (is not enabled)
Semantics of the node:
Node #310 at (l=20.0, t=606.0, r=340.0, b=656.0)px
Focused = 'false'
Role = 'Button'
Text = '[Use & log feeding]'
Actions = [ClearTextSubstitution, GetTextLayoutResult, OnClick, RequestFocus, SetTextSubstitution, ShowTextSubstitution]
MergeDescendants = 'true'
Has 10 siblings
Selector used: (Text + InputText + EditableText contains 'Use & log feeding' (ignoreCase: false))

	at androidx.compose.ui.test.AssertionsKt.assert(Assertions.kt:260)
	at androidx.compose.ui.test.AssertionsKt.assert$default(Assertions.kt:250)
	at androidx.compose.ui.test.AssertionsKt.assertIsNotEnabled(Assertions.kt:63)
	at com.nothatcher.sproutbook.NewCareFlowTest.prepareUseBottleAndShopping(NewCareFlowTest.kt:63)

INSTRUMENTATION_STATUS: stream=
Error in prepareUseBottleAndShopping(com.nothatcher.sproutbook.NewCareFlowTest):
java.lang.AssertionError: Failed to assert the following: (is not enabled)
Semantics of the node:
Node #310 at (l=20.0, t=606.0, r=340.0, b=656.0)px
Focused = 'false'
Role = 'Button'
Text = '[Use & log feeding]'
Actions = [ClearTextSubstitution, GetTextLayoutResult, OnClick, RequestFocus, SetTextSubstitution, ShowTextSubstitution]
MergeDescendants = 'true'
Has 10 siblings
Selector used: (Text + InputText + EditableText contains 'Use & log feeding' (ignoreCase: false))

	at androidx.compose.ui.test.AssertionsKt.assert(Assertions.kt:260)
	at androidx.compose.ui.test.AssertionsKt.assert$default(Assertions.kt:250)
	at androidx.compose.ui.test.AssertionsKt.assertIsNotEnabled(Assertions.kt:63)
	at com.nothatcher.sproutbook.NewCareFlowTest.prepareUseBottleAndShopping(NewCareFlowTest.kt:63)

INSTRUMENTATION_STATUS: test=prepareUseBottleAndShopping
INSTRUMENTATION_STATUS_CODE: -2
INSTRUMENTATION_STATUS: class=com.nothatcher.sproutbook.NewCareFlowTest
INSTRUMENTATION_STATUS: current=2
INSTRUMENTATION_STATUS: id=AndroidJUnitRunner
INSTRUMENTATION_STATUS: numtests=2
INSTRUMENTATION_STATUS: stream=
INSTRUMENTATION_STATUS: test=noteEditsPreservePreciseAndUnknownGrowthUnits
INSTRUMENTATION_STATUS_CODE: 1
INSTRUMENTATION_STATUS: class=com.nothatcher.sproutbook.NewCareFlowTest
INSTRUMENTATION_STATUS: current=2
INSTRUMENTATION_STATUS: id=AndroidJUnitRunner
INSTRUMENTATION_STATUS: numtests=2
INSTRUMENTATION_STATUS: stack=org.junit.ComparisonFailure: expected:<3.2[15]> but was:<3.2[2]>
	at org.junit.Assert.assertEquals(Assert.java:117)
	at org.junit.Assert.assertEquals(Assert.java:146)
	at com.nothatcher.sproutbook.NewCareFlowTest.noteEditsPreservePreciseAndUnknownGrowthUnits(NewCareFlowTest.kt:46)

INSTRUMENTATION_STATUS: stream=
Error in noteEditsPreservePreciseAndUnknownGrowthUnits(com.nothatcher.sproutbook.NewCareFlowTest):
org.junit.ComparisonFailure: expected:<3.2[15]> but was:<3.2[2]>
	at org.junit.Assert.assertEquals(Assert.java:117)
	at org.junit.Assert.assertEquals(Assert.java:146)
	at com.nothatcher.sproutbook.NewCareFlowTest.noteEditsPreservePreciseAndUnknownGrowthUnits(NewCareFlowTest.kt:46)

INSTRUMENTATION_STATUS: test=noteEditsPreservePreciseAndUnknownGrowthUnits
INSTRUMENTATION_STATUS_CODE: -2
INSTRUMENTATION_RESULT: stream=

Time: 78.745
There were 2 failures:
1) prepareUseBottleAndShopping(com.nothatcher.sproutbook.NewCareFlowTest)
java.lang.AssertionError: Failed to assert the following: (is not enabled)
Semantics of the node:
Node #310 at (l=20.0, t=606.0, r=340.0, b=656.0)px
Focused = 'false'
Role = 'Button'
Text = '[Use & log feeding]'
Actions = [ClearTextSubstitution, GetTextLayoutResult, OnClick, RequestFocus, SetTextSubstitution, ShowTextSubstitution]
MergeDescendants = 'true'
Has 10 siblings
Selector used: (Text + InputText + EditableText contains 'Use & log feeding' (ignoreCase: false))

	at androidx.compose.ui.test.AssertionsKt.assert(Assertions.kt:260)
	at androidx.compose.ui.test.AssertionsKt.assert$default(Assertions.kt:250)
	at androidx.compose.ui.test.AssertionsKt.assertIsNotEnabled(Assertions.kt:63)
	at com.nothatcher.sproutbook.NewCareFlowTest.prepareUseBottleAndShopping(NewCareFlowTest.kt:63)
2) noteEditsPreservePreciseAndUnknownGrowthUnits(com.nothatcher.sproutbook.NewCareFlowTest)
org.junit.ComparisonFailure: expected:<3.2[15]> but was:<3.2[2]>
	at org.junit.Assert.assertEquals(Assert.java:117)
	at org.junit.Assert.assertEquals(Assert.java:146)
	at com.nothatcher.sproutbook.NewCareFlowTest.noteEditsPreservePreciseAndUnknownGrowthUnits(NewCareFlowTest.kt:46)

FAILURES!!!
Tests run: 2,  Failures: 2


INSTRUMENTATION_CODE: -1
