INSTRUMENTATION_STATUS: class=com.nothatcher.sproutbook.NewCareFlowTest
INSTRUMENTATION_STATUS: current=1
INSTRUMENTATION_STATUS: id=AndroidJUnitRunner
INSTRUMENTATION_STATUS: numtests=1
INSTRUMENTATION_STATUS: stream=
com.nothatcher.sproutbook.NewCareFlowTest:
INSTRUMENTATION_STATUS: test=unsavedUnlinkCannotReplenishSupplies
INSTRUMENTATION_STATUS_CODE: 1
INSTRUMENTATION_STATUS: class=com.nothatcher.sproutbook.NewCareFlowTest
INSTRUMENTATION_STATUS: current=1
INSTRUMENTATION_STATUS: id=AndroidJUnitRunner
INSTRUMENTATION_STATUS: numtests=1
INSTRUMENTATION_STATUS: stack=java.lang.AssertionError: Failed to assert the following: (is not enabled)
Semantics of the node:
Node #327 at (l=20.0, t=614.0, r=340.0, b=664.0)px
Focused = 'false'
Role = 'Button'
Text = '[Mark purchased]'
Actions = [ClearTextSubstitution, GetTextLayoutResult, OnClick, RequestFocus, SetTextSubstitution, ShowTextSubstitution]
MergeDescendants = 'true'
Has 7 siblings
Selector used: (Text + InputText + EditableText contains 'Mark purchased' (ignoreCase: false))

	at androidx.compose.ui.test.AssertionsKt.assert(Assertions.kt:260)
	at androidx.compose.ui.test.AssertionsKt.assert$default(Assertions.kt:250)
	at androidx.compose.ui.test.AssertionsKt.assertIsNotEnabled(Assertions.kt:63)
	at com.nothatcher.sproutbook.NewCareFlowTest.unsavedUnlinkCannotReplenishSupplies(NewCareFlowTest.kt:63)

INSTRUMENTATION_STATUS: stream=
Error in unsavedUnlinkCannotReplenishSupplies(com.nothatcher.sproutbook.NewCareFlowTest):
java.lang.AssertionError: Failed to assert the following: (is not enabled)
Semantics of the node:
Node #327 at (l=20.0, t=614.0, r=340.0, b=664.0)px
Focused = 'false'
Role = 'Button'
Text = '[Mark purchased]'
Actions = [ClearTextSubstitution, GetTextLayoutResult, OnClick, RequestFocus, SetTextSubstitution, ShowTextSubstitution]
MergeDescendants = 'true'
Has 7 siblings
Selector used: (Text + InputText + EditableText contains 'Mark purchased' (ignoreCase: false))

	at androidx.compose.ui.test.AssertionsKt.assert(Assertions.kt:260)
	at androidx.compose.ui.test.AssertionsKt.assert$default(Assertions.kt:250)
	at androidx.compose.ui.test.AssertionsKt.assertIsNotEnabled(Assertions.kt:63)
	at com.nothatcher.sproutbook.NewCareFlowTest.unsavedUnlinkCannotReplenishSupplies(NewCareFlowTest.kt:63)

INSTRUMENTATION_STATUS: test=unsavedUnlinkCannotReplenishSupplies
INSTRUMENTATION_STATUS_CODE: -2
INSTRUMENTATION_RESULT: stream=

Time: 41.884
There was 1 failure:
1) unsavedUnlinkCannotReplenishSupplies(com.nothatcher.sproutbook.NewCareFlowTest)
java.lang.AssertionError: Failed to assert the following: (is not enabled)
Semantics of the node:
Node #327 at (l=20.0, t=614.0, r=340.0, b=664.0)px
Focused = 'false'
Role = 'Button'
Text = '[Mark purchased]'
Actions = [ClearTextSubstitution, GetTextLayoutResult, OnClick, RequestFocus, SetTextSubstitution, ShowTextSubstitution]
MergeDescendants = 'true'
Has 7 siblings
Selector used: (Text + InputText + EditableText contains 'Mark purchased' (ignoreCase: false))

	at androidx.compose.ui.test.AssertionsKt.assert(Assertions.kt:260)
	at androidx.compose.ui.test.AssertionsKt.assert$default(Assertions.kt:250)
	at androidx.compose.ui.test.AssertionsKt.assertIsNotEnabled(Assertions.kt:63)
	at com.nothatcher.sproutbook.NewCareFlowTest.unsavedUnlinkCannotReplenishSupplies(NewCareFlowTest.kt:63)

FAILURES!!!
Tests run: 1,  Failures: 1


INSTRUMENTATION_CODE: -1
