INSTRUMENTATION_STATUS: class=com.nothatcher.sproutbook.NewCareFlowTest
INSTRUMENTATION_STATUS: current=1
INSTRUMENTATION_STATUS: id=AndroidJUnitRunner
INSTRUMENTATION_STATUS: numtests=1
INSTRUMENTATION_STATUS: stream=
com.nothatcher.sproutbook.NewCareFlowTest:
INSTRUMENTATION_STATUS: test=noteEditsPreserveUnknownGrowthUnits
INSTRUMENTATION_STATUS_CODE: 1
INSTRUMENTATION_STATUS: class=com.nothatcher.sproutbook.NewCareFlowTest
INSTRUMENTATION_STATUS: current=1
INSTRUMENTATION_STATUS: id=AndroidJUnitRunner
INSTRUMENTATION_STATUS: numtests=1
INSTRUMENTATION_STATUS: stack=org.junit.ComparisonFailure: expected:<[unknown]> but was:<[kg]>
	at org.junit.Assert.assertEquals(Assert.java:117)
	at org.junit.Assert.assertEquals(Assert.java:146)
	at com.nothatcher.sproutbook.NewCareFlowTest.noteEditsPreserveUnknownGrowthUnits(NewCareFlowTest.kt:67)

INSTRUMENTATION_STATUS: stream=
Error in noteEditsPreserveUnknownGrowthUnits(com.nothatcher.sproutbook.NewCareFlowTest):
org.junit.ComparisonFailure: expected:<[unknown]> but was:<[kg]>
	at org.junit.Assert.assertEquals(Assert.java:117)
	at org.junit.Assert.assertEquals(Assert.java:146)
	at com.nothatcher.sproutbook.NewCareFlowTest.noteEditsPreserveUnknownGrowthUnits(NewCareFlowTest.kt:67)

INSTRUMENTATION_STATUS: test=noteEditsPreserveUnknownGrowthUnits
INSTRUMENTATION_STATUS_CODE: -2
INSTRUMENTATION_RESULT: stream=

Time: 66.112
There was 1 failure:
1) noteEditsPreserveUnknownGrowthUnits(com.nothatcher.sproutbook.NewCareFlowTest)
org.junit.ComparisonFailure: expected:<[unknown]> but was:<[kg]>
	at org.junit.Assert.assertEquals(Assert.java:117)
	at org.junit.Assert.assertEquals(Assert.java:146)
	at com.nothatcher.sproutbook.NewCareFlowTest.noteEditsPreserveUnknownGrowthUnits(NewCareFlowTest.kt:67)

FAILURES!!!
Tests run: 1,  Failures: 1


INSTRUMENTATION_CODE: -1
