Upload 102 new blobs: 1 text batches and 18 binary blobs.
Text batch 1/1 verified.
Upload 102 new blobs: 0 text batches and 18 binary blobs.
Uploading binary 1/18: 172112 bytes.
Uploading binary 2/18: 173677 bytes.
Uploading binary 3/18: 133050 bytes.
GitHub API transport timed out; retrying identical content-addressed request.
GitHub API transport timed out; retrying identical content-addressed request.
Uploading binary 4/18: 182535 bytes.
Uploading binary 5/18: 130666 bytes.
Uploading binary 6/18: 133877 bytes.
Uploading binary 7/18: 156595 bytes.
Uploading binary 8/18: 131380 bytes.
Uploading binary 9/18: 166799 bytes.
Uploading binary 10/18: 173062 bytes.
Uploading binary 11/18: 159606 bytes.
Upload 108 new blobs: 1 text batches and 0 binary blobs.
Text batch 1/1 verified.
Exact source commit verified: 27ecbf9cedc1f09ff0d983b0bb1d03cc31498019
Exact source commit verified: 354c805ad83bbf51790a7169c6bd25b52c35f25b
Exact source commit verified: fc31696b15b6efd59506c7bd7aafc6113841c682
Exact source commit verified: ca593130ceecb2f0a0e90518b7d3e5d9a08c3f15
PASS: atomic fast-forward of main to ca593130ceecb2f0a0e90518b7d3e5d9a08c3f15
