INSTRUMENTATION_STATUS: class=com.nothatcher.sproutbook.HealthLinkRepositoryTest
INSTRUMENTATION_STATUS: current=1
INSTRUMENTATION_STATUS: id=AndroidJUnitRunner
INSTRUMENTATION_STATUS: numtests=6
INSTRUMENTATION_STATUS: stream=
com.nothatcher.sproutbook.HealthLinkRepositoryTest:
INSTRUMENTATION_STATUS: test=visitSearchFiltersBeforeLimitKeepsChildOwnershipAndTreatsWildcardsLiterally
INSTRUMENTATION_STATUS_CODE: 1
INSTRUMENTATION_STATUS: class=com.nothatcher.sproutbook.HealthLinkRepositoryTest
INSTRUMENTATION_STATUS: current=1
INSTRUMENTATION_STATUS: id=AndroidJUnitRunner
INSTRUMENTATION_STATUS: numtests=6
INSTRUMENTATION_STATUS: stream=.
INSTRUMENTATION_STATUS: test=visitSearchFiltersBeforeLimitKeepsChildOwnershipAndTreatsWildcardsLiterally
INSTRUMENTATION_STATUS_CODE: 0
INSTRUMENTATION_STATUS: class=com.nothatcher.sproutbook.HealthLinkRepositoryTest
INSTRUMENTATION_STATUS: current=2
INSTRUMENTATION_STATUS: id=AndroidJUnitRunner
INSTRUMENTATION_STATUS: numtests=6
INSTRUMENTATION_STATUS: stream=
INSTRUMENTATION_STATUS: test=exactLinkAndInstantSurviveReopenStageChangeAndBackup
INSTRUMENTATION_STATUS_CODE: 1
INSTRUMENTATION_STATUS: class=com.nothatcher.sproutbook.HealthLinkRepositoryTest
INSTRUMENTATION_STATUS: current=2
INSTRUMENTATION_STATUS: id=AndroidJUnitRunner
INSTRUMENTATION_STATUS: numtests=6
INSTRUMENTATION_STATUS: stream=.
INSTRUMENTATION_STATUS: test=exactLinkAndInstantSurviveReopenStageChangeAndBackup
INSTRUMENTATION_STATUS_CODE: 0
INSTRUMENTATION_STATUS: class=com.nothatcher.sproutbook.HealthLinkFlowTest
INSTRUMENTATION_STATUS: current=3
INSTRUMENTATION_STATUS: id=AndroidJUnitRunner
INSTRUMENTATION_STATUS: numtests=6
INSTRUMENTATION_STATUS: stream=
com.nothatcher.sproutbook.HealthLinkFlowTest:
INSTRUMENTATION_STATUS: test=duplicateVisitLabelsLinkTheChosenVisit
INSTRUMENTATION_STATUS_CODE: 1
INSTRUMENTATION_STATUS: class=com.nothatcher.sproutbook.HealthLinkFlowTest
INSTRUMENTATION_STATUS: current=3
INSTRUMENTATION_STATUS: id=AndroidJUnitRunner
INSTRUMENTATION_STATUS: numtests=6
INSTRUMENTATION_STATUS: stack=java.lang.AssertionError: Action performScrollTo() failed.
Reason: Expected exactly '1' node but could not find any node that satisfies: (TestTag = 'health-appointment-morning')

	at androidx.compose.ui.test.SemanticsNodeInteraction.fetchOneOrThrow(SemanticsNodeInteraction.kt:178)
	at androidx.compose.ui.test.SemanticsNodeInteraction.fetchOneOrThrow$default(SemanticsNodeInteraction.kt:150)
	at androidx.compose.ui.test.SemanticsNodeInteraction.fetchSemanticsNode(SemanticsNodeInteraction.kt:84)
	at androidx.compose.ui.test.ActionsKt.performScrollTo(Actions.kt:82)
	at com.nothatcher.sproutbook.HealthLinkFlowTest.duplicateVisitLabelsLinkTheChosenVisit(HealthLinkFlowTest.kt:105)

INSTRUMENTATION_STATUS: stream=
Error in duplicateVisitLabelsLinkTheChosenVisit(com.nothatcher.sproutbook.HealthLinkFlowTest):
java.lang.AssertionError: Action performScrollTo() failed.
Reason: Expected exactly '1' node but could not find any node that satisfies: (TestTag = 'health-appointment-morning')

	at androidx.compose.ui.test.SemanticsNodeInteraction.fetchOneOrThrow(SemanticsNodeInteraction.kt:178)
	at androidx.compose.ui.test.SemanticsNodeInteraction.fetchOneOrThrow$default(SemanticsNodeInteraction.kt:150)
	at androidx.compose.ui.test.SemanticsNodeInteraction.fetchSemanticsNode(SemanticsNodeInteraction.kt:84)
	at androidx.compose.ui.test.ActionsKt.performScrollTo(Actions.kt:82)
	at com.nothatcher.sproutbook.HealthLinkFlowTest.duplicateVisitLabelsLinkTheChosenVisit(HealthLinkFlowTest.kt:105)

INSTRUMENTATION_STATUS: test=duplicateVisitLabelsLinkTheChosenVisit
INSTRUMENTATION_STATUS_CODE: -2
INSTRUMENTATION_STATUS: class=com.nothatcher.sproutbook.HealthLinkFlowTest
INSTRUMENTATION_STATUS: current=4
INSTRUMENTATION_STATUS: id=AndroidJUnitRunner
INSTRUMENTATION_STATUS: numtests=6
INSTRUMENTATION_STATUS: stream=
INSTRUMENTATION_STATUS: test=notesOnlyEditKeepsTheLaterRepeatedHour
INSTRUMENTATION_STATUS_CODE: 1
INSTRUMENTATION_STATUS: class=com.nothatcher.sproutbook.HealthLinkFlowTest
INSTRUMENTATION_STATUS: current=4
INSTRUMENTATION_STATUS: id=AndroidJUnitRunner
INSTRUMENTATION_STATUS: numtests=6
INSTRUMENTATION_STATUS: stream=.
INSTRUMENTATION_STATUS: test=notesOnlyEditKeepsTheLaterRepeatedHour
INSTRUMENTATION_STATUS_CODE: 0
INSTRUMENTATION_STATUS: class=com.nothatcher.sproutbook.HealthLinkFlowTest
INSTRUMENTATION_STATUS: current=5
INSTRUMENTATION_STATUS: id=AndroidJUnitRunner
INSTRUMENTATION_STATUS: numtests=6
INSTRUMENTATION_STATUS: stream=
INSTRUMENTATION_STATUS: test=searchReachesOlderVisitCancelKeepsDraftAndClearRemovesOnlyLink
INSTRUMENTATION_STATUS_CODE: 1
INSTRUMENTATION_STATUS: class=com.nothatcher.sproutbook.HealthLinkFlowTest
INSTRUMENTATION_STATUS: current=5
INSTRUMENTATION_STATUS: id=AndroidJUnitRunner
INSTRUMENTATION_STATUS: numtests=6
INSTRUMENTATION_STATUS: stream=.
INSTRUMENTATION_STATUS: test=searchReachesOlderVisitCancelKeepsDraftAndClearRemovesOnlyLink
INSTRUMENTATION_STATUS_CODE: 0
INSTRUMENTATION_STATUS: class=com.nothatcher.sproutbook.HealthLinkFlowTest
INSTRUMENTATION_STATUS: current=6
INSTRUMENTATION_STATUS: id=AndroidJUnitRunner
INSTRUMENTATION_STATUS: numtests=6
INSTRUMENTATION_STATUS: stream=
INSTRUMENTATION_STATUS: test=caregiverClosesPickerAndChildSwitchDiscardsUnsavedDraft
INSTRUMENTATION_STATUS_CODE: 1
INSTRUMENTATION_STATUS: class=com.nothatcher.sproutbook.HealthLinkFlowTest
INSTRUMENTATION_STATUS: current=6
INSTRUMENTATION_STATUS: id=AndroidJUnitRunner
INSTRUMENTATION_STATUS: numtests=6
INSTRUMENTATION_STATUS: stream=.
INSTRUMENTATION_STATUS: test=caregiverClosesPickerAndChildSwitchDiscardsUnsavedDraft
INSTRUMENTATION_STATUS_CODE: 0
INSTRUMENTATION_RESULT: stream=

Time: 164.655
There was 1 failure:
1) duplicateVisitLabelsLinkTheChosenVisit(com.nothatcher.sproutbook.HealthLinkFlowTest)
java.lang.AssertionError: Action performScrollTo() failed.
Reason: Expected exactly '1' node but could not find any node that satisfies: (TestTag = 'health-appointment-morning')

	at androidx.compose.ui.test.SemanticsNodeInteraction.fetchOneOrThrow(SemanticsNodeInteraction.kt:178)
	at androidx.compose.ui.test.SemanticsNodeInteraction.fetchOneOrThrow$default(SemanticsNodeInteraction.kt:150)
	at androidx.compose.ui.test.SemanticsNodeInteraction.fetchSemanticsNode(SemanticsNodeInteraction.kt:84)
	at androidx.compose.ui.test.ActionsKt.performScrollTo(Actions.kt:82)
	at com.nothatcher.sproutbook.HealthLinkFlowTest.duplicateVisitLabelsLinkTheChosenVisit(HealthLinkFlowTest.kt:105)

FAILURES!!!
Tests run: 6,  Failures: 1


INSTRUMENTATION_CODE: -1
