INSTRUMENTATION_STATUS: class=com.nothatcher.sproutbook.FoundationTest
INSTRUMENTATION_STATUS: current=1
INSTRUMENTATION_STATUS: id=AndroidJUnitRunner
INSTRUMENTATION_STATUS: numtests=14
INSTRUMENTATION_STATUS: stream=
com.nothatcher.sproutbook.FoundationTest:
INSTRUMENTATION_STATUS: test=profilesSurviveReopenAndStayIndependent
INSTRUMENTATION_STATUS_CODE: 1
INSTRUMENTATION_STATUS: class=com.nothatcher.sproutbook.FoundationTest
INSTRUMENTATION_STATUS: current=1
INSTRUMENTATION_STATUS: id=AndroidJUnitRunner
INSTRUMENTATION_STATUS: numtests=14
INSTRUMENTATION_STATUS: stream=.
INSTRUMENTATION_STATUS: test=profilesSurviveReopenAndStayIndependent
INSTRUMENTATION_STATUS_CODE: 0
INSTRUMENTATION_STATUS: class=com.nothatcher.sproutbook.MigrationTest
INSTRUMENTATION_STATUS: current=2
INSTRUMENTATION_STATUS: id=AndroidJUnitRunner
INSTRUMENTATION_STATUS: numtests=14
INSTRUMENTATION_STATUS: stream=
com.nothatcher.sproutbook.MigrationTest:
INSTRUMENTATION_STATUS: test=v3InstallationMigratesWithoutLosingChild
INSTRUMENTATION_STATUS_CODE: 1
INSTRUMENTATION_STATUS: class=com.nothatcher.sproutbook.MigrationTest
INSTRUMENTATION_STATUS: current=2
INSTRUMENTATION_STATUS: id=AndroidJUnitRunner
INSTRUMENTATION_STATUS: numtests=14
INSTRUMENTATION_STATUS: stream=.
INSTRUMENTATION_STATUS: test=v3InstallationMigratesWithoutLosingChild
INSTRUMENTATION_STATUS_CODE: 0
INSTRUMENTATION_STATUS: class=com.nothatcher.sproutbook.MigrationTest
INSTRUMENTATION_STATUS: current=3
INSTRUMENTATION_STATUS: id=AndroidJUnitRunner
INSTRUMENTATION_STATUS: numtests=14
INSTRUMENTATION_STATUS: stream=
INSTRUMENTATION_STATUS: test=originalSchemaMigratesWithoutLosingChild
INSTRUMENTATION_STATUS_CODE: 1
INSTRUMENTATION_STATUS: class=com.nothatcher.sproutbook.MigrationTest
INSTRUMENTATION_STATUS: current=3
INSTRUMENTATION_STATUS: id=AndroidJUnitRunner
INSTRUMENTATION_STATUS: numtests=14
INSTRUMENTATION_STATUS: stream=.
INSTRUMENTATION_STATUS: test=originalSchemaMigratesWithoutLosingChild
INSTRUMENTATION_STATUS_CODE: 0
INSTRUMENTATION_STATUS: class=com.nothatcher.sproutbook.MigrationTest
INSTRUMENTATION_STATUS: current=4
INSTRUMENTATION_STATUS: id=AndroidJUnitRunner
INSTRUMENTATION_STATUS: numtests=14
INSTRUMENTATION_STATUS: stream=
INSTRUMENTATION_STATUS: test=v31InstallationMigratesWithoutLosingCareRecords
INSTRUMENTATION_STATUS_CODE: 1
INSTRUMENTATION_STATUS: class=com.nothatcher.sproutbook.MigrationTest
INSTRUMENTATION_STATUS: current=4
INSTRUMENTATION_STATUS: id=AndroidJUnitRunner
INSTRUMENTATION_STATUS: numtests=14
INSTRUMENTATION_STATUS: stream=.
INSTRUMENTATION_STATUS: test=v31InstallationMigratesWithoutLosingCareRecords
INSTRUMENTATION_STATUS_CODE: 0
INSTRUMENTATION_STATUS: class=com.nothatcher.sproutbook.BackupTest
INSTRUMENTATION_STATUS: current=5
INSTRUMENTATION_STATUS: id=AndroidJUnitRunner
INSTRUMENTATION_STATUS: numtests=14
INSTRUMENTATION_STATUS: stream=
com.nothatcher.sproutbook.BackupTest:
INSTRUMENTATION_STATUS: test=exportReviewRestorePhotosAndInvalidRollback
INSTRUMENTATION_STATUS_CODE: 1
INSTRUMENTATION_STATUS: class=com.nothatcher.sproutbook.BackupTest
INSTRUMENTATION_STATUS: current=5
INSTRUMENTATION_STATUS: id=AndroidJUnitRunner
INSTRUMENTATION_STATUS: numtests=14
INSTRUMENTATION_STATUS: stream=.
INSTRUMENTATION_STATUS: test=exportReviewRestorePhotosAndInvalidRollback
INSTRUMENTATION_STATUS_CODE: 0
INSTRUMENTATION_STATUS: class=com.nothatcher.sproutbook.GestureTest
INSTRUMENTATION_STATUS: current=6
INSTRUMENTATION_STATUS: id=AndroidJUnitRunner
INSTRUMENTATION_STATUS: numtests=14
INSTRUMENTATION_STATUS: stream=
com.nothatcher.sproutbook.GestureTest:
INSTRUMENTATION_STATUS: test=toothTapOnlyViewsLongPressChanges
INSTRUMENTATION_STATUS_CODE: 1
INSTRUMENTATION_STATUS: class=com.nothatcher.sproutbook.GestureTest
INSTRUMENTATION_STATUS: current=6
INSTRUMENTATION_STATUS: id=AndroidJUnitRunner
INSTRUMENTATION_STATUS: numtests=14
INSTRUMENTATION_STATUS: stream=.
INSTRUMENTATION_STATUS: test=toothTapOnlyViewsLongPressChanges
INSTRUMENTATION_STATUS_CODE: 0
INSTRUMENTATION_STATUS: class=com.nothatcher.sproutbook.GestureTest
INSTRUMENTATION_STATUS: current=7
INSTRUMENTATION_STATUS: id=AndroidJUnitRunner
INSTRUMENTATION_STATUS: numtests=14
INSTRUMENTATION_STATUS: stream=
INSTRUMENTATION_STATUS: test=arrangeLeafSnapsAndScrollDoesNotOpenIt
INSTRUMENTATION_STATUS_CODE: 1
INSTRUMENTATION_STATUS: class=com.nothatcher.sproutbook.GestureTest
INSTRUMENTATION_STATUS: current=7
INSTRUMENTATION_STATUS: id=AndroidJUnitRunner
INSTRUMENTATION_STATUS: numtests=14
INSTRUMENTATION_STATUS: stream=.
INSTRUMENTATION_STATUS: test=arrangeLeafSnapsAndScrollDoesNotOpenIt
INSTRUMENTATION_STATUS_CODE: 0
INSTRUMENTATION_STATUS: class=com.nothatcher.sproutbook.GestureTest
INSTRUMENTATION_STATUS: current=8
INSTRUMENTATION_STATUS: id=AndroidJUnitRunner
INSTRUMENTATION_STATUS: numtests=14
INSTRUMENTATION_STATUS: stream=
INSTRUMENTATION_STATUS: test=longPressDragSnapsToBranch
INSTRUMENTATION_STATUS_CODE: 1
INSTRUMENTATION_STATUS: class=com.nothatcher.sproutbook.GestureTest
INSTRUMENTATION_STATUS: current=8
INSTRUMENTATION_STATUS: id=AndroidJUnitRunner
INSTRUMENTATION_STATUS: numtests=14
INSTRUMENTATION_STATUS: stream=.
INSTRUMENTATION_STATUS: test=longPressDragSnapsToBranch
INSTRUMENTATION_STATUS_CODE: 0
INSTRUMENTATION_STATUS: class=com.nothatcher.sproutbook.GestureTest
INSTRUMENTATION_STATUS: current=9
INSTRUMENTATION_STATUS: id=AndroidJUnitRunner
INSTRUMENTATION_STATUS: numtests=14
INSTRUMENTATION_STATUS: stream=
INSTRUMENTATION_STATUS: test=scrollingAcrossToothNeverChangesOrOpensIt
INSTRUMENTATION_STATUS_CODE: 1
INSTRUMENTATION_STATUS: class=com.nothatcher.sproutbook.GestureTest
INSTRUMENTATION_STATUS: current=9
INSTRUMENTATION_STATUS: id=AndroidJUnitRunner
INSTRUMENTATION_STATUS: numtests=14
INSTRUMENTATION_STATUS: stream=.
INSTRUMENTATION_STATUS: test=scrollingAcrossToothNeverChangesOrOpensIt
INSTRUMENTATION_STATUS_CODE: 0
INSTRUMENTATION_STATUS: class=com.nothatcher.sproutbook.GestureTest
INSTRUMENTATION_STATUS: current=10
INSTRUMENTATION_STATUS: id=AndroidJUnitRunner
INSTRUMENTATION_STATUS: numtests=14
INSTRUMENTATION_STATUS: stream=
INSTRUMENTATION_STATUS: test=calendarLongPressKeepsDate
INSTRUMENTATION_STATUS_CODE: 1
INSTRUMENTATION_STATUS: class=com.nothatcher.sproutbook.GestureTest
INSTRUMENTATION_STATUS: current=10
INSTRUMENTATION_STATUS: id=AndroidJUnitRunner
INSTRUMENTATION_STATUS: numtests=14
INSTRUMENTATION_STATUS: stream=.
INSTRUMENTATION_STATUS: test=calendarLongPressKeepsDate
INSTRUMENTATION_STATUS_CODE: 0
INSTRUMENTATION_STATUS: class=com.nothatcher.sproutbook.NativeControlsTest
INSTRUMENTATION_STATUS: current=11
INSTRUMENTATION_STATUS: id=AndroidJUnitRunner
INSTRUMENTATION_STATUS: numtests=14
INSTRUMENTATION_STATUS: stream=
com.nothatcher.sproutbook.NativeControlsTest:
INSTRUMENTATION_STATUS: test=healthRecordSavesEditsAndDeletes
INSTRUMENTATION_STATUS_CODE: 1
INSTRUMENTATION_STATUS: class=com.nothatcher.sproutbook.NativeControlsTest
INSTRUMENTATION_STATUS: current=11
INSTRUMENTATION_STATUS: id=AndroidJUnitRunner
INSTRUMENTATION_STATUS: numtests=14
INSTRUMENTATION_STATUS: stream=.
INSTRUMENTATION_STATUS: test=healthRecordSavesEditsAndDeletes
INSTRUMENTATION_STATUS_CODE: 0
INSTRUMENTATION_STATUS: class=com.nothatcher.sproutbook.FeatureFlowTest
INSTRUMENTATION_STATUS: current=12
INSTRUMENTATION_STATUS: id=AndroidJUnitRunner
INSTRUMENTATION_STATUS: numtests=14
INSTRUMENTATION_STATUS: stream=
com.nothatcher.sproutbook.FeatureFlowTest:
INSTRUMENTATION_STATUS: test=childSwitchAndGrandparentGuard
INSTRUMENTATION_STATUS_CODE: 1
INSTRUMENTATION_STATUS: class=com.nothatcher.sproutbook.FeatureFlowTest
INSTRUMENTATION_STATUS: current=12
INSTRUMENTATION_STATUS: id=AndroidJUnitRunner
INSTRUMENTATION_STATUS: numtests=14
INSTRUMENTATION_STATUS: stream=.
INSTRUMENTATION_STATUS: test=childSwitchAndGrandparentGuard
INSTRUMENTATION_STATUS_CODE: 0
INSTRUMENTATION_STATUS: class=com.nothatcher.sproutbook.CareUpgradeTest
INSTRUMENTATION_STATUS: current=13
INSTRUMENTATION_STATUS: id=AndroidJUnitRunner
INSTRUMENTATION_STATUS: numtests=14
INSTRUMENTATION_STATUS: stream=
com.nothatcher.sproutbook.CareUpgradeTest:
INSTRUMENTATION_STATUS: test=soundButtonsPauseResumeSwitchAndStopActualService
INSTRUMENTATION_STATUS_CODE: 1
INSTRUMENTATION_STATUS: class=com.nothatcher.sproutbook.CareUpgradeTest
INSTRUMENTATION_STATUS: current=13
INSTRUMENTATION_STATUS: id=AndroidJUnitRunner
INSTRUMENTATION_STATUS: numtests=14
INSTRUMENTATION_STATUS: stream=.
INSTRUMENTATION_STATUS: test=soundButtonsPauseResumeSwitchAndStopActualService
INSTRUMENTATION_STATUS_CODE: 0
INSTRUMENTATION_STATUS: class=com.nothatcher.sproutbook.NavigationTest
INSTRUMENTATION_STATUS: current=14
INSTRUMENTATION_STATUS: id=AndroidJUnitRunner
INSTRUMENTATION_STATUS: numtests=14
INSTRUMENTATION_STATUS: stream=
com.nothatcher.sproutbook.NavigationTest:
INSTRUMENTATION_STATUS: test=profileCreationEnablesSafeNavigation
INSTRUMENTATION_STATUS_CODE: 1
INSTRUMENTATION_STATUS: class=com.nothatcher.sproutbook.NavigationTest
INSTRUMENTATION_STATUS: current=14
INSTRUMENTATION_STATUS: id=AndroidJUnitRunner
INSTRUMENTATION_STATUS: numtests=14
INSTRUMENTATION_STATUS: stream=.
INSTRUMENTATION_STATUS: test=profileCreationEnablesSafeNavigation
INSTRUMENTATION_STATUS_CODE: 0
INSTRUMENTATION_RESULT: stream=

Time: 210.517

OK (14 tests)


INSTRUMENTATION_CODE: -1
