INSTRUMENTATION_STATUS: class=com.nothatcher.sproutbook.EverydayRepositoryTest
INSTRUMENTATION_STATUS: current=1
INSTRUMENTATION_STATUS: id=AndroidJUnitRunner
INSTRUMENTATION_STATUS: numtests=9
INSTRUMENTATION_STATUS: stream=
com.nothatcher.sproutbook.EverydayRepositoryTest:
INSTRUMENTATION_STATUS: test=backupRoundTripAndCaregiverGuardForEveryNewMutation
INSTRUMENTATION_STATUS_CODE: 1
INSTRUMENTATION_STATUS: class=com.nothatcher.sproutbook.EverydayRepositoryTest
INSTRUMENTATION_STATUS: current=1
INSTRUMENTATION_STATUS: id=AndroidJUnitRunner
INSTRUMENTATION_STATUS: numtests=9
INSTRUMENTATION_STATUS: stream=.
INSTRUMENTATION_STATUS: test=backupRoundTripAndCaregiverGuardForEveryNewMutation
INSTRUMENTATION_STATUS_CODE: 0
INSTRUMENTATION_STATUS: class=com.nothatcher.sproutbook.EverydayRepositoryTest
INSTRUMENTATION_STATUS: current=2
INSTRUMENTATION_STATUS: id=AndroidJUnitRunner
INSTRUMENTATION_STATUS: numtests=9
INSTRUMENTATION_STATUS: stream=
INSTRUMENTATION_STATUS: test=pumpTransferAndTerminalStockAreAtomic
INSTRUMENTATION_STATUS_CODE: 1
INSTRUMENTATION_STATUS: class=com.nothatcher.sproutbook.EverydayRepositoryTest
INSTRUMENTATION_STATUS: current=2
INSTRUMENTATION_STATUS: id=AndroidJUnitRunner
INSTRUMENTATION_STATUS: numtests=9
INSTRUMENTATION_STATUS: stream=.
INSTRUMENTATION_STATUS: test=pumpTransferAndTerminalStockAreAtomic
INSTRUMENTATION_STATUS_CODE: 0
INSTRUMENTATION_STATUS: class=com.nothatcher.sproutbook.EverydayRepositoryTest
INSTRUMENTATION_STATUS: current=3
INSTRUMENTATION_STATUS: id=AndroidJUnitRunner
INSTRUMENTATION_STATUS: numtests=9
INSTRUMENTATION_STATUS: stream=
INSTRUMENTATION_STATUS: test=datedCompletionIsUniqueUndoableAndChildScoped
INSTRUMENTATION_STATUS_CODE: 1
INSTRUMENTATION_STATUS: class=com.nothatcher.sproutbook.EverydayRepositoryTest
INSTRUMENTATION_STATUS: current=3
INSTRUMENTATION_STATUS: id=AndroidJUnitRunner
INSTRUMENTATION_STATUS: numtests=9
INSTRUMENTATION_STATUS: stream=.
INSTRUMENTATION_STATUS: test=datedCompletionIsUniqueUndoableAndChildScoped
INSTRUMENTATION_STATUS_CODE: 0
INSTRUMENTATION_STATUS: class=com.nothatcher.sproutbook.MigrationTest
INSTRUMENTATION_STATUS: current=4
INSTRUMENTATION_STATUS: id=AndroidJUnitRunner
INSTRUMENTATION_STATUS: numtests=9
INSTRUMENTATION_STATUS: stream=
com.nothatcher.sproutbook.MigrationTest:
INSTRUMENTATION_STATUS: test=v3InstallationMigratesWithoutLosingChild
INSTRUMENTATION_STATUS_CODE: 1
INSTRUMENTATION_STATUS: class=com.nothatcher.sproutbook.MigrationTest
INSTRUMENTATION_STATUS: current=4
INSTRUMENTATION_STATUS: id=AndroidJUnitRunner
INSTRUMENTATION_STATUS: numtests=9
INSTRUMENTATION_STATUS: stream=.
INSTRUMENTATION_STATUS: test=v3InstallationMigratesWithoutLosingChild
INSTRUMENTATION_STATUS_CODE: 0
INSTRUMENTATION_STATUS: class=com.nothatcher.sproutbook.MigrationTest
INSTRUMENTATION_STATUS: current=5
INSTRUMENTATION_STATUS: id=AndroidJUnitRunner
INSTRUMENTATION_STATUS: numtests=9
INSTRUMENTATION_STATUS: stream=
INSTRUMENTATION_STATUS: test=originalSchemaMigratesWithoutLosingChild
INSTRUMENTATION_STATUS_CODE: 1
INSTRUMENTATION_STATUS: class=com.nothatcher.sproutbook.MigrationTest
INSTRUMENTATION_STATUS: current=5
INSTRUMENTATION_STATUS: id=AndroidJUnitRunner
INSTRUMENTATION_STATUS: numtests=9
INSTRUMENTATION_STATUS: stream=.
INSTRUMENTATION_STATUS: test=originalSchemaMigratesWithoutLosingChild
INSTRUMENTATION_STATUS_CODE: 0
INSTRUMENTATION_STATUS: class=com.nothatcher.sproutbook.MigrationTest
INSTRUMENTATION_STATUS: current=6
INSTRUMENTATION_STATUS: id=AndroidJUnitRunner
INSTRUMENTATION_STATUS: numtests=9
INSTRUMENTATION_STATUS: stream=
INSTRUMENTATION_STATUS: test=v31InstallationMigratesWithoutLosingCareRecords
INSTRUMENTATION_STATUS_CODE: 1
INSTRUMENTATION_STATUS: class=com.nothatcher.sproutbook.MigrationTest
INSTRUMENTATION_STATUS: current=6
INSTRUMENTATION_STATUS: id=AndroidJUnitRunner
INSTRUMENTATION_STATUS: numtests=9
INSTRUMENTATION_STATUS: stream=.
INSTRUMENTATION_STATUS: test=v31InstallationMigratesWithoutLosingCareRecords
INSTRUMENTATION_STATUS_CODE: 0
INSTRUMENTATION_STATUS: class=com.nothatcher.sproutbook.NewCareRepositoryTest
INSTRUMENTATION_STATUS: current=7
INSTRUMENTATION_STATUS: id=AndroidJUnitRunner
INSTRUMENTATION_STATUS: numtests=9
INSTRUMENTATION_STATUS: stream=
com.nothatcher.sproutbook.NewCareRepositoryTest:
INSTRUMENTATION_STATUS: test=transactionsChildIsolationBackupAndReadOnly
INSTRUMENTATION_STATUS_CODE: 1
INSTRUMENTATION_STATUS: class=com.nothatcher.sproutbook.NewCareRepositoryTest
INSTRUMENTATION_STATUS: current=7
INSTRUMENTATION_STATUS: id=AndroidJUnitRunner
INSTRUMENTATION_STATUS: numtests=9
INSTRUMENTATION_STATUS: stream=.
INSTRUMENTATION_STATUS: test=transactionsChildIsolationBackupAndReadOnly
INSTRUMENTATION_STATUS_CODE: 0
INSTRUMENTATION_STATUS: class=com.nothatcher.sproutbook.NewCareRepositoryTest
INSTRUMENTATION_STATUS: current=8
INSTRUMENTATION_STATUS: id=AndroidJUnitRunner
INSTRUMENTATION_STATUS: numtests=9
INSTRUMENTATION_STATUS: stream=
INSTRUMENTATION_STATUS: test=failedRestockRollsBackAndDeletedParentsClearLinks
INSTRUMENTATION_STATUS_CODE: 1
INSTRUMENTATION_STATUS: class=com.nothatcher.sproutbook.NewCareRepositoryTest
INSTRUMENTATION_STATUS: current=8
INSTRUMENTATION_STATUS: id=AndroidJUnitRunner
INSTRUMENTATION_STATUS: numtests=9
INSTRUMENTATION_STATUS: stream=.
INSTRUMENTATION_STATUS: test=failedRestockRollsBackAndDeletedParentsClearLinks
INSTRUMENTATION_STATUS_CODE: 0
INSTRUMENTATION_STATUS: class=com.nothatcher.sproutbook.BackupTest
INSTRUMENTATION_STATUS: current=9
INSTRUMENTATION_STATUS: id=AndroidJUnitRunner
INSTRUMENTATION_STATUS: numtests=9
INSTRUMENTATION_STATUS: stream=
com.nothatcher.sproutbook.BackupTest:
INSTRUMENTATION_STATUS: test=exportReviewRestorePhotosAndInvalidRollback
INSTRUMENTATION_STATUS_CODE: 1
INSTRUMENTATION_STATUS: class=com.nothatcher.sproutbook.BackupTest
INSTRUMENTATION_STATUS: current=9
INSTRUMENTATION_STATUS: id=AndroidJUnitRunner
INSTRUMENTATION_STATUS: numtests=9
INSTRUMENTATION_STATUS: stream=.
INSTRUMENTATION_STATUS: test=exportReviewRestorePhotosAndInvalidRollback
INSTRUMENTATION_STATUS_CODE: 0
INSTRUMENTATION_RESULT: stream=

Time: 27.534

OK (9 tests)


INSTRUMENTATION_CODE: -1
