INSTRUMENTATION_STATUS: class=com.nothatcher.sproutbook.NewCareRepositoryTest
INSTRUMENTATION_STATUS: current=1
INSTRUMENTATION_STATUS: id=AndroidJUnitRunner
INSTRUMENTATION_STATUS: numtests=15
INSTRUMENTATION_STATUS: stream=
com.nothatcher.sproutbook.NewCareRepositoryTest:
INSTRUMENTATION_STATUS: test=transactionsChildIsolationBackupAndReadOnly
INSTRUMENTATION_STATUS_CODE: 1
INSTRUMENTATION_STATUS: class=com.nothatcher.sproutbook.NewCareRepositoryTest
INSTRUMENTATION_STATUS: current=1
INSTRUMENTATION_STATUS: id=AndroidJUnitRunner
INSTRUMENTATION_STATUS: numtests=15
INSTRUMENTATION_STATUS: stream=.
INSTRUMENTATION_STATUS: test=transactionsChildIsolationBackupAndReadOnly
INSTRUMENTATION_STATUS_CODE: 0
INSTRUMENTATION_STATUS: class=com.nothatcher.sproutbook.NewCareRepositoryTest
INSTRUMENTATION_STATUS: current=2
INSTRUMENTATION_STATUS: id=AndroidJUnitRunner
INSTRUMENTATION_STATUS: numtests=15
INSTRUMENTATION_STATUS: stream=
INSTRUMENTATION_STATUS: test=failedRestockRollsBackAndDeletedParentsClearLinks
INSTRUMENTATION_STATUS_CODE: 1
INSTRUMENTATION_STATUS: class=com.nothatcher.sproutbook.NewCareRepositoryTest
INSTRUMENTATION_STATUS: current=2
INSTRUMENTATION_STATUS: id=AndroidJUnitRunner
INSTRUMENTATION_STATUS: numtests=15
INSTRUMENTATION_STATUS: stream=.
INSTRUMENTATION_STATUS: test=failedRestockRollsBackAndDeletedParentsClearLinks
INSTRUMENTATION_STATUS_CODE: 0
INSTRUMENTATION_STATUS: class=com.nothatcher.sproutbook.FoundationTest
INSTRUMENTATION_STATUS: current=3
INSTRUMENTATION_STATUS: id=AndroidJUnitRunner
INSTRUMENTATION_STATUS: numtests=15
INSTRUMENTATION_STATUS: stream=
com.nothatcher.sproutbook.FoundationTest:
INSTRUMENTATION_STATUS: test=profilesSurviveReopenAndStayIndependent
INSTRUMENTATION_STATUS_CODE: 1
INSTRUMENTATION_STATUS: class=com.nothatcher.sproutbook.FoundationTest
INSTRUMENTATION_STATUS: current=3
INSTRUMENTATION_STATUS: id=AndroidJUnitRunner
INSTRUMENTATION_STATUS: numtests=15
INSTRUMENTATION_STATUS: stream=.
INSTRUMENTATION_STATUS: test=profilesSurviveReopenAndStayIndependent
INSTRUMENTATION_STATUS_CODE: 0
INSTRUMENTATION_STATUS: class=com.nothatcher.sproutbook.MigrationTest
INSTRUMENTATION_STATUS: current=4
INSTRUMENTATION_STATUS: id=AndroidJUnitRunner
INSTRUMENTATION_STATUS: numtests=15
INSTRUMENTATION_STATUS: stream=
com.nothatcher.sproutbook.MigrationTest:
INSTRUMENTATION_STATUS: test=v3InstallationMigratesWithoutLosingChild
INSTRUMENTATION_STATUS_CODE: 1
INSTRUMENTATION_STATUS: class=com.nothatcher.sproutbook.MigrationTest
INSTRUMENTATION_STATUS: current=4
INSTRUMENTATION_STATUS: id=AndroidJUnitRunner
INSTRUMENTATION_STATUS: numtests=15
INSTRUMENTATION_STATUS: stream=.
INSTRUMENTATION_STATUS: test=v3InstallationMigratesWithoutLosingChild
INSTRUMENTATION_STATUS_CODE: 0
INSTRUMENTATION_STATUS: class=com.nothatcher.sproutbook.MigrationTest
INSTRUMENTATION_STATUS: current=5
INSTRUMENTATION_STATUS: id=AndroidJUnitRunner
INSTRUMENTATION_STATUS: numtests=15
INSTRUMENTATION_STATUS: stream=
INSTRUMENTATION_STATUS: test=originalSchemaMigratesWithoutLosingChild
INSTRUMENTATION_STATUS_CODE: 1
INSTRUMENTATION_STATUS: class=com.nothatcher.sproutbook.MigrationTest
INSTRUMENTATION_STATUS: current=5
INSTRUMENTATION_STATUS: id=AndroidJUnitRunner
INSTRUMENTATION_STATUS: numtests=15
INSTRUMENTATION_STATUS: stream=.
INSTRUMENTATION_STATUS: test=originalSchemaMigratesWithoutLosingChild
INSTRUMENTATION_STATUS_CODE: 0
INSTRUMENTATION_STATUS: class=com.nothatcher.sproutbook.MigrationTest
INSTRUMENTATION_STATUS: current=6
INSTRUMENTATION_STATUS: id=AndroidJUnitRunner
INSTRUMENTATION_STATUS: numtests=15
INSTRUMENTATION_STATUS: stream=
INSTRUMENTATION_STATUS: test=v31InstallationMigratesWithoutLosingCareRecords
INSTRUMENTATION_STATUS_CODE: 1
INSTRUMENTATION_STATUS: class=com.nothatcher.sproutbook.MigrationTest
INSTRUMENTATION_STATUS: current=6
INSTRUMENTATION_STATUS: id=AndroidJUnitRunner
INSTRUMENTATION_STATUS: numtests=15
INSTRUMENTATION_STATUS: stream=.
INSTRUMENTATION_STATUS: test=v31InstallationMigratesWithoutLosingCareRecords
INSTRUMENTATION_STATUS_CODE: 0
INSTRUMENTATION_STATUS: class=com.nothatcher.sproutbook.RepositoryTest
INSTRUMENTATION_STATUS: current=7
INSTRUMENTATION_STATUS: id=AndroidJUnitRunner
INSTRUMENTATION_STATUS: numtests=15
INSTRUMENTATION_STATUS: stream=
com.nothatcher.sproutbook.RepositoryTest:
INSTRUMENTATION_STATUS: test=leafCreationIsAtomicAndCaregiverModeGuardsWrites
INSTRUMENTATION_STATUS_CODE: 1
INSTRUMENTATION_STATUS: class=com.nothatcher.sproutbook.RepositoryTest
INSTRUMENTATION_STATUS: current=7
INSTRUMENTATION_STATUS: id=AndroidJUnitRunner
INSTRUMENTATION_STATUS: numtests=15
INSTRUMENTATION_STATUS: stream=.
INSTRUMENTATION_STATUS: test=leafCreationIsAtomicAndCaregiverModeGuardsWrites
INSTRUMENTATION_STATUS_CODE: 0
INSTRUMENTATION_STATUS: class=com.nothatcher.sproutbook.BackupTest
INSTRUMENTATION_STATUS: current=8
INSTRUMENTATION_STATUS: id=AndroidJUnitRunner
INSTRUMENTATION_STATUS: numtests=15
INSTRUMENTATION_STATUS: stream=
com.nothatcher.sproutbook.BackupTest:
INSTRUMENTATION_STATUS: test=exportReviewRestorePhotosAndInvalidRollback
INSTRUMENTATION_STATUS_CODE: 1
INSTRUMENTATION_STATUS: class=com.nothatcher.sproutbook.BackupTest
INSTRUMENTATION_STATUS: current=8
INSTRUMENTATION_STATUS: id=AndroidJUnitRunner
INSTRUMENTATION_STATUS: numtests=15
INSTRUMENTATION_STATUS: stream=.
INSTRUMENTATION_STATUS: test=exportReviewRestorePhotosAndInvalidRollback
INSTRUMENTATION_STATUS_CODE: 0
INSTRUMENTATION_STATUS: class=com.nothatcher.sproutbook.ReviewRegressionTest
INSTRUMENTATION_STATUS: current=9
INSTRUMENTATION_STATUS: id=AndroidJUnitRunner
INSTRUMENTATION_STATUS: numtests=15
INSTRUMENTATION_STATUS: stream=
com.nothatcher.sproutbook.ReviewRegressionTest:
INSTRUMENTATION_STATUS: test=collidingMilestoneLeafNeverCrossesChildren
INSTRUMENTATION_STATUS_CODE: 1
INSTRUMENTATION_STATUS: class=com.nothatcher.sproutbook.ReviewRegressionTest
INSTRUMENTATION_STATUS: current=9
INSTRUMENTATION_STATUS: id=AndroidJUnitRunner
INSTRUMENTATION_STATUS: numtests=15
INSTRUMENTATION_STATUS: stream=.
INSTRUMENTATION_STATUS: test=collidingMilestoneLeafNeverCrossesChildren
INSTRUMENTATION_STATUS_CODE: 0
INSTRUMENTATION_STATUS: class=com.nothatcher.sproutbook.ReviewRegressionTest
INSTRUMENTATION_STATUS: current=10
INSTRUMENTATION_STATUS: id=AndroidJUnitRunner
INSTRUMENTATION_STATUS: numtests=15
INSTRUMENTATION_STATUS: stream=
INSTRUMENTATION_STATUS: test=excessiveNotesAreRejectedBeforeSaving
INSTRUMENTATION_STATUS_CODE: 1
INSTRUMENTATION_STATUS: class=com.nothatcher.sproutbook.ReviewRegressionTest
INSTRUMENTATION_STATUS: current=10
INSTRUMENTATION_STATUS: id=AndroidJUnitRunner
INSTRUMENTATION_STATUS: numtests=15
INSTRUMENTATION_STATUS: stream=.
INSTRUMENTATION_STATUS: test=excessiveNotesAreRejectedBeforeSaving
INSTRUMENTATION_STATUS_CODE: 0
INSTRUMENTATION_STATUS: class=com.nothatcher.sproutbook.ReviewRegressionTest
INSTRUMENTATION_STATUS: current=11
INSTRUMENTATION_STATUS: id=AndroidJUnitRunner
INSTRUMENTATION_STATUS: numtests=15
INSTRUMENTATION_STATUS: stream=
INSTRUMENTATION_STATUS: test=excessivePumpTotalCannotPoisonBackup
INSTRUMENTATION_STATUS_CODE: 1
INSTRUMENTATION_STATUS: class=com.nothatcher.sproutbook.ReviewRegressionTest
INSTRUMENTATION_STATUS: current=11
INSTRUMENTATION_STATUS: id=AndroidJUnitRunner
INSTRUMENTATION_STATUS: numtests=15
INSTRUMENTATION_STATUS: stream=.
INSTRUMENTATION_STATUS: test=excessivePumpTotalCannotPoisonBackup
INSTRUMENTATION_STATUS_CODE: 0
INSTRUMENTATION_STATUS: class=com.nothatcher.sproutbook.CrudAndHistoryTest
INSTRUMENTATION_STATUS: current=12
INSTRUMENTATION_STATUS: id=AndroidJUnitRunner
INSTRUMENTATION_STATUS: numtests=15
INSTRUMENTATION_STATUS: stream=
com.nothatcher.sproutbook.CrudAndHistoryTest:
INSTRUMENTATION_STATUS: test=pagingHasNoHistoricalCutoffAndFiltersBeforeLimit
INSTRUMENTATION_STATUS_CODE: 1
INSTRUMENTATION_STATUS: class=com.nothatcher.sproutbook.CrudAndHistoryTest
INSTRUMENTATION_STATUS: current=12
INSTRUMENTATION_STATUS: id=AndroidJUnitRunner
INSTRUMENTATION_STATUS: numtests=15
INSTRUMENTATION_STATUS: stream=.
INSTRUMENTATION_STATUS: test=pagingHasNoHistoricalCutoffAndFiltersBeforeLimit
INSTRUMENTATION_STATUS_CODE: 0
INSTRUMENTATION_STATUS: class=com.nothatcher.sproutbook.CrudAndHistoryTest
INSTRUMENTATION_STATUS: current=13
INSTRUMENTATION_STATUS: id=AndroidJUnitRunner
INSTRUMENTATION_STATUS: numtests=15
INSTRUMENTATION_STATUS: stream=
INSTRUMENTATION_STATUS: test=connectedRecordsCreateUpdateDelete
INSTRUMENTATION_STATUS_CODE: 1
INSTRUMENTATION_STATUS: class=com.nothatcher.sproutbook.CrudAndHistoryTest
INSTRUMENTATION_STATUS: current=13
INSTRUMENTATION_STATUS: id=AndroidJUnitRunner
INSTRUMENTATION_STATUS: numtests=15
INSTRUMENTATION_STATUS: stream=.
INSTRUMENTATION_STATUS: test=connectedRecordsCreateUpdateDelete
INSTRUMENTATION_STATUS_CODE: 0
INSTRUMENTATION_STATUS: class=com.nothatcher.sproutbook.SoundTest
INSTRUMENTATION_STATUS: current=14
INSTRUMENTATION_STATUS: id=AndroidJUnitRunner
INSTRUMENTATION_STATUS: numtests=15
INSTRUMENTATION_STATUS: stream=
com.nothatcher.sproutbook.SoundTest:
INSTRUMENTATION_STATUS: test=nativeAudioStartsAndStopsEverySound
INSTRUMENTATION_STATUS_CODE: 1
INSTRUMENTATION_STATUS: class=com.nothatcher.sproutbook.SoundTest
INSTRUMENTATION_STATUS: current=14
INSTRUMENTATION_STATUS: id=AndroidJUnitRunner
INSTRUMENTATION_STATUS: numtests=15
INSTRUMENTATION_STATUS: stream=.
INSTRUMENTATION_STATUS: test=nativeAudioStartsAndStopsEverySound
INSTRUMENTATION_STATUS_CODE: 0
INSTRUMENTATION_STATUS: class=com.nothatcher.sproutbook.NotificationTest
INSTRUMENTATION_STATUS: current=15
INSTRUMENTATION_STATUS: id=AndroidJUnitRunner
INSTRUMENTATION_STATUS: numtests=15
INSTRUMENTATION_STATUS: stream=
com.nothatcher.sproutbook.NotificationTest:
INSTRUMENTATION_STATUS: test=appointmentNotificationsRequireOptInAndFreshRecord
INSTRUMENTATION_STATUS_CODE: 1
INSTRUMENTATION_STATUS: class=com.nothatcher.sproutbook.NotificationTest
INSTRUMENTATION_STATUS: current=15
INSTRUMENTATION_STATUS: id=AndroidJUnitRunner
INSTRUMENTATION_STATUS: numtests=15
INSTRUMENTATION_STATUS: stream=.
INSTRUMENTATION_STATUS: test=appointmentNotificationsRequireOptInAndFreshRecord
INSTRUMENTATION_STATUS_CODE: 0
INSTRUMENTATION_RESULT: stream=

Time: 79.402

OK (15 tests)


INSTRUMENTATION_CODE: -1
