INSTRUMENTATION_STATUS: class=com.nothatcher.sproutbook.FeatureFlowTest
INSTRUMENTATION_STATUS: current=1
INSTRUMENTATION_STATUS: id=AndroidJUnitRunner
INSTRUMENTATION_STATUS: numtests=13
INSTRUMENTATION_STATUS: stream=
com.nothatcher.sproutbook.FeatureFlowTest:
INSTRUMENTATION_STATUS: test=formulaResetsWhenChildChanges
INSTRUMENTATION_STATUS_CODE: 1
INSTRUMENTATION_STATUS: class=com.nothatcher.sproutbook.FeatureFlowTest
INSTRUMENTATION_STATUS: current=1
INSTRUMENTATION_STATUS: id=AndroidJUnitRunner
INSTRUMENTATION_STATUS: numtests=13
INSTRUMENTATION_STATUS: stream=.
INSTRUMENTATION_STATUS: test=formulaResetsWhenChildChanges
INSTRUMENTATION_STATUS_CODE: 0
INSTRUMENTATION_STATUS: class=com.nothatcher.sproutbook.FeatureFlowTest
INSTRUMENTATION_STATUS: current=2
INSTRUMENTATION_STATUS: id=AndroidJUnitRunner
INSTRUMENTATION_STATUS: numtests=13
INSTRUMENTATION_STATUS: stream=
INSTRUMENTATION_STATUS: test=feedingAddEditDelete
INSTRUMENTATION_STATUS_CODE: 1
INSTRUMENTATION_STATUS: class=com.nothatcher.sproutbook.FeatureFlowTest
INSTRUMENTATION_STATUS: current=2
INSTRUMENTATION_STATUS: id=AndroidJUnitRunner
INSTRUMENTATION_STATUS: numtests=13
INSTRUMENTATION_STATUS: stream=.
INSTRUMENTATION_STATUS: test=feedingAddEditDelete
INSTRUMENTATION_STATUS_CODE: 0
INSTRUMENTATION_STATUS: class=com.nothatcher.sproutbook.FeatureFlowTest
INSTRUMENTATION_STATUS: current=3
INSTRUMENTATION_STATUS: id=AndroidJUnitRunner
INSTRUMENTATION_STATUS: numtests=13
INSTRUMENTATION_STATUS: stream=
INSTRUMENTATION_STATUS: test=olderFeedingRemainsReachable
INSTRUMENTATION_STATUS_CODE: 1
INSTRUMENTATION_STATUS: class=com.nothatcher.sproutbook.FeatureFlowTest
INSTRUMENTATION_STATUS: current=3
INSTRUMENTATION_STATUS: id=AndroidJUnitRunner
INSTRUMENTATION_STATUS: numtests=13
INSTRUMENTATION_STATUS: stream=.
INSTRUMENTATION_STATUS: test=olderFeedingRemainsReachable
INSTRUMENTATION_STATUS_CODE: 0
INSTRUMENTATION_STATUS: class=com.nothatcher.sproutbook.FeatureFlowTest
INSTRUMENTATION_STATUS: current=4
INSTRUMENTATION_STATUS: id=AndroidJUnitRunner
INSTRUMENTATION_STATUS: numtests=13
INSTRUMENTATION_STATUS: stream=
INSTRUMENTATION_STATUS: test=childSwitchAndGrandparentGuard
INSTRUMENTATION_STATUS_CODE: 1
INSTRUMENTATION_STATUS: class=com.nothatcher.sproutbook.FeatureFlowTest
INSTRUMENTATION_STATUS: current=4
INSTRUMENTATION_STATUS: id=AndroidJUnitRunner
INSTRUMENTATION_STATUS: numtests=13
INSTRUMENTATION_STATUS: stream=.
INSTRUMENTATION_STATUS: test=childSwitchAndGrandparentGuard
INSTRUMENTATION_STATUS_CODE: 0
INSTRUMENTATION_STATUS: class=com.nothatcher.sproutbook.CareFlowTest
INSTRUMENTATION_STATUS: current=5
INSTRUMENTATION_STATUS: id=AndroidJUnitRunner
INSTRUMENTATION_STATUS: numtests=13
INSTRUMENTATION_STATUS: stream=
com.nothatcher.sproutbook.CareFlowTest:
INSTRUMENTATION_STATUS: test=pregnancySessionsPersist
INSTRUMENTATION_STATUS_CODE: 1
INSTRUMENTATION_STATUS: class=com.nothatcher.sproutbook.CareFlowTest
INSTRUMENTATION_STATUS: current=5
INSTRUMENTATION_STATUS: id=AndroidJUnitRunner
INSTRUMENTATION_STATUS: numtests=13
INSTRUMENTATION_STATUS: stream=.
INSTRUMENTATION_STATUS: test=pregnancySessionsPersist
INSTRUMENTATION_STATUS_CODE: 0
INSTRUMENTATION_STATUS: class=com.nothatcher.sproutbook.CareFlowTest
INSTRUMENTATION_STATUS: current=6
INSTRUMENTATION_STATUS: id=AndroidJUnitRunner
INSTRUMENTATION_STATUS: numtests=13
INSTRUMENTATION_STATUS: stream=
INSTRUMENTATION_STATUS: test=foodAndMealSave
INSTRUMENTATION_STATUS_CODE: 1
INSTRUMENTATION_STATUS: class=com.nothatcher.sproutbook.CareFlowTest
INSTRUMENTATION_STATUS: current=6
INSTRUMENTATION_STATUS: id=AndroidJUnitRunner
INSTRUMENTATION_STATUS: numtests=13
INSTRUMENTATION_STATUS: stream=.
INSTRUMENTATION_STATUS: test=foodAndMealSave
INSTRUMENTATION_STATUS_CODE: 0
INSTRUMENTATION_STATUS: class=com.nothatcher.sproutbook.CareFlowTest
INSTRUMENTATION_STATUS: current=7
INSTRUMENTATION_STATUS: id=AndroidJUnitRunner
INSTRUMENTATION_STATUS: numtests=13
INSTRUMENTATION_STATUS: stream=
INSTRUMENTATION_STATUS: test=memoryAddTimelineEditDelete
INSTRUMENTATION_STATUS_CODE: 1
INSTRUMENTATION_STATUS: class=com.nothatcher.sproutbook.CareFlowTest
INSTRUMENTATION_STATUS: current=7
INSTRUMENTATION_STATUS: id=AndroidJUnitRunner
INSTRUMENTATION_STATUS: numtests=13
INSTRUMENTATION_STATUS: stream=.
INSTRUMENTATION_STATUS: test=memoryAddTimelineEditDelete
INSTRUMENTATION_STATUS_CODE: 0
INSTRUMENTATION_STATUS: class=com.nothatcher.sproutbook.CareFlowTest
INSTRUMENTATION_STATUS: current=8
INSTRUMENTATION_STATUS: id=AndroidJUnitRunner
INSTRUMENTATION_STATUS: numtests=13
INSTRUMENTATION_STATUS: stream=
INSTRUMENTATION_STATUS: test=inventorySaveAdjustAndDelete
INSTRUMENTATION_STATUS_CODE: 1
INSTRUMENTATION_STATUS: class=com.nothatcher.sproutbook.CareFlowTest
INSTRUMENTATION_STATUS: current=8
INSTRUMENTATION_STATUS: id=AndroidJUnitRunner
INSTRUMENTATION_STATUS: numtests=13
INSTRUMENTATION_STATUS: stream=.
INSTRUMENTATION_STATUS: test=inventorySaveAdjustAndDelete
INSTRUMENTATION_STATUS_CODE: 0
INSTRUMENTATION_STATUS: class=com.nothatcher.sproutbook.NativeControlsTest
INSTRUMENTATION_STATUS: current=9
INSTRUMENTATION_STATUS: id=AndroidJUnitRunner
INSTRUMENTATION_STATUS: numtests=13
INSTRUMENTATION_STATUS: stream=
com.nothatcher.sproutbook.NativeControlsTest:
INSTRUMENTATION_STATUS: test=nursingAndPumpingSaveTheirOwnFields
INSTRUMENTATION_STATUS_CODE: 1
INSTRUMENTATION_STATUS: class=com.nothatcher.sproutbook.NativeControlsTest
INSTRUMENTATION_STATUS: current=9
INSTRUMENTATION_STATUS: id=AndroidJUnitRunner
INSTRUMENTATION_STATUS: numtests=13
INSTRUMENTATION_STATUS: stream=.
INSTRUMENTATION_STATUS: test=nursingAndPumpingSaveTheirOwnFields
INSTRUMENTATION_STATUS_CODE: 0
INSTRUMENTATION_STATUS: class=com.nothatcher.sproutbook.NativeControlsTest
INSTRUMENTATION_STATUS: current=10
INSTRUMENTATION_STATUS: id=AndroidJUnitRunner
INSTRUMENTATION_STATUS: numtests=13
INSTRUMENTATION_STATUS: stream=
INSTRUMENTATION_STATUS: test=sleepAndSoundControlsReachNativeService
INSTRUMENTATION_STATUS_CODE: 1
INSTRUMENTATION_STATUS: class=com.nothatcher.sproutbook.NativeControlsTest
INSTRUMENTATION_STATUS: current=10
INSTRUMENTATION_STATUS: id=AndroidJUnitRunner
INSTRUMENTATION_STATUS: numtests=13
INSTRUMENTATION_STATUS: stream=.
INSTRUMENTATION_STATUS: test=sleepAndSoundControlsReachNativeService
INSTRUMENTATION_STATUS_CODE: 0
INSTRUMENTATION_STATUS: class=com.nothatcher.sproutbook.NativeControlsTest
INSTRUMENTATION_STATUS: current=11
INSTRUMENTATION_STATUS: id=AndroidJUnitRunner
INSTRUMENTATION_STATUS: numtests=13
INSTRUMENTATION_STATUS: stream=
INSTRUMENTATION_STATUS: test=milestoneCompletionCreatesLeafFromLabelledSwitches
INSTRUMENTATION_STATUS_CODE: 1
INSTRUMENTATION_STATUS: class=com.nothatcher.sproutbook.NativeControlsTest
INSTRUMENTATION_STATUS: current=11
INSTRUMENTATION_STATUS: id=AndroidJUnitRunner
INSTRUMENTATION_STATUS: numtests=13
INSTRUMENTATION_STATUS: stream=.
INSTRUMENTATION_STATUS: test=milestoneCompletionCreatesLeafFromLabelledSwitches
INSTRUMENTATION_STATUS_CODE: 0
INSTRUMENTATION_STATUS: class=com.nothatcher.sproutbook.NativeControlsTest
INSTRUMENTATION_STATUS: current=12
INSTRUMENTATION_STATUS: id=AndroidJUnitRunner
INSTRUMENTATION_STATUS: numtests=13
INSTRUMENTATION_STATUS: stream=
INSTRUMENTATION_STATUS: test=healthRecordSavesEditsAndDeletes
INSTRUMENTATION_STATUS_CODE: 1
INSTRUMENTATION_STATUS: class=com.nothatcher.sproutbook.NativeControlsTest
INSTRUMENTATION_STATUS: current=12
INSTRUMENTATION_STATUS: id=AndroidJUnitRunner
INSTRUMENTATION_STATUS: numtests=13
INSTRUMENTATION_STATUS: stream=.
INSTRUMENTATION_STATUS: test=healthRecordSavesEditsAndDeletes
INSTRUMENTATION_STATUS_CODE: 0
INSTRUMENTATION_STATUS: class=com.nothatcher.sproutbook.NativeControlsTest
INSTRUMENTATION_STATUS: current=13
INSTRUMENTATION_STATUS: id=AndroidJUnitRunner
INSTRUMENTATION_STATUS: numtests=13
INSTRUMENTATION_STATUS: stream=
INSTRUMENTATION_STATUS: test=emergencyCardEditsAndCopiesOffline
INSTRUMENTATION_STATUS_CODE: 1
INSTRUMENTATION_STATUS: class=com.nothatcher.sproutbook.NativeControlsTest
INSTRUMENTATION_STATUS: current=13
INSTRUMENTATION_STATUS: id=AndroidJUnitRunner
INSTRUMENTATION_STATUS: numtests=13
INSTRUMENTATION_STATUS: stream=.
INSTRUMENTATION_STATUS: test=emergencyCardEditsAndCopiesOffline
INSTRUMENTATION_STATUS_CODE: 0
INSTRUMENTATION_RESULT: stream=

Time: 503.976

OK (13 tests)


INSTRUMENTATION_CODE: -1
