INSTRUMENTATION_STATUS: class=com.nothatcher.sproutbook.NewHomeFlowTest
INSTRUMENTATION_STATUS: current=1
INSTRUMENTATION_STATUS: id=AndroidJUnitRunner
INSTRUMENTATION_STATUS: numtests=8
INSTRUMENTATION_STATUS: stream=
com.nothatcher.sproutbook.NewHomeFlowTest:
INSTRUMENTATION_STATUS: test=liveDashboardLinksAndAccessibleRecordedChart
INSTRUMENTATION_STATUS_CODE: 1
INSTRUMENTATION_STATUS: class=com.nothatcher.sproutbook.NewHomeFlowTest
INSTRUMENTATION_STATUS: current=1
INSTRUMENTATION_STATUS: id=AndroidJUnitRunner
INSTRUMENTATION_STATUS: numtests=8
INSTRUMENTATION_STATUS: stream=.
INSTRUMENTATION_STATUS: test=liveDashboardLinksAndAccessibleRecordedChart
INSTRUMENTATION_STATUS_CODE: 0
INSTRUMENTATION_STATUS: class=com.nothatcher.sproutbook.NewCareFlowTest
INSTRUMENTATION_STATUS: current=2
INSTRUMENTATION_STATUS: id=AndroidJUnitRunner
INSTRUMENTATION_STATUS: numtests=8
INSTRUMENTATION_STATUS: stream=
com.nothatcher.sproutbook.NewCareFlowTest:
INSTRUMENTATION_STATUS: test=newToolsAreReadOnlyForCaregivers
INSTRUMENTATION_STATUS_CODE: 1
INSTRUMENTATION_STATUS: class=com.nothatcher.sproutbook.NewCareFlowTest
INSTRUMENTATION_STATUS: current=2
INSTRUMENTATION_STATUS: id=AndroidJUnitRunner
INSTRUMENTATION_STATUS: numtests=8
INSTRUMENTATION_STATUS: stream=.
INSTRUMENTATION_STATUS: test=newToolsAreReadOnlyForCaregivers
INSTRUMENTATION_STATUS_CODE: 0
INSTRUMENTATION_STATUS: class=com.nothatcher.sproutbook.NewCareFlowTest
INSTRUMENTATION_STATUS: current=3
INSTRUMENTATION_STATUS: id=AndroidJUnitRunner
INSTRUMENTATION_STATUS: numtests=8
INSTRUMENTATION_STATUS: stream=
INSTRUMENTATION_STATUS: test=diaperQuickLogEditDelete
INSTRUMENTATION_STATUS_CODE: 1
INSTRUMENTATION_STATUS: class=com.nothatcher.sproutbook.NewCareFlowTest
INSTRUMENTATION_STATUS: current=3
INSTRUMENTATION_STATUS: id=AndroidJUnitRunner
INSTRUMENTATION_STATUS: numtests=8
INSTRUMENTATION_STATUS: stream=.
INSTRUMENTATION_STATUS: test=diaperQuickLogEditDelete
INSTRUMENTATION_STATUS_CODE: 0
INSTRUMENTATION_STATUS: class=com.nothatcher.sproutbook.NewCareFlowTest
INSTRUMENTATION_STATUS: current=4
INSTRUMENTATION_STATUS: id=AndroidJUnitRunner
INSTRUMENTATION_STATUS: numtests=8
INSTRUMENTATION_STATUS: stream=
INSTRUMENTATION_STATUS: test=prepareUseBottleAndShopping
INSTRUMENTATION_STATUS_CODE: 1
INSTRUMENTATION_STATUS: class=com.nothatcher.sproutbook.NewCareFlowTest
INSTRUMENTATION_STATUS: current=4
INSTRUMENTATION_STATUS: id=AndroidJUnitRunner
INSTRUMENTATION_STATUS: numtests=8
INSTRUMENTATION_STATUS: stream=.
INSTRUMENTATION_STATUS: test=prepareUseBottleAndShopping
INSTRUMENTATION_STATUS_CODE: 0
INSTRUMENTATION_STATUS: class=com.nothatcher.sproutbook.NewCareFlowTest
INSTRUMENTATION_STATUS: current=5
INSTRUMENTATION_STATUS: id=AndroidJUnitRunner
INSTRUMENTATION_STATUS: numtests=8
INSTRUMENTATION_STATUS: stream=
INSTRUMENTATION_STATUS: test=unsavedUnlinkCannotReplenishSupplies
INSTRUMENTATION_STATUS_CODE: 1
INSTRUMENTATION_STATUS: class=com.nothatcher.sproutbook.NewCareFlowTest
INSTRUMENTATION_STATUS: current=5
INSTRUMENTATION_STATUS: id=AndroidJUnitRunner
INSTRUMENTATION_STATUS: numtests=8
INSTRUMENTATION_STATUS: stream=.
INSTRUMENTATION_STATUS: test=unsavedUnlinkCannotReplenishSupplies
INSTRUMENTATION_STATUS_CODE: 0
INSTRUMENTATION_STATUS: class=com.nothatcher.sproutbook.NewCareFlowTest
INSTRUMENTATION_STATUS: current=6
INSTRUMENTATION_STATUS: id=AndroidJUnitRunner
INSTRUMENTATION_STATUS: numtests=8
INSTRUMENTATION_STATUS: stream=
INSTRUMENTATION_STATUS: test=growthAddEditDelete
INSTRUMENTATION_STATUS_CODE: 1
INSTRUMENTATION_STATUS: class=com.nothatcher.sproutbook.NewCareFlowTest
INSTRUMENTATION_STATUS: current=6
INSTRUMENTATION_STATUS: id=AndroidJUnitRunner
INSTRUMENTATION_STATUS: numtests=8
INSTRUMENTATION_STATUS: stream=.
INSTRUMENTATION_STATUS: test=growthAddEditDelete
INSTRUMENTATION_STATUS_CODE: 0
INSTRUMENTATION_STATUS: class=com.nothatcher.sproutbook.NewCareFlowTest
INSTRUMENTATION_STATUS: current=7
INSTRUMENTATION_STATUS: id=AndroidJUnitRunner
INSTRUMENTATION_STATUS: numtests=8
INSTRUMENTATION_STATUS: stream=
INSTRUMENTATION_STATUS: test=noteEditsPreservePreciseAndUnknownGrowthUnits
INSTRUMENTATION_STATUS_CODE: 1
INSTRUMENTATION_STATUS: class=com.nothatcher.sproutbook.NewCareFlowTest
INSTRUMENTATION_STATUS: current=7
INSTRUMENTATION_STATUS: id=AndroidJUnitRunner
INSTRUMENTATION_STATUS: numtests=8
INSTRUMENTATION_STATUS: stream=.
INSTRUMENTATION_STATUS: test=noteEditsPreservePreciseAndUnknownGrowthUnits
INSTRUMENTATION_STATUS_CODE: 0
INSTRUMENTATION_STATUS: class=com.nothatcher.sproutbook.NewCareFlowTest
INSTRUMENTATION_STATUS: current=8
INSTRUMENTATION_STATUS: id=AndroidJUnitRunner
INSTRUMENTATION_STATUS: numtests=8
INSTRUMENTATION_STATUS: stream=
INSTRUMENTATION_STATUS: test=noteEditsPreserveUnknownGrowthUnits
INSTRUMENTATION_STATUS_CODE: 1
INSTRUMENTATION_STATUS: class=com.nothatcher.sproutbook.NewCareFlowTest
INSTRUMENTATION_STATUS: current=8
INSTRUMENTATION_STATUS: id=AndroidJUnitRunner
INSTRUMENTATION_STATUS: numtests=8
INSTRUMENTATION_STATUS: stream=.
INSTRUMENTATION_STATUS: test=noteEditsPreserveUnknownGrowthUnits
INSTRUMENTATION_STATUS_CODE: 0
INSTRUMENTATION_RESULT: stream=

Time: 385.16

OK (8 tests)


INSTRUMENTATION_CODE: -1
