INSTRUMENTATION_STATUS: class=com.nothatcher.sproutbook.EverydayFlowTest
INSTRUMENTATION_STATUS: current=1
INSTRUMENTATION_STATUS: id=AndroidJUnitRunner
INSTRUMENTATION_STATUS: numtests=8
INSTRUMENTATION_STATUS: stream=
com.nothatcher.sproutbook.EverydayFlowTest:
INSTRUMENTATION_STATUS: test=milkManualSaveDirtyDraftGuardAndUse
INSTRUMENTATION_STATUS_CODE: 1
INSTRUMENTATION_STATUS: class=com.nothatcher.sproutbook.EverydayFlowTest
INSTRUMENTATION_STATUS: current=1
INSTRUMENTATION_STATUS: id=AndroidJUnitRunner
INSTRUMENTATION_STATUS: numtests=8
INSTRUMENTATION_STATUS: stream=.
INSTRUMENTATION_STATUS: test=milkManualSaveDirtyDraftGuardAndUse
INSTRUMENTATION_STATUS_CODE: 0
INSTRUMENTATION_STATUS: class=com.nothatcher.sproutbook.EverydayFlowTest
INSTRUMENTATION_STATUS: current=2
INSTRUMENTATION_STATUS: id=AndroidJUnitRunner
INSTRUMENTATION_STATUS: numtests=8
INSTRUMENTATION_STATUS: stream=
INSTRUMENTATION_STATUS: test=routineCreateCompleteUndoEditDelete
INSTRUMENTATION_STATUS_CODE: 1
INSTRUMENTATION_STATUS: class=com.nothatcher.sproutbook.EverydayFlowTest
INSTRUMENTATION_STATUS: current=2
INSTRUMENTATION_STATUS: id=AndroidJUnitRunner
INSTRUMENTATION_STATUS: numtests=8
INSTRUMENTATION_STATUS: stream=.
INSTRUMENTATION_STATUS: test=routineCreateCompleteUndoEditDelete
INSTRUMENTATION_STATUS_CODE: 0
INSTRUMENTATION_STATUS: class=com.nothatcher.sproutbook.EverydayFlowTest
INSTRUMENTATION_STATUS: current=3
INSTRUMENTATION_STATUS: id=AndroidJUnitRunner
INSTRUMENTATION_STATUS: numtests=8
INSTRUMENTATION_STATUS: stream=
INSTRUMENTATION_STATUS: test=pumpLinkAndCaregiverGuards
INSTRUMENTATION_STATUS_CODE: 1
INSTRUMENTATION_STATUS: class=com.nothatcher.sproutbook.EverydayFlowTest
INSTRUMENTATION_STATUS: current=3
INSTRUMENTATION_STATUS: id=AndroidJUnitRunner
INSTRUMENTATION_STATUS: numtests=8
INSTRUMENTATION_STATUS: stream=.
INSTRUMENTATION_STATUS: test=pumpLinkAndCaregiverGuards
INSTRUMENTATION_STATUS_CODE: 0
INSTRUMENTATION_STATUS: class=com.nothatcher.sproutbook.EverydayFlowTest
INSTRUMENTATION_STATUS: current=4
INSTRUMENTATION_STATUS: id=AndroidJUnitRunner
INSTRUMENTATION_STATUS: numtests=8
INSTRUMENTATION_STATUS: stream=
INSTRUMENTATION_STATUS: test=newToolsSwitchChildAndStayReadOnly
INSTRUMENTATION_STATUS_CODE: 1
INSTRUMENTATION_STATUS: class=com.nothatcher.sproutbook.EverydayFlowTest
INSTRUMENTATION_STATUS: current=4
INSTRUMENTATION_STATUS: id=AndroidJUnitRunner
INSTRUMENTATION_STATUS: numtests=8
INSTRUMENTATION_STATUS: stack=java.lang.AssertionError: Failed: assertDoesNotExist.
Reason: Did not expect any node but found '1' node that satisfies: (Text + InputText + EditableText contains 'Willow routine' (ignoreCase: false))
Node found:
Node #1430 at (l=38.0, t=528.0, r=322.0, b=604.0)px
Focused = 'false'
Text = '[Willow routine, Any time, ›]'
Actions = [ClearTextSubstitution, GetTextLayoutResult, OnClick, RequestFocus, SetTextSubstitution, ShowTextSubstitution]
MergeDescendants = 'true'
Has 2 siblings

	at androidx.compose.ui.test.SemanticsNodeInteraction.assertDoesNotExist(SemanticsNodeInteraction.kt:101)
	at com.nothatcher.sproutbook.EverydayFlowTest.newToolsSwitchChildAndStayReadOnly(EverydayFlowTest.kt:136)

INSTRUMENTATION_STATUS: stream=
Error in newToolsSwitchChildAndStayReadOnly(com.nothatcher.sproutbook.EverydayFlowTest):
java.lang.AssertionError: Failed: assertDoesNotExist.
Reason: Did not expect any node but found '1' node that satisfies: (Text + InputText + EditableText contains 'Willow routine' (ignoreCase: false))
Node found:
Node #1430 at (l=38.0, t=528.0, r=322.0, b=604.0)px
Focused = 'false'
Text = '[Willow routine, Any time, ›]'
Actions = [ClearTextSubstitution, GetTextLayoutResult, OnClick, RequestFocus, SetTextSubstitution, ShowTextSubstitution]
MergeDescendants = 'true'
Has 2 siblings

	at androidx.compose.ui.test.SemanticsNodeInteraction.assertDoesNotExist(SemanticsNodeInteraction.kt:101)
	at com.nothatcher.sproutbook.EverydayFlowTest.newToolsSwitchChildAndStayReadOnly(EverydayFlowTest.kt:136)

INSTRUMENTATION_STATUS: test=newToolsSwitchChildAndStayReadOnly
INSTRUMENTATION_STATUS_CODE: -2
INSTRUMENTATION_STATUS: class=com.nothatcher.sproutbook.EverydayFlowTest
INSTRUMENTATION_STATUS: current=5
INSTRUMENTATION_STATUS: id=AndroidJUnitRunner
INSTRUMENTATION_STATUS: numtests=8
INSTRUMENTATION_STATUS: stream=
INSTRUMENTATION_STATUS: test=pottyQuickLogAndManualEditDelete
INSTRUMENTATION_STATUS_CODE: 1
INSTRUMENTATION_STATUS: class=com.nothatcher.sproutbook.EverydayFlowTest
INSTRUMENTATION_STATUS: current=5
INSTRUMENTATION_STATUS: id=AndroidJUnitRunner
INSTRUMENTATION_STATUS: numtests=8
INSTRUMENTATION_STATUS: stream=.
INSTRUMENTATION_STATUS: test=pottyQuickLogAndManualEditDelete
INSTRUMENTATION_STATUS_CODE: 0
INSTRUMENTATION_STATUS: class=com.nothatcher.sproutbook.EverydayHomeFlowTest
INSTRUMENTATION_STATUS: current=6
INSTRUMENTATION_STATUS: id=AndroidJUnitRunner
INSTRUMENTATION_STATUS: numtests=8
INSTRUMENTATION_STATUS: stream=
com.nothatcher.sproutbook.EverydayHomeFlowTest:
INSTRUMENTATION_STATUS: test=todayOpensLiveRoutineMilkAndToddlerJournal
INSTRUMENTATION_STATUS_CODE: 1
INSTRUMENTATION_STATUS: class=com.nothatcher.sproutbook.EverydayHomeFlowTest
INSTRUMENTATION_STATUS: current=6
INSTRUMENTATION_STATUS: id=AndroidJUnitRunner
INSTRUMENTATION_STATUS: numtests=8
INSTRUMENTATION_STATUS: stream=.
INSTRUMENTATION_STATUS: test=todayOpensLiveRoutineMilkAndToddlerJournal
INSTRUMENTATION_STATUS_CODE: 0
INSTRUMENTATION_STATUS: class=com.nothatcher.sproutbook.EverydaySecondaryFlowTest
INSTRUMENTATION_STATUS: current=7
INSTRUMENTATION_STATUS: id=AndroidJUnitRunner
INSTRUMENTATION_STATUS: numtests=8
INSTRUMENTATION_STATUS: stream=
com.nothatcher.sproutbook.EverydaySecondaryFlowTest:
INSTRUMENTATION_STATUS: test=pausedRoutineRetainsUndoAndHistory
INSTRUMENTATION_STATUS_CODE: 1
INSTRUMENTATION_STATUS: class=com.nothatcher.sproutbook.EverydaySecondaryFlowTest
INSTRUMENTATION_STATUS: current=7
INSTRUMENTATION_STATUS: id=AndroidJUnitRunner
INSTRUMENTATION_STATUS: numtests=8
INSTRUMENTATION_STATUS: stream=.
INSTRUMENTATION_STATUS: test=pausedRoutineRetainsUndoAndHistory
INSTRUMENTATION_STATUS_CODE: 0
INSTRUMENTATION_STATUS: class=com.nothatcher.sproutbook.EverydaySecondaryFlowTest
INSTRUMENTATION_STATUS: current=8
INSTRUMENTATION_STATUS: id=AndroidJUnitRunner
INSTRUMENTATION_STATUS: numtests=8
INSTRUMENTATION_STATUS: stream=
INSTRUMENTATION_STATUS: test=milkDiscardHistoryNotesAndDelete
INSTRUMENTATION_STATUS_CODE: 1
INSTRUMENTATION_STATUS: class=com.nothatcher.sproutbook.EverydaySecondaryFlowTest
INSTRUMENTATION_STATUS: current=8
INSTRUMENTATION_STATUS: id=AndroidJUnitRunner
INSTRUMENTATION_STATUS: numtests=8
INSTRUMENTATION_STATUS: stream=.
INSTRUMENTATION_STATUS: test=milkDiscardHistoryNotesAndDelete
INSTRUMENTATION_STATUS_CODE: 0
INSTRUMENTATION_RESULT: stream=

Time: 478.404
There was 1 failure:
1) newToolsSwitchChildAndStayReadOnly(com.nothatcher.sproutbook.EverydayFlowTest)
java.lang.AssertionError: Failed: assertDoesNotExist.
Reason: Did not expect any node but found '1' node that satisfies: (Text + InputText + EditableText contains 'Willow routine' (ignoreCase: false))
Node found:
Node #1430 at (l=38.0, t=528.0, r=322.0, b=604.0)px
Focused = 'false'
Text = '[Willow routine, Any time, ›]'
Actions = [ClearTextSubstitution, GetTextLayoutResult, OnClick, RequestFocus, SetTextSubstitution, ShowTextSubstitution]
MergeDescendants = 'true'
Has 2 siblings

	at androidx.compose.ui.test.SemanticsNodeInteraction.assertDoesNotExist(SemanticsNodeInteraction.kt:101)
	at com.nothatcher.sproutbook.EverydayFlowTest.newToolsSwitchChildAndStayReadOnly(EverydayFlowTest.kt:136)

FAILURES!!!
Tests run: 8,  Failures: 1


INSTRUMENTATION_CODE: -1
