INSTRUMENTATION_STATUS: class=com.nothatcher.sproutbook.EverydayFlowTest
INSTRUMENTATION_STATUS: current=1
INSTRUMENTATION_STATUS: id=AndroidJUnitRunner
INSTRUMENTATION_STATUS: numtests=5
INSTRUMENTATION_STATUS: stream=
com.nothatcher.sproutbook.EverydayFlowTest:
INSTRUMENTATION_STATUS: test=milkManualSaveDirtyDraftGuardAndUse
INSTRUMENTATION_STATUS_CODE: 1
INSTRUMENTATION_STATUS: class=com.nothatcher.sproutbook.EverydayFlowTest
INSTRUMENTATION_STATUS: current=1
INSTRUMENTATION_STATUS: id=AndroidJUnitRunner
INSTRUMENTATION_STATUS: numtests=5
INSTRUMENTATION_STATUS: stack=androidx.compose.ui.test.ComposeTimeoutException: Condition still not satisfied after 15000 ms
	at androidx.compose.ui.test.AndroidComposeUiTestEnvironment$AndroidComposeUiTestImpl.waitUntil(ComposeUiTest.android.kt:504)
	at androidx.compose.ui.test.junit4.AndroidComposeTestRule.waitUntil(AndroidComposeTestRule.android.kt:339)
	at com.nothatcher.sproutbook.EverydayFlowTest.awaitMessageClosed(EverydayFlowTest.kt:17)
	at com.nothatcher.sproutbook.EverydayFlowTest.milkManualSaveDirtyDraftGuardAndUse(EverydayFlowTest.kt:75)

INSTRUMENTATION_STATUS: stream=
Error in milkManualSaveDirtyDraftGuardAndUse(com.nothatcher.sproutbook.EverydayFlowTest):
androidx.compose.ui.test.ComposeTimeoutException: Condition still not satisfied after 15000 ms
	at androidx.compose.ui.test.AndroidComposeUiTestEnvironment$AndroidComposeUiTestImpl.waitUntil(ComposeUiTest.android.kt:504)
	at androidx.compose.ui.test.junit4.AndroidComposeTestRule.waitUntil(AndroidComposeTestRule.android.kt:339)
	at com.nothatcher.sproutbook.EverydayFlowTest.awaitMessageClosed(EverydayFlowTest.kt:17)
	at com.nothatcher.sproutbook.EverydayFlowTest.milkManualSaveDirtyDraftGuardAndUse(EverydayFlowTest.kt:75)

INSTRUMENTATION_STATUS: test=milkManualSaveDirtyDraftGuardAndUse
INSTRUMENTATION_STATUS_CODE: -2
INSTRUMENTATION_STATUS: class=com.nothatcher.sproutbook.EverydayFlowTest
INSTRUMENTATION_STATUS: current=2
INSTRUMENTATION_STATUS: id=AndroidJUnitRunner
INSTRUMENTATION_STATUS: numtests=5
INSTRUMENTATION_STATUS: stream=
INSTRUMENTATION_STATUS: test=routineCreateCompleteUndoEditDelete
INSTRUMENTATION_STATUS_CODE: 1
INSTRUMENTATION_STATUS: class=com.nothatcher.sproutbook.EverydayFlowTest
INSTRUMENTATION_STATUS: current=2
INSTRUMENTATION_STATUS: id=AndroidJUnitRunner
INSTRUMENTATION_STATUS: numtests=5
INSTRUMENTATION_STATUS: stack=androidx.compose.ui.test.ComposeTimeoutException: Condition still not satisfied after 15000 ms
	at androidx.compose.ui.test.AndroidComposeUiTestEnvironment$AndroidComposeUiTestImpl.waitUntil(ComposeUiTest.android.kt:504)
	at androidx.compose.ui.test.junit4.AndroidComposeTestRule.waitUntil(AndroidComposeTestRule.android.kt:339)
	at com.nothatcher.sproutbook.EverydayFlowTest.awaitMessageClosed(EverydayFlowTest.kt:17)
	at com.nothatcher.sproutbook.EverydayFlowTest.routineCreateCompleteUndoEditDelete(EverydayFlowTest.kt:31)

INSTRUMENTATION_STATUS: stream=
Error in routineCreateCompleteUndoEditDelete(com.nothatcher.sproutbook.EverydayFlowTest):
androidx.compose.ui.test.ComposeTimeoutException: Condition still not satisfied after 15000 ms
	at androidx.compose.ui.test.AndroidComposeUiTestEnvironment$AndroidComposeUiTestImpl.waitUntil(ComposeUiTest.android.kt:504)
	at androidx.compose.ui.test.junit4.AndroidComposeTestRule.waitUntil(AndroidComposeTestRule.android.kt:339)
	at com.nothatcher.sproutbook.EverydayFlowTest.awaitMessageClosed(EverydayFlowTest.kt:17)
	at com.nothatcher.sproutbook.EverydayFlowTest.routineCreateCompleteUndoEditDelete(EverydayFlowTest.kt:31)

INSTRUMENTATION_STATUS: test=routineCreateCompleteUndoEditDelete
INSTRUMENTATION_STATUS_CODE: -2
INSTRUMENTATION_STATUS: class=com.nothatcher.sproutbook.EverydayFlowTest
INSTRUMENTATION_STATUS: current=3
INSTRUMENTATION_STATUS: id=AndroidJUnitRunner
INSTRUMENTATION_STATUS: numtests=5
INSTRUMENTATION_STATUS: stream=
INSTRUMENTATION_STATUS: test=pumpLinkAndCaregiverGuards
INSTRUMENTATION_STATUS_CODE: 1
INSTRUMENTATION_STATUS: class=com.nothatcher.sproutbook.EverydayFlowTest
INSTRUMENTATION_STATUS: current=3
INSTRUMENTATION_STATUS: id=AndroidJUnitRunner
INSTRUMENTATION_STATUS: numtests=5
INSTRUMENTATION_STATUS: stream=.
INSTRUMENTATION_STATUS: test=pumpLinkAndCaregiverGuards
INSTRUMENTATION_STATUS_CODE: 0
INSTRUMENTATION_STATUS: class=com.nothatcher.sproutbook.EverydayFlowTest
INSTRUMENTATION_STATUS: current=4
INSTRUMENTATION_STATUS: id=AndroidJUnitRunner
INSTRUMENTATION_STATUS: numtests=5
INSTRUMENTATION_STATUS: stream=
INSTRUMENTATION_STATUS: test=newToolsSwitchChildAndStayReadOnly
INSTRUMENTATION_STATUS_CODE: 1
INSTRUMENTATION_STATUS: class=com.nothatcher.sproutbook.EverydayFlowTest
INSTRUMENTATION_STATUS: current=4
INSTRUMENTATION_STATUS: id=AndroidJUnitRunner
INSTRUMENTATION_STATUS: numtests=5
INSTRUMENTATION_STATUS: stream=.
INSTRUMENTATION_STATUS: test=newToolsSwitchChildAndStayReadOnly
INSTRUMENTATION_STATUS_CODE: 0
INSTRUMENTATION_STATUS: class=com.nothatcher.sproutbook.EverydayFlowTest
INSTRUMENTATION_STATUS: current=5
INSTRUMENTATION_STATUS: id=AndroidJUnitRunner
INSTRUMENTATION_STATUS: numtests=5
INSTRUMENTATION_STATUS: stream=
INSTRUMENTATION_STATUS: test=pottyQuickLogAndManualEditDelete
INSTRUMENTATION_STATUS_CODE: 1
INSTRUMENTATION_STATUS: class=com.nothatcher.sproutbook.EverydayFlowTest
INSTRUMENTATION_STATUS: current=5
INSTRUMENTATION_STATUS: id=AndroidJUnitRunner
INSTRUMENTATION_STATUS: numtests=5
INSTRUMENTATION_STATUS: stream=.
INSTRUMENTATION_STATUS: test=pottyQuickLogAndManualEditDelete
INSTRUMENTATION_STATUS_CODE: 0
INSTRUMENTATION_RESULT: stream=

Time: 294.306
There were 2 failures:
1) milkManualSaveDirtyDraftGuardAndUse(com.nothatcher.sproutbook.EverydayFlowTest)
androidx.compose.ui.test.ComposeTimeoutException: Condition still not satisfied after 15000 ms
	at androidx.compose.ui.test.AndroidComposeUiTestEnvironment$AndroidComposeUiTestImpl.waitUntil(ComposeUiTest.android.kt:504)
	at androidx.compose.ui.test.junit4.AndroidComposeTestRule.waitUntil(AndroidComposeTestRule.android.kt:339)
	at com.nothatcher.sproutbook.EverydayFlowTest.awaitMessageClosed(EverydayFlowTest.kt:17)
	at com.nothatcher.sproutbook.EverydayFlowTest.milkManualSaveDirtyDraftGuardAndUse(EverydayFlowTest.kt:75)
2) routineCreateCompleteUndoEditDelete(com.nothatcher.sproutbook.EverydayFlowTest)
androidx.compose.ui.test.ComposeTimeoutException: Condition still not satisfied after 15000 ms
	at androidx.compose.ui.test.AndroidComposeUiTestEnvironment$AndroidComposeUiTestImpl.waitUntil(ComposeUiTest.android.kt:504)
	at androidx.compose.ui.test.junit4.AndroidComposeTestRule.waitUntil(AndroidComposeTestRule.android.kt:339)
	at com.nothatcher.sproutbook.EverydayFlowTest.awaitMessageClosed(EverydayFlowTest.kt:17)
	at com.nothatcher.sproutbook.EverydayFlowTest.routineCreateCompleteUndoEditDelete(EverydayFlowTest.kt:31)

FAILURES!!!
Tests run: 5,  Failures: 2


INSTRUMENTATION_CODE: -1
