INSTRUMENTATION_STATUS: class=com.nothatcher.sproutbook.EverydayFlowTest
INSTRUMENTATION_STATUS: current=1
INSTRUMENTATION_STATUS: id=AndroidJUnitRunner
INSTRUMENTATION_STATUS: numtests=1
INSTRUMENTATION_STATUS: stream=
com.nothatcher.sproutbook.EverydayFlowTest:
INSTRUMENTATION_STATUS: test=routineCreateCompleteUndoEditDelete
INSTRUMENTATION_STATUS_CODE: 1
INSTRUMENTATION_STATUS: class=com.nothatcher.sproutbook.EverydayFlowTest
INSTRUMENTATION_STATUS: current=1
INSTRUMENTATION_STATUS: id=AndroidJUnitRunner
INSTRUMENTATION_STATUS: numtests=1
INSTRUMENTATION_STATUS: stack=java.lang.AssertionError: No node found that matches Text + InputText + EditableText contains 'Routines & responsibilities' (ignoreCase: false) in scrollable container
Semantics of the node:
Node #104 at (l=0.0, t=92.0, r=360.0, b=672.0)px
CollectionInfo = 'androidx.compose.ui.semantics.CollectionInfo@cf82652'
IsTraversalGroup = 'true'
VerticalScrollAxisRange = 'ScrollAxisRange(value=5096.0, maxValue=5096.0, reverseScrolling=false)'
Actions = [GetScrollViewportLength, IndexForKey, ScrollBy, ScrollByOffset, ScrollToIndex]
Has 7 children, 3 siblings
Selector used: (ScrollToIndex is defined)

	at androidx.compose.ui.test.ActionsKt.performScrollToNode(Actions.kt:261)
	at com.nothatcher.sproutbook.FlowFixture.pageClick(FeatureFlowTest.kt:34)
	at com.nothatcher.sproutbook.FlowFixture.care(FeatureFlowTest.kt:41)
	at com.nothatcher.sproutbook.EverydayFlowTest.routineCreateCompleteUndoEditDelete(EverydayFlowTest.kt:13)

INSTRUMENTATION_STATUS: stream=
Error in routineCreateCompleteUndoEditDelete(com.nothatcher.sproutbook.EverydayFlowTest):
java.lang.AssertionError: No node found that matches Text + InputText + EditableText contains 'Routines & responsibilities' (ignoreCase: false) in scrollable container
Semantics of the node:
Node #104 at (l=0.0, t=92.0, r=360.0, b=672.0)px
CollectionInfo = 'androidx.compose.ui.semantics.CollectionInfo@cf82652'
IsTraversalGroup = 'true'
VerticalScrollAxisRange = 'ScrollAxisRange(value=5096.0, maxValue=5096.0, reverseScrolling=false)'
Actions = [GetScrollViewportLength, IndexForKey, ScrollBy, ScrollByOffset, ScrollToIndex]
Has 7 children, 3 siblings
Selector used: (ScrollToIndex is defined)

	at androidx.compose.ui.test.ActionsKt.performScrollToNode(Actions.kt:261)
	at com.nothatcher.sproutbook.FlowFixture.pageClick(FeatureFlowTest.kt:34)
	at com.nothatcher.sproutbook.FlowFixture.care(FeatureFlowTest.kt:41)
	at com.nothatcher.sproutbook.EverydayFlowTest.routineCreateCompleteUndoEditDelete(EverydayFlowTest.kt:13)

INSTRUMENTATION_STATUS: test=routineCreateCompleteUndoEditDelete
INSTRUMENTATION_STATUS_CODE: -2
INSTRUMENTATION_RESULT: stream=

Time: 47.133
There was 1 failure:
1) routineCreateCompleteUndoEditDelete(com.nothatcher.sproutbook.EverydayFlowTest)
java.lang.AssertionError: No node found that matches Text + InputText + EditableText contains 'Routines & responsibilities' (ignoreCase: false) in scrollable container
Semantics of the node:
Node #104 at (l=0.0, t=92.0, r=360.0, b=672.0)px
CollectionInfo = 'androidx.compose.ui.semantics.CollectionInfo@cf82652'
IsTraversalGroup = 'true'
VerticalScrollAxisRange = 'ScrollAxisRange(value=5096.0, maxValue=5096.0, reverseScrolling=false)'
Actions = [GetScrollViewportLength, IndexForKey, ScrollBy, ScrollByOffset, ScrollToIndex]
Has 7 children, 3 siblings
Selector used: (ScrollToIndex is defined)

	at androidx.compose.ui.test.ActionsKt.performScrollToNode(Actions.kt:261)
	at com.nothatcher.sproutbook.FlowFixture.pageClick(FeatureFlowTest.kt:34)
	at com.nothatcher.sproutbook.FlowFixture.care(FeatureFlowTest.kt:41)
	at com.nothatcher.sproutbook.EverydayFlowTest.routineCreateCompleteUndoEditDelete(EverydayFlowTest.kt:13)

FAILURES!!!
Tests run: 1,  Failures: 1


INSTRUMENTATION_CODE: -1
